---
source: tests/common/mod.rs
expression: funcspace_struct
---
name: "[filepath]"
start_line: 1
end_line: 63
kind: unit
spaces:
  - name: util
    start_line: 6
    end_line: 63
    kind: namespace
    spaces:
      - name: ~
        start_line: 7
        end_line: 62
        kind: namespace
        spaces:
          - name: BOOST_AUTO_TEST_CASE
            start_line: 9
            end_line: 14
            kind: function
            spaces: []
            metrics:
              nargs:
                total_functions: 1
                total_closures: 0
                average_functions: 1
                average_closures: 0
                total: 1
                average: 1
                functions_min: 1
                functions_max: 1
                closures_min: 0
                closures_max: 0
              nexits:
                sum: 0
                average: 0
                min: 0
                max: 0
              cognitive:
                sum: 0
                average: 0
                min: 0
                max: 0
              cyclomatic:
                sum: 1
                average: 1
                min: 1
                max: 1
              halstead:
                n1: 11
                N1: 35
                n2: 10
                N2: 15
                length: 50
                estimated_program_length: 71.273
                purity_ratio: 1.425
                vocabulary: 21
                volume: 219.616
                difficulty: 8.25
                level: 0.121
                effort: 1811.831
                time: 100.657
                bugs: 0.05
              loc:
                sloc: 6
                ploc: 5
                lloc: 3
                cloc: 0
                blank: 1
                sloc_average: 6
                ploc_average: 5
                lloc_average: 3
                cloc_average: 0
                blank_average: 1
                sloc_min: 6
                sloc_max: 6
                cloc_min: 0
                cloc_max: 0
                ploc_min: 5
                ploc_max: 5
                lloc_min: 3
                lloc_max: 3
                blank_min: 1
                blank_max: 1
              nom:
                functions: 1
                closures: 0
                functions_average: 1
                closures_average: 0
                total: 1
                average: 1
                functions_min: 1
                functions_max: 1
                closures_min: 0
                closures_max: 0
              mi:
                mi_original: 113.706
                mi_sei: 88.444
                mi_visual_studio: 66.495
              abc:
                assignments: 0
                branches: 0
                conditions: 0
                magnitude: 0
                assignments_average: 0
                branches_average: 0
                conditions_average: 0
                assignments_min: 0
                assignments_max: 0
                branches_min: 0
                branches_max: 0
                conditions_min: 0
                conditions_max: 0
          - name: BOOST_AUTO_TEST_CASE
            start_line: 16
            end_line: 28
            kind: function
            spaces: []
            metrics:
              nargs:
                total_functions: 1
                total_closures: 0
                average_functions: 1
                average_closures: 0
                total: 1
                average: 1
                functions_min: 1
                functions_max: 1
                closures_min: 0
                closures_max: 0
              nexits:
                sum: 0
                average: 0
                min: 0
                max: 0
              cognitive:
                sum: 0
                average: 0
                min: 0
                max: 0
              cyclomatic:
                sum: 1
                average: 1
                min: 1
                max: 1
              halstead:
                n1: 10
                N1: 48
                n2: 17
                N2: 31
                length: 79
                estimated_program_length: 102.706
                purity_ratio: 1.3
                vocabulary: 27
                volume: 375.636
                difficulty: 9.118
                level: 0.11
                effort: 3424.917
                time: 190.273
                bugs: 0.076
              loc:
                sloc: 13
                ploc: 11
                lloc: 9
                cloc: 0
                blank: 2
                sloc_average: 13
                ploc_average: 11
                lloc_average: 9
                cloc_average: 0
                blank_average: 2
                sloc_min: 13
                sloc_max: 13
                cloc_min: 0
                cloc_max: 0
                ploc_min: 11
                ploc_max: 11
                lloc_min: 9
                lloc_max: 9
                blank_min: 2
                blank_max: 2
              nom:
                functions: 1
                closures: 0
                functions_average: 1
                closures_average: 0
                total: 1
                average: 1
                functions_min: 1
                functions_max: 1
                closures_min: 0
                closures_max: 0
              mi:
                mi_original: 98.389
                mi_sei: 66.346
                mi_visual_studio: 57.537
              abc:
                assignments: 0
                branches: 0
                conditions: 0
                magnitude: 0
                assignments_average: 0
                branches_average: 0
                conditions_average: 0
                assignments_min: 0
                assignments_max: 0
                branches_min: 0
                branches_max: 0
                conditions_min: 0
                conditions_max: 0
          - name: RangeFromArray
            start_line: 30
            end_line: 32
            kind: function
            spaces: []
            metrics:
              nargs:
                total_functions: 1
                total_closures: 0
                average_functions: 1
                average_closures: 0
                total: 1
                average: 1
                functions_min: 1
                functions_max: 1
                closures_min: 0
                closures_max: 0
              nexits:
                sum: 1
                average: 1
                min: 1
                max: 1
              cognitive:
                sum: 0
                average: 0
                min: 0
                max: 0
              cyclomatic:
                sum: 1
                average: 1
                min: 1
                max: 1
              halstead:
                n1: 12
                N1: 18
                n2: 5
                N2: 11
                length: 29
                estimated_program_length: 54.629
                purity_ratio: 1.884
                vocabulary: 17
                volume: 118.536
                difficulty: 13.2
                level: 0.076
                effort: 1564.681
                time: 86.927
                bugs: 0.045
              loc:
                sloc: 3
                ploc: 3
                lloc: 1
                cloc: 0
                blank: 0
                sloc_average: 3
                ploc_average: 3
                lloc_average: 1
                cloc_average: 0
                blank_average: 0
                sloc_min: 3
                sloc_max: 3
                cloc_min: 0
                cloc_max: 0
                ploc_min: 3
                ploc_max: 3
                lloc_min: 1
                lloc_max: 1
                blank_min: 0
                blank_max: 0
              nom:
                functions: 1
                closures: 0
                functions_average: 1
                closures_average: 0
                total: 1
                average: 1
                functions_min: 1
                functions_max: 1
                closures_min: 0
                closures_max: 0
              mi:
                mi_original: 128.141
                mi_sei: 109.27
                mi_visual_studio: 74.936
              abc:
                assignments: 0
                branches: 0
                conditions: 0
                magnitude: 0
                assignments_average: 0
                branches_average: 0
                conditions_average: 0
                assignments_min: 0
                assignments_max: 0
                branches_min: 0
                branches_max: 0
                conditions_min: 0
                conditions_max: 0
          - name: BOOST_AUTO_TEST_CASE
            start_line: 34
            end_line: 45
            kind: function
            spaces: []
            metrics:
              nargs:
                total_functions: 1
                total_closures: 0
                average_functions: 1
                average_closures: 0
                total: 1
                average: 1
                functions_min: 1
                functions_max: 1
                closures_min: 0
                closures_max: 0
              nexits:
                sum: 0
                average: 0
                min: 0
                max: 0
              cognitive:
                sum: 0
                average: 0
                min: 0
                max: 0
              cyclomatic:
                sum: 1
                average: 1
                min: 1
                max: 1
              halstead:
                n1: 13
                N1: 48
                n2: 20
                N2: 32
                length: 80
                estimated_program_length: 134.544
                purity_ratio: 1.682
                vocabulary: 33
                volume: 403.552
                difficulty: 10.4
                level: 0.096
                effort: 4196.936
                time: 233.163
                bugs: 0.087
              loc:
                sloc: 12
                ploc: 10
                lloc: 8
                cloc: 0
                blank: 2
                sloc_average: 12
                ploc_average: 10
                lloc_average: 8
                cloc_average: 0
                blank_average: 2
                sloc_min: 12
                sloc_max: 12
                cloc_min: 0
                cloc_max: 0
                ploc_min: 10
                ploc_max: 10
                lloc_min: 8
                lloc_max: 8
                blank_min: 2
                blank_max: 2
              nom:
                functions: 1
                closures: 0
                functions_average: 1
                closures_average: 0
                total: 1
                average: 1
                functions_min: 1
                functions_max: 1
                closures_min: 0
                closures_max: 0
              mi:
                mi_original: 99.313
                mi_sei: 67.679
                mi_visual_studio: 58.078
              abc:
                assignments: 0
                branches: 0
                conditions: 0
                magnitude: 0
                assignments_average: 0
                branches_average: 0
                conditions_average: 0
                assignments_min: 0
                assignments_max: 0
                branches_min: 0
                branches_max: 0
                conditions_min: 0
                conditions_max: 0
          - name: BOOST_AUTO_TEST_CASE
            start_line: 47
            end_line: 60
            kind: function
            spaces: []
            metrics:
              nargs:
                total_functions: 1
                total_closures: 0
                average_functions: 1
                average_closures: 0
                total: 1
                average: 1
                functions_min: 1
                functions_max: 1
                closures_min: 0
                closures_max: 0
              nexits:
                sum: 0
                average: 0
                min: 0
                max: 0
              cognitive:
                sum: 0
                average: 0
                min: 0
                max: 0
              cyclomatic:
                sum: 1
                average: 1
                min: 1
                max: 1
              halstead:
                n1: 12
                N1: 63
                n2: 24
                N2: 41
                length: 104
                estimated_program_length: 153.059
                purity_ratio: 1.472
                vocabulary: 36
                volume: 537.672
                difficulty: 10.25
                level: 0.098
                effort: 5511.14
                time: 306.174
                bugs: 0.104
              loc:
                sloc: 14
                ploc: 12
                lloc: 10
                cloc: 0
                blank: 2
                sloc_average: 14
                ploc_average: 12
                lloc_average: 10
                cloc_average: 0
                blank_average: 2
                sloc_min: 14
                sloc_max: 14
                cloc_min: 0
                cloc_max: 0
                ploc_min: 12
                ploc_max: 12
                lloc_min: 10
                lloc_max: 10
                blank_min: 2
                blank_max: 2
              nom:
                functions: 1
                closures: 0
                functions_average: 1
                closures_average: 0
                total: 1
                average: 1
                functions_min: 1
                functions_max: 1
                closures_min: 0
                closures_max: 0
              mi:
                mi_original: 95.324
                mi_sei: 61.924
                mi_visual_studio: 55.745
              abc:
                assignments: 0
                branches: 0
                conditions: 0
                magnitude: 0
                assignments_average: 0
                branches_average: 0
                conditions_average: 0
                assignments_min: 0
                assignments_max: 0
                branches_min: 0
                branches_max: 0
                conditions_min: 0
                conditions_max: 0
        metrics:
          nargs:
            total_functions: 5
            total_closures: 0
            average_functions: 1
            average_closures: 0
            total: 5
            average: 1
            functions_min: 0
            functions_max: 1
            closures_min: 0
            closures_max: 0
          nexits:
            sum: 1
            average: 0.2
            min: 0
            max: 1
          cognitive:
            sum: 0
            average: 0
            min: 0
            max: 0
          cyclomatic:
            sum: 6
            average: 1
            min: 1
            max: 1
          halstead:
            n1: 16
            N1: 217
            n2: 35
            N2: 132
            length: 349
            estimated_program_length: 243.525
            purity_ratio: 0.698
            vocabulary: 51
            volume: 1979.676
            difficulty: 30.171
            level: 0.033
            effort: 59729.666
            time: 3318.315
            bugs: 0.509
          loc:
            sloc: 56
            ploc: 43
            lloc: 31
            cloc: 0
            blank: 13
            sloc_average: 9.333
            ploc_average: 7.167
            lloc_average: 5.167
            cloc_average: 0
            blank_average: 2.167
            sloc_min: 3
            sloc_max: 14
            cloc_min: 0
            cloc_max: 0
            ploc_min: 3
            ploc_max: 12
            lloc_min: 1
            lloc_max: 10
            blank_min: 0
            blank_max: 2
          nom:
            functions: 5
            closures: 0
            functions_average: 0.833
            closures_average: 0
            total: 5
            average: 0.833
            functions_min: 0
            functions_max: 1
            closures_min: 0
            closures_max: 0
          mi:
            mi_original: 64.938
            mi_sei: 18.595
            mi_visual_studio: 37.975
          abc:
            assignments: 0
            branches: 0
            conditions: 0
            magnitude: 0
            assignments_average: 0
            branches_average: 0
            conditions_average: 0
            assignments_min: 0
            assignments_max: 0
            branches_min: 0
            branches_max: 0
            conditions_min: 0
            conditions_max: 0
    metrics:
      nargs:
        total_functions: 5
        total_closures: 0
        average_functions: 1
        average_closures: 0
        total: 5
        average: 1
        functions_min: 0
        functions_max: 1
        closures_min: 0
        closures_max: 0
      nexits:
        sum: 1
        average: 0.2
        min: 0
        max: 1
      cognitive:
        sum: 0
        average: 0
        min: 0
        max: 0
      cyclomatic:
        sum: 7
        average: 1
        min: 1
        max: 1
      halstead:
        n1: 16
        N1: 218
        n2: 36
        N2: 133
        length: 351
        estimated_program_length: 250.117
        purity_ratio: 0.713
        vocabulary: 52
        volume: 2000.854
        difficulty: 29.556
        level: 0.034
        effort: 59136.362
        time: 3285.353
        bugs: 0.506
      loc:
        sloc: 58
        ploc: 45
        lloc: 31
        cloc: 1
        blank: 13
        sloc_average: 8.286
        ploc_average: 6.429
        lloc_average: 4.429
        cloc_average: 0.143
        blank_average: 1.857
        sloc_min: 56
        sloc_max: 56
        cloc_min: 0
        cloc_max: 0
        ploc_min: 43
        ploc_max: 43
        lloc_min: 31
        lloc_max: 31
        blank_min: 13
        blank_max: 13
      nom:
        functions: 5
        closures: 0
        functions_average: 0.714
        closures_average: 0
        total: 5
        average: 0.714
        functions_min: 0
        functions_max: 1
        closures_min: 0
        closures_max: 0
      mi:
        mi_original: 64.084
        mi_sei: 27.566
        mi_visual_studio: 37.476
      abc:
        assignments: 0
        branches: 0
        conditions: 0
        magnitude: 0
        assignments_average: 0
        branches_average: 0
        conditions_average: 0
        assignments_min: 0
        assignments_max: 0
        branches_min: 0
        branches_max: 0
        conditions_min: 0
        conditions_max: 0
metrics:
  nargs:
    total_functions: 5
    total_closures: 0
    average_functions: 1
    average_closures: 0
    total: 5
    average: 1
    functions_min: 0
    functions_max: 1
    closures_min: 0
    closures_max: 0
  nexits:
    sum: 1
    average: 0.2
    min: 0
    max: 1
  cognitive:
    sum: 0
    average: 0
    min: 0
    max: 0
  cyclomatic:
    sum: 8
    average: 1
    min: 1
    max: 1
  halstead:
    n1: 16
    N1: 218
    n2: 38
    N2: 135
    length: 353
    estimated_program_length: 263.421
    purity_ratio: 0.746
    vocabulary: 54
    volume: 2031.475
    difficulty: 28.421
    level: 0.035
    effort: 57736.666
    time: 3207.593
    bugs: 0.498
  loc:
    sloc: 63
    ploc: 48
    lloc: 31
    cloc: 2
    blank: 15
    sloc_average: 7.875
    ploc_average: 6
    lloc_average: 3.875
    cloc_average: 0.25
    blank_average: 1.875
    sloc_min: 58
    sloc_max: 58
    cloc_min: 1
    cloc_max: 1
    ploc_min: 45
    ploc_max: 45
    lloc_min: 31
    lloc_max: 31
    blank_min: 13
    blank_max: 13
  nom:
    functions: 5
    closures: 0
    functions_average: 0.625
    closures_average: 0
    total: 5
    average: 0.625
    functions_min: 0
    functions_max: 1
    closures_min: 0
    closures_max: 0
  mi:
    mi_original: 62.435
    mi_sei: 28.816
    mi_visual_studio: 36.512
  abc:
    assignments: 0
    branches: 0
    conditions: 0
    magnitude: 0
    assignments_average: 0
    branches_average: 0
    conditions_average: 0
    assignments_min: 0
    assignments_max: 0
    branches_min: 0
    branches_max: 0
    conditions_min: 0
    conditions_max: 0

