---
source: tests/common/mod.rs
expression: funcspace_struct
---
name: "[filepath]"
start_line: 1
end_line: 81
kind: unit
spaces:
  - name: check
    start_line: 21
    end_line: 21
    kind: function
    spaces: []
    metrics:
      nargs:
        total_functions: 0
        total_closures: 0
        average_functions: 0
        average_closures: 0
        total: 0
        average: 0
        functions_min: 0
        functions_max: 0
        closures_min: 0
        closures_max: 0
      nexits:
        sum: 0
        average: 0
        min: 0
        max: 0
      cognitive:
        sum: 0
        average: 0
        min: 0
        max: 0
      cyclomatic:
        sum: 1
        average: 1
        min: 1
        max: 1
      halstead:
        n1: 2
        N1: 2
        n2: 4
        N2: 5
        length: 7
        estimated_program_length: 10
        purity_ratio: 1.429
        vocabulary: 6
        volume: 18.095
        difficulty: 1.25
        level: 0.8
        effort: 22.618
        time: 1.257
        bugs: 0.003
      loc:
        sloc: 1
        ploc: 1
        lloc: 0
        cloc: 0
        blank: 0
        sloc_average: 1
        ploc_average: 1
        lloc_average: 0
        cloc_average: 0
        blank_average: 0
        sloc_min: 1
        sloc_max: 1
        cloc_min: 0
        cloc_max: 0
        ploc_min: 1
        ploc_max: 1
        lloc_min: 0
        lloc_max: 0
        blank_min: 0
        blank_max: 0
      nom:
        functions: 1
        closures: 0
        functions_average: 1
        closures_average: 0
        total: 1
        average: 1
        functions_min: 1
        functions_max: 1
        closures_min: 0
        closures_max: 0
      mi:
        mi_original: 155.713
        mi_sei: 149.047
        mi_visual_studio: 91.06
      abc:
        assignments: 0
        branches: 0
        conditions: 0
        magnitude: 0
        assignments_average: 0
        branches_average: 0
        conditions_average: 0
        assignments_min: 0
        assignments_max: 0
        branches_min: 0
        branches_max: 0
        conditions_min: 0
        conditions_max: 0
  - name: check
    start_line: 25
    end_line: 25
    kind: function
    spaces: []
    metrics:
      nargs:
        total_functions: 0
        total_closures: 0
        average_functions: 0
        average_closures: 0
        total: 0
        average: 0
        functions_min: 0
        functions_max: 0
        closures_min: 0
        closures_max: 0
      nexits:
        sum: 0
        average: 0
        min: 0
        max: 0
      cognitive:
        sum: 0
        average: 0
        min: 0
        max: 0
      cyclomatic:
        sum: 1
        average: 1
        min: 1
        max: 1
      halstead:
        n1: 2
        N1: 2
        n2: 4
        N2: 5
        length: 7
        estimated_program_length: 10
        purity_ratio: 1.429
        vocabulary: 6
        volume: 18.095
        difficulty: 1.25
        level: 0.8
        effort: 22.618
        time: 1.257
        bugs: 0.003
      loc:
        sloc: 1
        ploc: 1
        lloc: 0
        cloc: 0
        blank: 0
        sloc_average: 1
        ploc_average: 1
        lloc_average: 0
        cloc_average: 0
        blank_average: 0
        sloc_min: 1
        sloc_max: 1
        cloc_min: 0
        cloc_max: 0
        ploc_min: 1
        ploc_max: 1
        lloc_min: 0
        lloc_max: 0
        blank_min: 0
        blank_max: 0
      nom:
        functions: 1
        closures: 0
        functions_average: 1
        closures_average: 0
        total: 1
        average: 1
        functions_min: 1
        functions_max: 1
        closures_min: 0
        closures_max: 0
      mi:
        mi_original: 155.713
        mi_sei: 149.047
        mi_visual_studio: 91.06
      abc:
        assignments: 0
        branches: 0
        conditions: 0
        magnitude: 0
        assignments_average: 0
        branches_average: 0
        conditions_average: 0
        assignments_min: 0
        assignments_max: 0
        branches_min: 0
        branches_max: 0
        conditions_min: 0
        conditions_max: 0
  - name: check
    start_line: 29
    end_line: 29
    kind: function
    spaces: []
    metrics:
      nargs:
        total_functions: 0
        total_closures: 0
        average_functions: 0
        average_closures: 0
        total: 0
        average: 0
        functions_min: 0
        functions_max: 0
        closures_min: 0
        closures_max: 0
      nexits:
        sum: 0
        average: 0
        min: 0
        max: 0
      cognitive:
        sum: 0
        average: 0
        min: 0
        max: 0
      cyclomatic:
        sum: 1
        average: 1
        min: 1
        max: 1
      halstead:
        n1: 2
        N1: 2
        n2: 4
        N2: 5
        length: 7
        estimated_program_length: 10
        purity_ratio: 1.429
        vocabulary: 6
        volume: 18.095
        difficulty: 1.25
        level: 0.8
        effort: 22.618
        time: 1.257
        bugs: 0.003
      loc:
        sloc: 1
        ploc: 1
        lloc: 0
        cloc: 0
        blank: 0
        sloc_average: 1
        ploc_average: 1
        lloc_average: 0
        cloc_average: 0
        blank_average: 0
        sloc_min: 1
        sloc_max: 1
        cloc_min: 0
        cloc_max: 0
        ploc_min: 1
        ploc_max: 1
        lloc_min: 0
        lloc_max: 0
        blank_min: 0
        blank_max: 0
      nom:
        functions: 1
        closures: 0
        functions_average: 1
        closures_average: 0
        total: 1
        average: 1
        functions_min: 1
        functions_max: 1
        closures_min: 0
        closures_max: 0
      mi:
        mi_original: 155.713
        mi_sei: 149.047
        mi_visual_studio: 91.06
      abc:
        assignments: 0
        branches: 0
        conditions: 0
        magnitude: 0
        assignments_average: 0
        branches_average: 0
        conditions_average: 0
        assignments_min: 0
        assignments_max: 0
        branches_min: 0
        branches_max: 0
        conditions_min: 0
        conditions_max: 0
  - name: check
    start_line: 33
    end_line: 33
    kind: function
    spaces: []
    metrics:
      nargs:
        total_functions: 0
        total_closures: 0
        average_functions: 0
        average_closures: 0
        total: 0
        average: 0
        functions_min: 0
        functions_max: 0
        closures_min: 0
        closures_max: 0
      nexits:
        sum: 0
        average: 0
        min: 0
        max: 0
      cognitive:
        sum: 0
        average: 0
        min: 0
        max: 0
      cyclomatic:
        sum: 1
        average: 1
        min: 1
        max: 1
      halstead:
        n1: 2
        N1: 2
        n2: 4
        N2: 5
        length: 7
        estimated_program_length: 10
        purity_ratio: 1.429
        vocabulary: 6
        volume: 18.095
        difficulty: 1.25
        level: 0.8
        effort: 22.618
        time: 1.257
        bugs: 0.003
      loc:
        sloc: 1
        ploc: 1
        lloc: 0
        cloc: 0
        blank: 0
        sloc_average: 1
        ploc_average: 1
        lloc_average: 0
        cloc_average: 0
        blank_average: 0
        sloc_min: 1
        sloc_max: 1
        cloc_min: 0
        cloc_max: 0
        ploc_min: 1
        ploc_max: 1
        lloc_min: 0
        lloc_max: 0
        blank_min: 0
        blank_max: 0
      nom:
        functions: 1
        closures: 0
        functions_average: 1
        closures_average: 0
        total: 1
        average: 1
        functions_min: 1
        functions_max: 1
        closures_min: 0
        closures_max: 0
      mi:
        mi_original: 155.713
        mi_sei: 149.047
        mi_visual_studio: 91.06
      abc:
        assignments: 0
        branches: 0
        conditions: 0
        magnitude: 0
        assignments_average: 0
        branches_average: 0
        conditions_average: 0
        assignments_min: 0
        assignments_max: 0
        branches_min: 0
        branches_max: 0
        conditions_min: 0
        conditions_max: 0
  - name: check
    start_line: 37
    end_line: 37
    kind: function
    spaces: []
    metrics:
      nargs:
        total_functions: 0
        total_closures: 0
        average_functions: 0
        average_closures: 0
        total: 0
        average: 0
        functions_min: 0
        functions_max: 0
        closures_min: 0
        closures_max: 0
      nexits:
        sum: 0
        average: 0
        min: 0
        max: 0
      cognitive:
        sum: 0
        average: 0
        min: 0
        max: 0
      cyclomatic:
        sum: 1
        average: 1
        min: 1
        max: 1
      halstead:
        n1: 2
        N1: 2
        n2: 4
        N2: 5
        length: 7
        estimated_program_length: 10
        purity_ratio: 1.429
        vocabulary: 6
        volume: 18.095
        difficulty: 1.25
        level: 0.8
        effort: 22.618
        time: 1.257
        bugs: 0.003
      loc:
        sloc: 1
        ploc: 1
        lloc: 0
        cloc: 0
        blank: 0
        sloc_average: 1
        ploc_average: 1
        lloc_average: 0
        cloc_average: 0
        blank_average: 0
        sloc_min: 1
        sloc_max: 1
        cloc_min: 0
        cloc_max: 0
        ploc_min: 1
        ploc_max: 1
        lloc_min: 0
        lloc_max: 0
        blank_min: 0
        blank_max: 0
      nom:
        functions: 1
        closures: 0
        functions_average: 1
        closures_average: 0
        total: 1
        average: 1
        functions_min: 1
        functions_max: 1
        closures_min: 0
        closures_max: 0
      mi:
        mi_original: 155.713
        mi_sei: 149.047
        mi_visual_studio: 91.06
      abc:
        assignments: 0
        branches: 0
        conditions: 0
        magnitude: 0
        assignments_average: 0
        branches_average: 0
        conditions_average: 0
        assignments_min: 0
        assignments_max: 0
        branches_min: 0
        branches_max: 0
        conditions_min: 0
        conditions_max: 0
  - name: check
    start_line: 41
    end_line: 41
    kind: function
    spaces: []
    metrics:
      nargs:
        total_functions: 0
        total_closures: 0
        average_functions: 0
        average_closures: 0
        total: 0
        average: 0
        functions_min: 0
        functions_max: 0
        closures_min: 0
        closures_max: 0
      nexits:
        sum: 0
        average: 0
        min: 0
        max: 0
      cognitive:
        sum: 0
        average: 0
        min: 0
        max: 0
      cyclomatic:
        sum: 1
        average: 1
        min: 1
        max: 1
      halstead:
        n1: 1
        N1: 1
        n2: 2
        N2: 3
        length: 4
        estimated_program_length: 2
        purity_ratio: 0.5
        vocabulary: 3
        volume: 6.34
        difficulty: 0.75
        level: 1.333
        effort: 4.755
        time: 0.264
        bugs: 0.001
      loc:
        sloc: 1
        ploc: 1
        lloc: 0
        cloc: 0
        blank: 0
        sloc_average: 1
        ploc_average: 1
        lloc_average: 0
        cloc_average: 0
        blank_average: 0
        sloc_min: 1
        sloc_max: 1
        cloc_min: 0
        cloc_max: 0
        ploc_min: 1
        ploc_max: 1
        lloc_min: 0
        lloc_max: 0
        blank_min: 0
        blank_max: 0
      nom:
        functions: 1
        closures: 0
        functions_average: 1
        closures_average: 0
        total: 1
        average: 1
        functions_min: 1
        functions_max: 1
        closures_min: 0
        closures_max: 0
      mi:
        mi_original: 161.166
        mi_sei: 156.915
        mi_visual_studio: 94.249
      abc:
        assignments: 0
        branches: 0
        conditions: 0
        magnitude: 0
        assignments_average: 0
        branches_average: 0
        conditions_average: 0
        assignments_min: 0
        assignments_max: 0
        branches_min: 0
        branches_max: 0
        conditions_min: 0
        conditions_max: 0
  - name: check
    start_line: 45
    end_line: 45
    kind: function
    spaces: []
    metrics:
      nargs:
        total_functions: 0
        total_closures: 0
        average_functions: 0
        average_closures: 0
        total: 0
        average: 0
        functions_min: 0
        functions_max: 0
        closures_min: 0
        closures_max: 0
      nexits:
        sum: 0
        average: 0
        min: 0
        max: 0
      cognitive:
        sum: 0
        average: 0
        min: 0
        max: 0
      cyclomatic:
        sum: 1
        average: 1
        min: 1
        max: 1
      halstead:
        n1: 1
        N1: 1
        n2: 2
        N2: 3
        length: 4
        estimated_program_length: 2
        purity_ratio: 0.5
        vocabulary: 3
        volume: 6.34
        difficulty: 0.75
        level: 1.333
        effort: 4.755
        time: 0.264
        bugs: 0.001
      loc:
        sloc: 1
        ploc: 1
        lloc: 0
        cloc: 0
        blank: 0
        sloc_average: 1
        ploc_average: 1
        lloc_average: 0
        cloc_average: 0
        blank_average: 0
        sloc_min: 1
        sloc_max: 1
        cloc_min: 0
        cloc_max: 0
        ploc_min: 1
        ploc_max: 1
        lloc_min: 0
        lloc_max: 0
        blank_min: 0
        blank_max: 0
      nom:
        functions: 1
        closures: 0
        functions_average: 1
        closures_average: 0
        total: 1
        average: 1
        functions_min: 1
        functions_max: 1
        closures_min: 0
        closures_max: 0
      mi:
        mi_original: 161.166
        mi_sei: 156.915
        mi_visual_studio: 94.249
      abc:
        assignments: 0
        branches: 0
        conditions: 0
        magnitude: 0
        assignments_average: 0
        branches_average: 0
        conditions_average: 0
        assignments_min: 0
        assignments_max: 0
        branches_min: 0
        branches_max: 0
        conditions_min: 0
        conditions_max: 0
  - name: check
    start_line: 49
    end_line: 49
    kind: function
    spaces: []
    metrics:
      nargs:
        total_functions: 0
        total_closures: 0
        average_functions: 0
        average_closures: 0
        total: 0
        average: 0
        functions_min: 0
        functions_max: 0
        closures_min: 0
        closures_max: 0
      nexits:
        sum: 0
        average: 0
        min: 0
        max: 0
      cognitive:
        sum: 0
        average: 0
        min: 0
        max: 0
      cyclomatic:
        sum: 1
        average: 1
        min: 1
        max: 1
      halstead:
        n1: 2
        N1: 2
        n2: 4
        N2: 5
        length: 7
        estimated_program_length: 10
        purity_ratio: 1.429
        vocabulary: 6
        volume: 18.095
        difficulty: 1.25
        level: 0.8
        effort: 22.618
        time: 1.257
        bugs: 0.003
      loc:
        sloc: 1
        ploc: 1
        lloc: 0
        cloc: 0
        blank: 0
        sloc_average: 1
        ploc_average: 1
        lloc_average: 0
        cloc_average: 0
        blank_average: 0
        sloc_min: 1
        sloc_max: 1
        cloc_min: 0
        cloc_max: 0
        ploc_min: 1
        ploc_max: 1
        lloc_min: 0
        lloc_max: 0
        blank_min: 0
        blank_max: 0
      nom:
        functions: 1
        closures: 0
        functions_average: 1
        closures_average: 0
        total: 1
        average: 1
        functions_min: 1
        functions_max: 1
        closures_min: 0
        closures_max: 0
      mi:
        mi_original: 155.713
        mi_sei: 149.047
        mi_visual_studio: 91.06
      abc:
        assignments: 0
        branches: 0
        conditions: 0
        magnitude: 0
        assignments_average: 0
        branches_average: 0
        conditions_average: 0
        assignments_min: 0
        assignments_max: 0
        branches_min: 0
        branches_max: 0
        conditions_min: 0
        conditions_max: 0
  - name: check
    start_line: 53
    end_line: 53
    kind: function
    spaces: []
    metrics:
      nargs:
        total_functions: 0
        total_closures: 0
        average_functions: 0
        average_closures: 0
        total: 0
        average: 0
        functions_min: 0
        functions_max: 0
        closures_min: 0
        closures_max: 0
      nexits:
        sum: 0
        average: 0
        min: 0
        max: 0
      cognitive:
        sum: 0
        average: 0
        min: 0
        max: 0
      cyclomatic:
        sum: 1
        average: 1
        min: 1
        max: 1
      halstead:
        n1: 1
        N1: 1
        n2: 2
        N2: 3
        length: 4
        estimated_program_length: 2
        purity_ratio: 0.5
        vocabulary: 3
        volume: 6.34
        difficulty: 0.75
        level: 1.333
        effort: 4.755
        time: 0.264
        bugs: 0.001
      loc:
        sloc: 1
        ploc: 1
        lloc: 0
        cloc: 0
        blank: 0
        sloc_average: 1
        ploc_average: 1
        lloc_average: 0
        cloc_average: 0
        blank_average: 0
        sloc_min: 1
        sloc_max: 1
        cloc_min: 0
        cloc_max: 0
        ploc_min: 1
        ploc_max: 1
        lloc_min: 0
        lloc_max: 0
        blank_min: 0
        blank_max: 0
      nom:
        functions: 1
        closures: 0
        functions_average: 1
        closures_average: 0
        total: 1
        average: 1
        functions_min: 1
        functions_max: 1
        closures_min: 0
        closures_max: 0
      mi:
        mi_original: 161.166
        mi_sei: 156.915
        mi_visual_studio: 94.249
      abc:
        assignments: 0
        branches: 0
        conditions: 0
        magnitude: 0
        assignments_average: 0
        branches_average: 0
        conditions_average: 0
        assignments_min: 0
        assignments_max: 0
        branches_min: 0
        branches_max: 0
        conditions_min: 0
        conditions_max: 0
  - name: check
    start_line: 57
    end_line: 57
    kind: function
    spaces: []
    metrics:
      nargs:
        total_functions: 0
        total_closures: 0
        average_functions: 0
        average_closures: 0
        total: 0
        average: 0
        functions_min: 0
        functions_max: 0
        closures_min: 0
        closures_max: 0
      nexits:
        sum: 0
        average: 0
        min: 0
        max: 0
      cognitive:
        sum: 0
        average: 0
        min: 0
        max: 0
      cyclomatic:
        sum: 1
        average: 1
        min: 1
        max: 1
      halstead:
        n1: 2
        N1: 2
        n2: 4
        N2: 5
        length: 7
        estimated_program_length: 10
        purity_ratio: 1.429
        vocabulary: 6
        volume: 18.095
        difficulty: 1.25
        level: 0.8
        effort: 22.618
        time: 1.257
        bugs: 0.003
      loc:
        sloc: 1
        ploc: 1
        lloc: 0
        cloc: 0
        blank: 0
        sloc_average: 1
        ploc_average: 1
        lloc_average: 0
        cloc_average: 0
        blank_average: 0
        sloc_min: 1
        sloc_max: 1
        cloc_min: 0
        cloc_max: 0
        ploc_min: 1
        ploc_max: 1
        lloc_min: 0
        lloc_max: 0
        blank_min: 0
        blank_max: 0
      nom:
        functions: 1
        closures: 0
        functions_average: 1
        closures_average: 0
        total: 1
        average: 1
        functions_min: 1
        functions_max: 1
        closures_min: 0
        closures_max: 0
      mi:
        mi_original: 155.713
        mi_sei: 149.047
        mi_visual_studio: 91.06
      abc:
        assignments: 0
        branches: 0
        conditions: 0
        magnitude: 0
        assignments_average: 0
        branches_average: 0
        conditions_average: 0
        assignments_min: 0
        assignments_max: 0
        branches_min: 0
        branches_max: 0
        conditions_min: 0
        conditions_max: 0
  - name: check
    start_line: 61
    end_line: 61
    kind: function
    spaces: []
    metrics:
      nargs:
        total_functions: 0
        total_closures: 0
        average_functions: 0
        average_closures: 0
        total: 0
        average: 0
        functions_min: 0
        functions_max: 0
        closures_min: 0
        closures_max: 0
      nexits:
        sum: 0
        average: 0
        min: 0
        max: 0
      cognitive:
        sum: 0
        average: 0
        min: 0
        max: 0
      cyclomatic:
        sum: 1
        average: 1
        min: 1
        max: 1
      halstead:
        n1: 2
        N1: 2
        n2: 4
        N2: 5
        length: 7
        estimated_program_length: 10
        purity_ratio: 1.429
        vocabulary: 6
        volume: 18.095
        difficulty: 1.25
        level: 0.8
        effort: 22.618
        time: 1.257
        bugs: 0.003
      loc:
        sloc: 1
        ploc: 1
        lloc: 0
        cloc: 0
        blank: 0
        sloc_average: 1
        ploc_average: 1
        lloc_average: 0
        cloc_average: 0
        blank_average: 0
        sloc_min: 1
        sloc_max: 1
        cloc_min: 0
        cloc_max: 0
        ploc_min: 1
        ploc_max: 1
        lloc_min: 0
        lloc_max: 0
        blank_min: 0
        blank_max: 0
      nom:
        functions: 1
        closures: 0
        functions_average: 1
        closures_average: 0
        total: 1
        average: 1
        functions_min: 1
        functions_max: 1
        closures_min: 0
        closures_max: 0
      mi:
        mi_original: 155.713
        mi_sei: 149.047
        mi_visual_studio: 91.06
      abc:
        assignments: 0
        branches: 0
        conditions: 0
        magnitude: 0
        assignments_average: 0
        branches_average: 0
        conditions_average: 0
        assignments_min: 0
        assignments_max: 0
        branches_min: 0
        branches_max: 0
        conditions_min: 0
        conditions_max: 0
  - name: check
    start_line: 65
    end_line: 65
    kind: function
    spaces: []
    metrics:
      nargs:
        total_functions: 0
        total_closures: 0
        average_functions: 0
        average_closures: 0
        total: 0
        average: 0
        functions_min: 0
        functions_max: 0
        closures_min: 0
        closures_max: 0
      nexits:
        sum: 0
        average: 0
        min: 0
        max: 0
      cognitive:
        sum: 0
        average: 0
        min: 0
        max: 0
      cyclomatic:
        sum: 1
        average: 1
        min: 1
        max: 1
      halstead:
        n1: 1
        N1: 1
        n2: 2
        N2: 3
        length: 4
        estimated_program_length: 2
        purity_ratio: 0.5
        vocabulary: 3
        volume: 6.34
        difficulty: 0.75
        level: 1.333
        effort: 4.755
        time: 0.264
        bugs: 0.001
      loc:
        sloc: 1
        ploc: 1
        lloc: 0
        cloc: 0
        blank: 0
        sloc_average: 1
        ploc_average: 1
        lloc_average: 0
        cloc_average: 0
        blank_average: 0
        sloc_min: 1
        sloc_max: 1
        cloc_min: 0
        cloc_max: 0
        ploc_min: 1
        ploc_max: 1
        lloc_min: 0
        lloc_max: 0
        blank_min: 0
        blank_max: 0
      nom:
        functions: 1
        closures: 0
        functions_average: 1
        closures_average: 0
        total: 1
        average: 1
        functions_min: 1
        functions_max: 1
        closures_min: 0
        closures_max: 0
      mi:
        mi_original: 161.166
        mi_sei: 156.915
        mi_visual_studio: 94.249
      abc:
        assignments: 0
        branches: 0
        conditions: 0
        magnitude: 0
        assignments_average: 0
        branches_average: 0
        conditions_average: 0
        assignments_min: 0
        assignments_max: 0
        branches_min: 0
        branches_max: 0
        conditions_min: 0
        conditions_max: 0
  - name: check
    start_line: 69
    end_line: 69
    kind: function
    spaces: []
    metrics:
      nargs:
        total_functions: 0
        total_closures: 0
        average_functions: 0
        average_closures: 0
        total: 0
        average: 0
        functions_min: 0
        functions_max: 0
        closures_min: 0
        closures_max: 0
      nexits:
        sum: 0
        average: 0
        min: 0
        max: 0
      cognitive:
        sum: 0
        average: 0
        min: 0
        max: 0
      cyclomatic:
        sum: 1
        average: 1
        min: 1
        max: 1
      halstead:
        n1: 1
        N1: 1
        n2: 2
        N2: 3
        length: 4
        estimated_program_length: 2
        purity_ratio: 0.5
        vocabulary: 3
        volume: 6.34
        difficulty: 0.75
        level: 1.333
        effort: 4.755
        time: 0.264
        bugs: 0.001
      loc:
        sloc: 1
        ploc: 1
        lloc: 0
        cloc: 0
        blank: 0
        sloc_average: 1
        ploc_average: 1
        lloc_average: 0
        cloc_average: 0
        blank_average: 0
        sloc_min: 1
        sloc_max: 1
        cloc_min: 0
        cloc_max: 0
        ploc_min: 1
        ploc_max: 1
        lloc_min: 0
        lloc_max: 0
        blank_min: 0
        blank_max: 0
      nom:
        functions: 1
        closures: 0
        functions_average: 1
        closures_average: 0
        total: 1
        average: 1
        functions_min: 1
        functions_max: 1
        closures_min: 0
        closures_max: 0
      mi:
        mi_original: 161.166
        mi_sei: 156.915
        mi_visual_studio: 94.249
      abc:
        assignments: 0
        branches: 0
        conditions: 0
        magnitude: 0
        assignments_average: 0
        branches_average: 0
        conditions_average: 0
        assignments_min: 0
        assignments_max: 0
        branches_min: 0
        branches_max: 0
        conditions_min: 0
        conditions_max: 0
  - name: check
    start_line: 73
    end_line: 73
    kind: function
    spaces: []
    metrics:
      nargs:
        total_functions: 0
        total_closures: 0
        average_functions: 0
        average_closures: 0
        total: 0
        average: 0
        functions_min: 0
        functions_max: 0
        closures_min: 0
        closures_max: 0
      nexits:
        sum: 0
        average: 0
        min: 0
        max: 0
      cognitive:
        sum: 0
        average: 0
        min: 0
        max: 0
      cyclomatic:
        sum: 1
        average: 1
        min: 1
        max: 1
      halstead:
        n1: 1
        N1: 1
        n2: 2
        N2: 3
        length: 4
        estimated_program_length: 2
        purity_ratio: 0.5
        vocabulary: 3
        volume: 6.34
        difficulty: 0.75
        level: 1.333
        effort: 4.755
        time: 0.264
        bugs: 0.001
      loc:
        sloc: 1
        ploc: 1
        lloc: 0
        cloc: 0
        blank: 0
        sloc_average: 1
        ploc_average: 1
        lloc_average: 0
        cloc_average: 0
        blank_average: 0
        sloc_min: 1
        sloc_max: 1
        cloc_min: 0
        cloc_max: 0
        ploc_min: 1
        ploc_max: 1
        lloc_min: 0
        lloc_max: 0
        blank_min: 0
        blank_max: 0
      nom:
        functions: 1
        closures: 0
        functions_average: 1
        closures_average: 0
        total: 1
        average: 1
        functions_min: 1
        functions_max: 1
        closures_min: 0
        closures_max: 0
      mi:
        mi_original: 161.166
        mi_sei: 156.915
        mi_visual_studio: 94.249
      abc:
        assignments: 0
        branches: 0
        conditions: 0
        magnitude: 0
        assignments_average: 0
        branches_average: 0
        conditions_average: 0
        assignments_min: 0
        assignments_max: 0
        branches_min: 0
        branches_max: 0
        conditions_min: 0
        conditions_max: 0
  - name: check
    start_line: 77
    end_line: 77
    kind: function
    spaces: []
    metrics:
      nargs:
        total_functions: 0
        total_closures: 0
        average_functions: 0
        average_closures: 0
        total: 0
        average: 0
        functions_min: 0
        functions_max: 0
        closures_min: 0
        closures_max: 0
      nexits:
        sum: 0
        average: 0
        min: 0
        max: 0
      cognitive:
        sum: 0
        average: 0
        min: 0
        max: 0
      cyclomatic:
        sum: 1
        average: 1
        min: 1
        max: 1
      halstead:
        n1: 1
        N1: 1
        n2: 2
        N2: 3
        length: 4
        estimated_program_length: 2
        purity_ratio: 0.5
        vocabulary: 3
        volume: 6.34
        difficulty: 0.75
        level: 1.333
        effort: 4.755
        time: 0.264
        bugs: 0.001
      loc:
        sloc: 1
        ploc: 1
        lloc: 0
        cloc: 0
        blank: 0
        sloc_average: 1
        ploc_average: 1
        lloc_average: 0
        cloc_average: 0
        blank_average: 0
        sloc_min: 1
        sloc_max: 1
        cloc_min: 0
        cloc_max: 0
        ploc_min: 1
        ploc_max: 1
        lloc_min: 0
        lloc_max: 0
        blank_min: 0
        blank_max: 0
      nom:
        functions: 1
        closures: 0
        functions_average: 1
        closures_average: 0
        total: 1
        average: 1
        functions_min: 1
        functions_max: 1
        closures_min: 0
        closures_max: 0
      mi:
        mi_original: 161.166
        mi_sei: 156.915
        mi_visual_studio: 94.249
      abc:
        assignments: 0
        branches: 0
        conditions: 0
        magnitude: 0
        assignments_average: 0
        branches_average: 0
        conditions_average: 0
        assignments_min: 0
        assignments_max: 0
        branches_min: 0
        branches_max: 0
        conditions_min: 0
        conditions_max: 0
metrics:
  nargs:
    total_functions: 0
    total_closures: 0
    average_functions: 0
    average_closures: 0
    total: 0
    average: 0
    functions_min: 0
    functions_max: 0
    closures_min: 0
    closures_max: 0
  nexits:
    sum: 0
    average: 0
    min: 0
    max: 0
  cognitive:
    sum: 0
    average: 0
    min: 0
    max: 0
  cyclomatic:
    sum: 16
    average: 1
    min: 1
    max: 1
  halstead:
    n1: 10
    N1: 140
    n2: 53
    N2: 126
    length: 266
    estimated_program_length: 336.799
    purity_ratio: 1.266
    vocabulary: 63
    volume: 1589.956
    difficulty: 11.887
    level: 0.084
    effort: 18899.482
    time: 1049.971
    bugs: 0.237
  loc:
    sloc: 81
    ploc: 64
    lloc: 1
    cloc: 14
    blank: 3
    sloc_average: 5.063
    ploc_average: 4
    lloc_average: 0.063
    cloc_average: 0.875
    blank_average: 0.188
    sloc_min: 1
    sloc_max: 1
    cloc_min: 0
    cloc_max: 0
    ploc_min: 1
    ploc_max: 1
    lloc_min: 0
    lloc_max: 0
    blank_min: 0
    blank_max: 0
  nom:
    functions: 15
    closures: 0
    functions_average: 0.938
    closures_average: 0
    total: 15
    average: 0.938
    functions_min: 0
    functions_max: 1
    closures_min: 0
    closures_max: 0
  mi:
    mi_original: 57.798
    mi_sei: 39.336
    mi_visual_studio: 33.8
  abc:
    assignments: 0
    branches: 0
    conditions: 0
    magnitude: 0
    assignments_average: 0
    branches_average: 0
    conditions_average: 0
    assignments_min: 0
    assignments_max: 0
    branches_min: 0
    branches_max: 0
    conditions_min: 0
    conditions_max: 0

