---
source: tests/common/mod.rs
expression: funcspace_struct
---
{
  "name": null,
  "start_line": 1,
  "end_line": 9,
  "kind": "unit",
  "spaces": [],
  "metrics": {
    "nargs": {
      "total_functions": 0.0,
      "total_closures": 0.0,
      "average_functions": 0.0,
      "average_closures": 0.0,
      "total": 0.0,
      "average": 0.0,
      "functions_min": 0.0,
      "functions_max": 0.0,
      "closures_min": 0.0,
      "closures_max": 0.0
    },
    "nexits": {
      "sum": 0.0,
      "average": null,
      "min": 0.0,
      "max": 0.0
    },
    "cognitive": {
      "sum": 0.0,
      "average": null,
      "min": 0.0,
      "max": 0.0
    },
    "cyclomatic": {
      "sum": 1.0,
      "average": 1.0,
      "min": 1.0,
      "max": 1.0
    },
    "halstead": {
      "n1": 4.0,
      "N1": 15.0,
      "n2": 5.0,
      "N2": 6.0,
      "length": 21.0,
      "estimated_program_length": 19.60964047443681,
      "purity_ratio": 0.9337924035446099,
      "vocabulary": 9.0,
      "volume": 66.56842503028855,
      "difficulty": 2.4,
      "level": 0.4166666666666667,
      "effort": 159.76422007269252,
      "time": 8.875790004038473,
      "bugs": 0.00981443028353454
    },
    "loc": {
      "sloc": 9.0,
      "ploc": 7.0,
      "lloc": 4.0,
      "cloc": 1.0,
      "blank": 2.0,
      "sloc_average": 9.0,
      "ploc_average": 7.0,
      "lloc_average": 4.0,
      "cloc_average": 1.0,
      "blank_average": 2.0,
      "sloc_min": 9.0,
      "sloc_max": 9.0,
      "cloc_min": 1.0,
      "cloc_max": 1.0,
      "ploc_min": 7.0,
      "ploc_max": 7.0,
      "lloc_min": 4.0,
      "lloc_max": 4.0,
      "blank_min": 2.0,
      "blank_max": 2.0
    },
    "nom": {
      "functions": 0.0,
      "closures": 0.0,
      "functions_average": 0.0,
      "closures_average": 0.0,
      "total": 0.0,
      "average": 0.0,
      "functions_min": 0.0,
      "functions_max": 0.0,
      "closures_min": 0.0,
      "closures_max": 0.0
    },
    "mi": {
      "mi_original": 113.34416394144826,
      "mi_sei": 112.60957333978132,
      "mi_visual_studio": 66.28313680786448
    },
    "abc": {
      "assignments": 0.0,
      "branches": 0.0,
      "conditions": 0.0,
      "magnitude": 0.0,
      "assignments_average": 0.0,
      "branches_average": 0.0,
      "conditions_average": 0.0,
      "assignments_min": 0.0,
      "assignments_max": 0.0,
      "branches_min": 0.0,
      "branches_max": 0.0,
      "conditions_min": 0.0,
      "conditions_max": 0.0
    }
  }
}
