---
source: tests/common/mod.rs
expression: funcspace_struct
---
{
  "name": null,
  "start_line": 1,
  "end_line": 1068,
  "kind": "unit",
  "spaces": [
    {
      "name": "CCITTFaxDecoder",
      "start_line": 467,
      "end_line": 1066,
      "kind": "class",
      "spaces": [
        {
          "name": "constructor",
          "start_line": 468,
          "end_line": 511,
          "kind": "function",
          "spaces": [],
          "metrics": {
            "nargs": {
              "total_functions": 2.0,
              "total_closures": 0.0,
              "average_functions": 2.0,
              "average_closures": 0.0,
              "total": 2.0,
              "average": 2.0,
              "functions_min": 2.0,
              "functions_max": 2.0,
              "closures_min": 0.0,
              "closures_max": 0.0
            },
            "nexits": {
              "sum": 0.0,
              "average": 0.0,
              "min": 0.0,
              "max": 0.0
            },
            "cognitive": {
              "sum": 13.0,
              "average": 13.0,
              "min": 13.0,
              "max": 13.0
            },
            "cyclomatic": {
              "sum": 14.0,
              "average": 14.0,
              "min": 14.0,
              "max": 14.0
            },
            "halstead": {
              "n1": 19.0,
              "N1": 143.0,
              "n2": 74.0,
              "N2": 161.0,
              "length": 304.0,
              "estimated_program_length": 540.2101718119704,
              "purity_ratio": 1.7770071441183237,
              "vocabulary": 93.0,
              "volume": 1987.9042785768415,
              "difficulty": 20.66891891891892,
              "level": 0.04838182412553122,
              "effort": 41087.83235247675,
              "time": 2282.6573529153748,
              "bugs": 0.39690590965986045
            },
            "loc": {
              "sloc": 44.0,
              "ploc": 39.0,
              "lloc": 36.0,
              "cloc": 0.0,
              "blank": 5.0,
              "sloc_average": 44.0,
              "ploc_average": 39.0,
              "lloc_average": 36.0,
              "cloc_average": 0.0,
              "blank_average": 5.0,
              "sloc_min": 44.0,
              "sloc_max": 44.0,
              "cloc_min": 0.0,
              "cloc_max": 0.0,
              "ploc_min": 39.0,
              "ploc_max": 39.0,
              "lloc_min": 36.0,
              "lloc_max": 36.0,
              "blank_min": 5.0,
              "blank_max": 5.0
            },
            "nom": {
              "functions": 1.0,
              "closures": 0.0,
              "functions_average": 1.0,
              "closures_average": 0.0,
              "total": 1.0,
              "average": 1.0,
              "functions_min": 1.0,
              "functions_max": 1.0,
              "closures_min": 0.0,
              "closures_max": 0.0
            },
            "mi": {
              "mi_original": 66.98297950099428,
              "mi_sei": 22.36063838970128,
              "mi_visual_studio": 39.17133304151712
            },
            "abc": {
              "assignments": 0.0,
              "branches": 0.0,
              "conditions": 0.0,
              "magnitude": 0.0,
              "assignments_average": 0.0,
              "branches_average": 0.0,
              "conditions_average": 0.0,
              "assignments_min": 0.0,
              "assignments_max": 0.0,
              "branches_min": 0.0,
              "branches_max": 0.0,
              "conditions_min": 0.0,
              "conditions_max": 0.0
            }
          }
        },
        {
          "name": "readNextChar",
          "start_line": 513,
          "end_line": 849,
          "kind": "function",
          "spaces": [],
          "metrics": {
            "nargs": {
              "total_functions": 0.0,
              "total_closures": 0.0,
              "average_functions": 0.0,
              "average_closures": 0.0,
              "total": 0.0,
              "average": 0.0,
              "functions_min": 0.0,
              "functions_max": 0.0,
              "closures_min": 0.0,
              "closures_max": 0.0
            },
            "nexits": {
              "sum": 4.0,
              "average": 4.0,
              "min": 4.0,
              "max": 4.0
            },
            "cognitive": {
              "sum": 294.0,
              "average": 294.0,
              "min": 294.0,
              "max": 294.0
            },
            "cyclomatic": {
              "sum": 95.0,
              "average": 95.0,
              "min": 95.0,
              "max": 95.0
            },
            "halstead": {
              "n1": 44.0,
              "N1": 904.0,
              "n2": 89.0,
              "N2": 775.0,
              "length": 1679.0,
              "estimated_program_length": 816.5552665760505,
              "purity_ratio": 0.48633428622754643,
              "vocabulary": 133.0,
              "volume": 11845.819209206498,
              "difficulty": 191.57303370786516,
              "level": 0.0052199413489736075,
              "effort": 2269339.522662593,
              "time": 126074.41792569961,
              "bugs": 5.756321780630569
            },
            "loc": {
              "sloc": 337.0,
              "ploc": 325.0,
              "lloc": 281.0,
              "cloc": 0.0,
              "blank": 12.0,
              "sloc_average": 337.0,
              "ploc_average": 325.0,
              "lloc_average": 281.0,
              "cloc_average": 0.0,
              "blank_average": 12.0,
              "sloc_min": 337.0,
              "sloc_max": 337.0,
              "cloc_min": 0.0,
              "cloc_max": 0.0,
              "ploc_min": 325.0,
              "ploc_max": 325.0,
              "lloc_min": 281.0,
              "lloc_max": 281.0,
              "blank_min": 12.0,
              "blank_max": 12.0
            },
            "nom": {
              "functions": 1.0,
              "closures": 0.0,
              "functions_average": 1.0,
              "closures_average": 0.0,
              "total": 1.0,
              "average": 1.0,
              "functions_min": 1.0,
              "functions_max": 1.0,
              "closures_min": 0.0,
              "closures_max": 0.0
            },
            "mi": {
              "mi_original": 6.090059098490613,
              "mi_sei": -57.24186728847576,
              "mi_visual_studio": 3.561438069292756
            },
            "abc": {
              "assignments": 0.0,
              "branches": 0.0,
              "conditions": 0.0,
              "magnitude": 0.0,
              "assignments_average": 0.0,
              "branches_average": 0.0,
              "conditions_average": 0.0,
              "assignments_min": 0.0,
              "assignments_max": 0.0,
              "branches_min": 0.0,
              "branches_max": 0.0,
              "conditions_min": 0.0,
              "conditions_max": 0.0
            }
          }
        },
        {
          "name": "_addPixels",
          "start_line": 854,
          "end_line": 871,
          "kind": "function",
          "spaces": [],
          "metrics": {
            "nargs": {
              "total_functions": 2.0,
              "total_closures": 0.0,
              "average_functions": 2.0,
              "average_closures": 0.0,
              "total": 2.0,
              "average": 2.0,
              "functions_min": 2.0,
              "functions_max": 2.0,
              "closures_min": 0.0,
              "closures_max": 0.0
            },
            "nexits": {
              "sum": 0.0,
              "average": 0.0,
              "min": 0.0,
              "max": 0.0
            },
            "cognitive": {
              "sum": 5.0,
              "average": 5.0,
              "min": 5.0,
              "max": 5.0
            },
            "cyclomatic": {
              "sum": 4.0,
              "average": 4.0,
              "min": 4.0,
              "max": 4.0
            },
            "halstead": {
              "n1": 14.0,
              "N1": 43.0,
              "n2": 16.0,
              "N2": 39.0,
              "length": 82.0,
              "estimated_program_length": 117.30296890880646,
              "purity_ratio": 1.4305240110830058,
              "vocabulary": 30.0,
              "volume": 402.3650288398985,
              "difficulty": 17.0625,
              "level": 0.05860805860805861,
              "effort": 6865.353304580768,
              "time": 381.40851692115376,
              "bugs": 0.12040762952244298
            },
            "loc": {
              "sloc": 18.0,
              "ploc": 16.0,
              "lloc": 13.0,
              "cloc": 0.0,
              "blank": 2.0,
              "sloc_average": 18.0,
              "ploc_average": 16.0,
              "lloc_average": 13.0,
              "cloc_average": 0.0,
              "blank_average": 2.0,
              "sloc_min": 18.0,
              "sloc_max": 18.0,
              "cloc_min": 0.0,
              "cloc_max": 0.0,
              "ploc_min": 16.0,
              "ploc_max": 16.0,
              "lloc_min": 13.0,
              "lloc_max": 13.0,
              "blank_min": 2.0,
              "blank_max": 2.0
            },
            "nom": {
              "functions": 1.0,
              "closures": 0.0,
              "functions_average": 1.0,
              "closures_average": 0.0,
              "total": 1.0,
              "average": 1.0,
              "functions_min": 1.0,
              "functions_max": 1.0,
              "closures_min": 0.0,
              "closures_max": 0.0
            },
            "mi": {
              "mi_original": 92.06970703763535,
              "mi_sei": 57.53493720490131,
              "mi_visual_studio": 53.841933940137636
            },
            "abc": {
              "assignments": 0.0,
              "branches": 0.0,
              "conditions": 0.0,
              "magnitude": 0.0,
              "assignments_average": 0.0,
              "branches_average": 0.0,
              "conditions_average": 0.0,
              "assignments_min": 0.0,
              "assignments_max": 0.0,
              "branches_min": 0.0,
              "branches_max": 0.0,
              "conditions_min": 0.0,
              "conditions_max": 0.0
            }
          }
        },
        {
          "name": "_addPixelsNeg",
          "start_line": 876,
          "end_line": 904,
          "kind": "function",
          "spaces": [],
          "metrics": {
            "nargs": {
              "total_functions": 2.0,
              "total_closures": 0.0,
              "average_functions": 2.0,
              "average_closures": 0.0,
              "total": 2.0,
              "average": 2.0,
              "functions_min": 2.0,
              "functions_max": 2.0,
              "closures_min": 0.0,
              "closures_max": 0.0
            },
            "nexits": {
              "sum": 0.0,
              "average": 0.0,
              "min": 0.0,
              "max": 0.0
            },
            "cognitive": {
              "sum": 11.0,
              "average": 11.0,
              "min": 11.0,
              "max": 11.0
            },
            "cyclomatic": {
              "sum": 8.0,
              "average": 8.0,
              "min": 8.0,
              "max": 8.0
            },
            "halstead": {
              "n1": 20.0,
              "N1": 73.0,
              "n2": 18.0,
              "N2": 62.0,
              "length": 135.0,
              "estimated_program_length": 161.49721192370885,
              "purity_ratio": 1.1962756438793247,
              "vocabulary": 38.0,
              "volume": 708.4702143148841,
              "difficulty": 34.44444444444444,
              "level": 0.02903225806451613,
              "effort": 24402.862937512673,
              "time": 1355.714607639593,
              "bugs": 0.28043955267846943
            },
            "loc": {
              "sloc": 29.0,
              "ploc": 26.0,
              "lloc": 24.0,
              "cloc": 0.0,
              "blank": 3.0,
              "sloc_average": 29.0,
              "ploc_average": 26.0,
              "lloc_average": 24.0,
              "cloc_average": 0.0,
              "blank_average": 3.0,
              "sloc_min": 29.0,
              "sloc_max": 29.0,
              "cloc_min": 0.0,
              "cloc_max": 0.0,
              "ploc_min": 26.0,
              "ploc_max": 26.0,
              "lloc_min": 24.0,
              "lloc_max": 24.0,
              "blank_min": 3.0,
              "blank_max": 3.0
            },
            "nom": {
              "functions": 1.0,
              "closures": 0.0,
              "functions_average": 1.0,
              "closures_average": 0.0,
              "total": 1.0,
              "average": 1.0,
              "functions_min": 1.0,
              "functions_max": 1.0,
              "closures_min": 0.0,
              "closures_max": 0.0
            },
            "mi": {
              "mi_original": 80.48164586186763,
              "mi_sei": 41.22417825072114,
              "mi_visual_studio": 47.065289977700374
            },
            "abc": {
              "assignments": 0.0,
              "branches": 0.0,
              "conditions": 0.0,
              "magnitude": 0.0,
              "assignments_average": 0.0,
              "branches_average": 0.0,
              "conditions_average": 0.0,
              "assignments_min": 0.0,
              "assignments_max": 0.0,
              "branches_min": 0.0,
              "branches_max": 0.0,
              "conditions_min": 0.0,
              "conditions_max": 0.0
            }
          }
        },
        {
          "name": "_findTableCode",
          "start_line": 915,
          "end_line": 934,
          "kind": "function",
          "spaces": [],
          "metrics": {
            "nargs": {
              "total_functions": 4.0,
              "total_closures": 0.0,
              "average_functions": 4.0,
              "average_closures": 0.0,
              "total": 4.0,
              "average": 4.0,
              "functions_min": 4.0,
              "functions_max": 4.0,
              "closures_min": 0.0,
              "closures_max": 0.0
            },
            "nexits": {
              "sum": 3.0,
              "average": 3.0,
              "min": 3.0,
              "max": 3.0
            },
            "cognitive": {
              "sum": 12.0,
              "average": 12.0,
              "min": 12.0,
              "max": 12.0
            },
            "cyclomatic": {
              "sum": 8.0,
              "average": 8.0,
              "min": 8.0,
              "max": 8.0
            },
            "halstead": {
              "n1": 21.0,
              "N1": 69.0,
              "n2": 19.0,
              "N2": 49.0,
              "length": 118.0,
              "estimated_program_length": 172.9492886337821,
              "purity_ratio": 1.4656719375744245,
              "vocabulary": 40.0,
              "volume": 627.9875151967088,
              "difficulty": 27.07894736842105,
              "level": 0.03692905733722061,
              "effort": 17005.240872037193,
              "time": 944.7356040020663,
              "bugs": 0.22042825903070465
            },
            "loc": {
              "sloc": 20.0,
              "ploc": 20.0,
              "lloc": 17.0,
              "cloc": 0.0,
              "blank": 0.0,
              "sloc_average": 20.0,
              "ploc_average": 20.0,
              "lloc_average": 17.0,
              "cloc_average": 0.0,
              "blank_average": 0.0,
              "sloc_min": 20.0,
              "sloc_max": 20.0,
              "cloc_min": 0.0,
              "cloc_max": 0.0,
              "ploc_min": 20.0,
              "ploc_max": 20.0,
              "lloc_min": 17.0,
              "lloc_max": 17.0,
              "blank_min": 0.0,
              "blank_max": 0.0
            },
            "nom": {
              "functions": 1.0,
              "closures": 0.0,
              "functions_average": 1.0,
              "closures_average": 0.0,
              "total": 1.0,
              "average": 1.0,
              "functions_min": 1.0,
              "functions_max": 1.0,
              "closures_min": 0.0,
              "closures_max": 0.0
            },
            "mi": {
              "mi_original": 87.12803168117041,
              "mi_sei": 50.81288611206398,
              "mi_visual_studio": 50.952065310625976
            },
            "abc": {
              "assignments": 0.0,
              "branches": 0.0,
              "conditions": 0.0,
              "magnitude": 0.0,
              "assignments_average": 0.0,
              "branches_average": 0.0,
              "conditions_average": 0.0,
              "assignments_min": 0.0,
              "assignments_max": 0.0,
              "branches_min": 0.0,
              "branches_max": 0.0,
              "conditions_min": 0.0,
              "conditions_max": 0.0
            }
          }
        },
        {
          "name": "_getTwoDimCode",
          "start_line": 939,
          "end_line": 957,
          "kind": "function",
          "spaces": [],
          "metrics": {
            "nargs": {
              "total_functions": 0.0,
              "total_closures": 0.0,
              "average_functions": 0.0,
              "average_closures": 0.0,
              "total": 0.0,
              "average": 0.0,
              "functions_min": 0.0,
              "functions_max": 0.0,
              "closures_min": 0.0,
              "closures_max": 0.0
            },
            "nexits": {
              "sum": 3.0,
              "average": 3.0,
              "min": 3.0,
              "max": 3.0
            },
            "cognitive": {
              "sum": 8.0,
              "average": 8.0,
              "min": 8.0,
              "max": 8.0
            },
            "cyclomatic": {
              "sum": 6.0,
              "average": 6.0,
              "min": 6.0,
              "max": 6.0
            },
            "halstead": {
              "n1": 14.0,
              "N1": 53.0,
              "n2": 21.0,
              "N2": 42.0,
              "length": 95.0,
              "estimated_program_length": 145.54163478716043,
              "purity_ratio": 1.5320172082858994,
              "vocabulary": 35.0,
              "volume": 487.2818866097718,
              "difficulty": 14.0,
              "level": 0.07142857142857142,
              "effort": 6821.946412536805,
              "time": 378.99702291871137,
              "bugs": 0.11989956690596544
            },
            "loc": {
              "sloc": 19.0,
              "ploc": 19.0,
              "lloc": 15.0,
              "cloc": 0.0,
              "blank": 0.0,
              "sloc_average": 19.0,
              "ploc_average": 19.0,
              "lloc_average": 15.0,
              "cloc_average": 0.0,
              "blank_average": 0.0,
              "sloc_min": 19.0,
              "sloc_max": 19.0,
              "cloc_min": 0.0,
              "cloc_max": 0.0,
              "ploc_min": 19.0,
              "ploc_max": 19.0,
              "lloc_min": 15.0,
              "lloc_max": 15.0,
              "blank_min": 0.0,
              "blank_max": 0.0
            },
            "nom": {
              "functions": 1.0,
              "closures": 0.0,
              "functions_average": 1.0,
              "closures_average": 0.0,
              "total": 1.0,
              "average": 1.0,
              "functions_min": 1.0,
              "functions_max": 1.0,
              "closures_min": 0.0,
              "closures_max": 0.0
            },
            "mi": {
              "mi_original": 89.73810609067267,
              "mi_sei": 54.374787800195165,
              "mi_visual_studio": 52.47842461442847
            },
            "abc": {
              "assignments": 0.0,
              "branches": 0.0,
              "conditions": 0.0,
              "magnitude": 0.0,
              "assignments_average": 0.0,
              "branches_average": 0.0,
              "conditions_average": 0.0,
              "assignments_min": 0.0,
              "assignments_max": 0.0,
              "branches_min": 0.0,
              "branches_max": 0.0,
              "conditions_min": 0.0,
              "conditions_max": 0.0
            }
          }
        },
        {
          "name": "_getWhiteCode",
          "start_line": 962,
          "end_line": 995,
          "kind": "function",
          "spaces": [],
          "metrics": {
            "nargs": {
              "total_functions": 0.0,
              "total_closures": 0.0,
              "average_functions": 0.0,
              "average_closures": 0.0,
              "total": 0.0,
              "average": 0.0,
              "functions_min": 0.0,
              "functions_max": 0.0,
              "closures_min": 0.0,
              "closures_max": 0.0
            },
            "nexits": {
              "sum": 5.0,
              "average": 5.0,
              "min": 5.0,
              "max": 5.0
            },
            "cognitive": {
              "sum": 13.0,
              "average": 13.0,
              "min": 13.0,
              "max": 13.0
            },
            "cyclomatic": {
              "sum": 7.0,
              "average": 7.0,
              "min": 7.0,
              "max": 7.0
            },
            "halstead": {
              "n1": 14.0,
              "N1": 83.0,
              "n2": 25.0,
              "N2": 64.0,
              "length": 147.0,
              "estimated_program_length": 169.39937365317456,
              "purity_ratio": 1.1523766915181943,
              "vocabulary": 39.0,
              "volume": 776.9541261727505,
              "difficulty": 17.92,
              "level": 0.055803571428571425,
              "effort": 13923.01794101569,
              "time": 773.500996723094,
              "bugs": 0.19291574174872153
            },
            "loc": {
              "sloc": 34.0,
              "ploc": 31.0,
              "lloc": 27.0,
              "cloc": 0.0,
              "blank": 3.0,
              "sloc_average": 34.0,
              "ploc_average": 31.0,
              "lloc_average": 27.0,
              "cloc_average": 0.0,
              "blank_average": 3.0,
              "sloc_min": 34.0,
              "sloc_max": 34.0,
              "cloc_min": 0.0,
              "cloc_max": 0.0,
              "ploc_min": 31.0,
              "ploc_max": 31.0,
              "lloc_min": 27.0,
              "lloc_max": 27.0,
              "blank_min": 3.0,
              "blank_max": 3.0
            },
            "nom": {
              "functions": 1.0,
              "closures": 0.0,
              "functions_average": 1.0,
              "closures_average": 0.0,
              "total": 1.0,
              "average": 1.0,
              "functions_min": 1.0,
              "functions_max": 1.0,
              "closures_min": 0.0,
              "closures_max": 0.0
            },
            "mi": {
              "mi_original": 77.65497669467803,
              "mi_sei": 37.04433680157854,
              "mi_visual_studio": 45.41226707291113
            },
            "abc": {
              "assignments": 0.0,
              "branches": 0.0,
              "conditions": 0.0,
              "magnitude": 0.0,
              "assignments_average": 0.0,
              "branches_average": 0.0,
              "conditions_average": 0.0,
              "assignments_min": 0.0,
              "assignments_max": 0.0,
              "branches_min": 0.0,
              "branches_max": 0.0,
              "conditions_min": 0.0,
              "conditions_max": 0.0
            }
          }
        },
        {
          "name": "_getBlackCode",
          "start_line": 1000,
          "end_line": 1038,
          "kind": "function",
          "spaces": [],
          "metrics": {
            "nargs": {
              "total_functions": 0.0,
              "total_closures": 0.0,
              "average_functions": 0.0,
              "average_closures": 0.0,
              "total": 0.0,
              "average": 0.0,
              "functions_min": 0.0,
              "functions_max": 0.0,
              "closures_min": 0.0,
              "closures_max": 0.0
            },
            "nexits": {
              "sum": 6.0,
              "average": 6.0,
              "min": 6.0,
              "max": 6.0
            },
            "cognitive": {
              "sum": 17.0,
              "average": 17.0,
              "min": 17.0,
              "max": 17.0
            },
            "cyclomatic": {
              "sum": 10.0,
              "average": 10.0,
              "min": 10.0,
              "max": 10.0
            },
            "halstead": {
              "n1": 17.0,
              "N1": 110.0,
              "n2": 29.0,
              "N2": 86.0,
              "length": 196.0,
              "estimated_program_length": 210.36831715995532,
              "purity_ratio": 1.073307740612017,
              "vocabulary": 46.0,
              "volume": 1082.6181433871745,
              "difficulty": 25.20689655172414,
              "level": 0.03967168262653899,
              "effort": 27289.44354538016,
              "time": 1516.0801969655645,
              "bugs": 0.302140213692989
            },
            "loc": {
              "sloc": 39.0,
              "ploc": 36.0,
              "lloc": 34.0,
              "cloc": 0.0,
              "blank": 3.0,
              "sloc_average": 39.0,
              "ploc_average": 36.0,
              "lloc_average": 34.0,
              "cloc_average": 0.0,
              "blank_average": 3.0,
              "sloc_min": 39.0,
              "sloc_max": 39.0,
              "cloc_min": 0.0,
              "cloc_max": 0.0,
              "ploc_min": 36.0,
              "ploc_max": 36.0,
              "lloc_min": 34.0,
              "lloc_max": 34.0,
              "blank_min": 3.0,
              "blank_max": 3.0
            },
            "nom": {
              "functions": 1.0,
              "closures": 0.0,
              "functions_average": 1.0,
              "closures_average": 0.0,
              "total": 1.0,
              "average": 1.0,
              "functions_min": 1.0,
              "functions_max": 1.0,
              "closures_min": 0.0,
              "closures_max": 0.0
            },
            "mi": {
              "mi_original": 73.01718584749258,
              "mi_sei": 30.658878523877235,
              "mi_visual_studio": 42.7001086827442
            },
            "abc": {
              "assignments": 0.0,
              "branches": 0.0,
              "conditions": 0.0,
              "magnitude": 0.0,
              "assignments_average": 0.0,
              "branches_average": 0.0,
              "conditions_average": 0.0,
              "assignments_min": 0.0,
              "assignments_max": 0.0,
              "branches_min": 0.0,
              "branches_max": 0.0,
              "conditions_min": 0.0,
              "conditions_max": 0.0
            }
          }
        },
        {
          "name": "_lookBits",
          "start_line": 1043,
          "end_line": 1056,
          "kind": "function",
          "spaces": [],
          "metrics": {
            "nargs": {
              "total_functions": 1.0,
              "total_closures": 0.0,
              "average_functions": 1.0,
              "average_closures": 0.0,
              "total": 1.0,
              "average": 1.0,
              "functions_min": 1.0,
              "functions_max": 1.0,
              "closures_min": 0.0,
              "closures_max": 0.0
            },
            "nexits": {
              "sum": 3.0,
              "average": 3.0,
              "min": 3.0,
              "max": 3.0
            },
            "cognitive": {
              "sum": 6.0,
              "average": 6.0,
              "min": 6.0,
              "max": 6.0
            },
            "cyclomatic": {
              "sum": 4.0,
              "average": 4.0,
              "min": 4.0,
              "max": 4.0
            },
            "halstead": {
              "n1": 17.0,
              "N1": 62.0,
              "n2": 18.0,
              "N2": 51.0,
              "length": 113.0,
              "estimated_program_length": 144.5455183272174,
              "purity_ratio": 1.2791638790019237,
              "vocabulary": 35.0,
              "volume": 579.6089809147812,
              "difficulty": 24.083333333333332,
              "level": 0.041522491349480974,
              "effort": 13958.916290364314,
              "time": 775.4953494646841,
              "bugs": 0.19324720169191448
            },
            "loc": {
              "sloc": 14.0,
              "ploc": 14.0,
              "lloc": 12.0,
              "cloc": 0.0,
              "blank": 0.0,
              "sloc_average": 14.0,
              "ploc_average": 14.0,
              "lloc_average": 12.0,
              "cloc_average": 0.0,
              "blank_average": 0.0,
              "sloc_min": 14.0,
              "sloc_max": 14.0,
              "cloc_min": 0.0,
              "cloc_max": 0.0,
              "ploc_min": 14.0,
              "ploc_max": 14.0,
              "lloc_min": 12.0,
              "lloc_max": 12.0,
              "blank_min": 0.0,
              "blank_max": 0.0
            },
            "nom": {
              "functions": 1.0,
              "closures": 0.0,
              "functions_average": 1.0,
              "closures_average": 0.0,
              "total": 1.0,
              "average": 1.0,
              "functions_min": 1.0,
              "functions_max": 1.0,
              "closures_min": 0.0,
              "closures_max": 0.0
            },
            "mi": {
              "mi_original": 94.24303199242047,
              "mi_sei": 60.670382339410004,
              "mi_visual_studio": 55.112884206093845
            },
            "abc": {
              "assignments": 0.0,
              "branches": 0.0,
              "conditions": 0.0,
              "magnitude": 0.0,
              "assignments_average": 0.0,
              "branches_average": 0.0,
              "conditions_average": 0.0,
              "assignments_min": 0.0,
              "assignments_max": 0.0,
              "branches_min": 0.0,
              "branches_max": 0.0,
              "conditions_min": 0.0,
              "conditions_max": 0.0
            }
          }
        },
        {
          "name": "_eatBits",
          "start_line": 1061,
          "end_line": 1065,
          "kind": "function",
          "spaces": [],
          "metrics": {
            "nargs": {
              "total_functions": 1.0,
              "total_closures": 0.0,
              "average_functions": 1.0,
              "average_closures": 0.0,
              "total": 1.0,
              "average": 1.0,
              "functions_min": 1.0,
              "functions_max": 1.0,
              "closures_min": 0.0,
              "closures_max": 0.0
            },
            "nexits": {
              "sum": 0.0,
              "average": 0.0,
              "min": 0.0,
              "max": 0.0
            },
            "cognitive": {
              "sum": 1.0,
              "average": 1.0,
              "min": 1.0,
              "max": 1.0
            },
            "cyclomatic": {
              "sum": 2.0,
              "average": 2.0,
              "min": 2.0,
              "max": 2.0
            },
            "halstead": {
              "n1": 8.0,
              "N1": 12.0,
              "n2": 6.0,
              "N2": 11.0,
              "length": 23.0,
              "estimated_program_length": 39.50977500432694,
              "purity_ratio": 1.717816304535954,
              "vocabulary": 14.0,
              "volume": 87.56916320732489,
              "difficulty": 7.333333333333333,
              "level": 0.13636363636363638,
              "effort": 642.1738635203825,
              "time": 35.67632575113236,
              "bugs": 0.024811165318674132
            },
            "loc": {
              "sloc": 5.0,
              "ploc": 5.0,
              "lloc": 4.0,
              "cloc": 0.0,
              "blank": 0.0,
              "sloc_average": 5.0,
              "ploc_average": 5.0,
              "lloc_average": 4.0,
              "cloc_average": 0.0,
              "blank_average": 0.0,
              "sloc_min": 5.0,
              "sloc_max": 5.0,
              "cloc_min": 0.0,
              "cloc_max": 0.0,
              "ploc_min": 5.0,
              "ploc_max": 5.0,
              "lloc_min": 4.0,
              "lloc_max": 4.0,
              "blank_min": 0.0,
              "blank_max": 0.0
            },
            "nom": {
              "functions": 1.0,
              "closures": 0.0,
              "functions_average": 1.0,
              "closures_average": 0.0,
              "total": 1.0,
              "average": 1.0,
              "functions_min": 1.0,
              "functions_max": 1.0,
              "closures_min": 0.0,
              "closures_max": 0.0
            },
            "mi": {
              "mi_original": 121.21047544606904,
              "mi_sei": 99.37253955663346,
              "mi_visual_studio": 70.88331897430938
            },
            "abc": {
              "assignments": 0.0,
              "branches": 0.0,
              "conditions": 0.0,
              "magnitude": 0.0,
              "assignments_average": 0.0,
              "branches_average": 0.0,
              "conditions_average": 0.0,
              "assignments_min": 0.0,
              "assignments_max": 0.0,
              "branches_min": 0.0,
              "branches_max": 0.0,
              "conditions_min": 0.0,
              "conditions_max": 0.0
            }
          }
        }
      ],
      "metrics": {
        "nargs": {
          "total_functions": 12.0,
          "total_closures": 0.0,
          "average_functions": 1.2,
          "average_closures": 0.0,
          "total": 12.0,
          "average": 1.2,
          "functions_min": 0.0,
          "functions_max": 4.0,
          "closures_min": 0.0,
          "closures_max": 0.0
        },
        "nexits": {
          "sum": 24.0,
          "average": 2.4,
          "min": 0.0,
          "max": 6.0
        },
        "cognitive": {
          "sum": 380.0,
          "average": 38.0,
          "min": 0.0,
          "max": 294.0
        },
        "cyclomatic": {
          "sum": 159.0,
          "average": 14.454545454545455,
          "min": 1.0,
          "max": 95.0
        },
        "halstead": {
          "n1": 47.0,
          "N1": 1553.0,
          "n2": 150.0,
          "N2": 1341.0,
          "length": 2894.0,
          "estimated_program_length": 1345.388479603231,
          "purity_ratio": 0.46488890103774394,
          "vocabulary": 197.0,
          "volume": 22058.217965506752,
          "difficulty": 210.09,
          "level": 0.004759864819839117,
          "effort": 4634211.012373313,
          "time": 257456.16735407297,
          "bugs": 9.265366762551754
        },
        "loc": {
          "sloc": 600.0,
          "ploc": 533.0,
          "lloc": 463.0,
          "cloc": 30.0,
          "blank": 37.0,
          "sloc_average": 54.54545454545455,
          "ploc_average": 48.45454545454545,
          "lloc_average": 42.09090909090909,
          "cloc_average": 2.727272727272727,
          "blank_average": 3.3636363636363638,
          "sloc_min": 5.0,
          "sloc_max": 337.0,
          "cloc_min": 0.0,
          "cloc_max": 0.0,
          "ploc_min": 5.0,
          "ploc_max": 325.0,
          "lloc_min": 4.0,
          "lloc_max": 281.0,
          "blank_min": 0.0,
          "blank_max": 12.0
        },
        "nom": {
          "functions": 10.0,
          "closures": 0.0,
          "functions_average": 0.9090909090909091,
          "closures_average": 0.0,
          "total": 10.0,
          "average": 0.9090909090909091,
          "functions_min": 0.0,
          "functions_max": 1.0,
          "closures_min": 0.0,
          "closures_max": 0.0
        },
        "mi": {
          "mi_original": -21.207751057605165,
          "mi_sei": -73.13164117934718,
          "mi_visual_studio": 0.0
        },
        "abc": {
          "assignments": 0.0,
          "branches": 0.0,
          "conditions": 0.0,
          "magnitude": 0.0,
          "assignments_average": 0.0,
          "branches_average": 0.0,
          "conditions_average": 0.0,
          "assignments_min": 0.0,
          "assignments_max": 0.0,
          "branches_min": 0.0,
          "branches_max": 0.0,
          "conditions_min": 0.0,
          "conditions_max": 0.0
        }
      }
    }
  ],
  "metrics": {
    "nargs": {
      "total_functions": 12.0,
      "total_closures": 0.0,
      "average_functions": 1.2,
      "average_closures": 0.0,
      "total": 12.0,
      "average": 1.2,
      "functions_min": 0.0,
      "functions_max": 4.0,
      "closures_min": 0.0,
      "closures_max": 0.0
    },
    "nexits": {
      "sum": 24.0,
      "average": 2.4,
      "min": 0.0,
      "max": 6.0
    },
    "cognitive": {
      "sum": 380.0,
      "average": 38.0,
      "min": 0.0,
      "max": 294.0
    },
    "cyclomatic": {
      "sum": 160.0,
      "average": 13.333333333333334,
      "min": 1.0,
      "max": 95.0
    },
    "halstead": {
      "n1": 50.0,
      "N1": 4892.0,
      "n2": 239.0,
      "N2": 3485.0,
      "length": 8377.0,
      "estimated_program_length": 2170.499976596135,
      "purity_ratio": 0.25910230113359617,
      "vocabulary": 289.0,
      "volume": 68481.35244230818,
      "difficulty": 364.5397489539749,
      "level": 0.0027431850789096128,
      "effort": 24964175.0273477,
      "time": 1386898.6126304278,
      "bugs": 28.47236600828591
    },
    "loc": {
      "sloc": 1068.0,
      "ploc": 955.0,
      "lloc": 465.0,
      "cloc": 300.0,
      "blank": 48.0,
      "sloc_average": 89.0,
      "ploc_average": 79.58333333333333,
      "lloc_average": 38.75,
      "cloc_average": 25.0,
      "blank_average": 4.0,
      "sloc_min": 600.0,
      "sloc_max": 600.0,
      "cloc_min": 30.0,
      "cloc_max": 30.0,
      "ploc_min": 533.0,
      "ploc_max": 533.0,
      "lloc_min": 463.0,
      "lloc_max": 463.0,
      "blank_min": 37.0,
      "blank_max": 37.0
    },
    "nom": {
      "functions": 10.0,
      "closures": 0.0,
      "functions_average": 0.8333333333333334,
      "closures_average": 0.0,
      "total": 10.0,
      "average": 0.8333333333333334,
      "functions_min": 0.0,
      "functions_max": 1.0,
      "closures_min": 0.0,
      "closures_max": 0.0
    },
    "mi": {
      "mi_original": -36.66984406859132,
      "mi_sei": -75.71927910228644,
      "mi_visual_studio": 0.0
    },
    "abc": {
      "assignments": 0.0,
      "branches": 0.0,
      "conditions": 0.0,
      "magnitude": 0.0,
      "assignments_average": 0.0,
      "branches_average": 0.0,
      "conditions_average": 0.0,
      "assignments_min": 0.0,
      "assignments_max": 0.0,
      "branches_min": 0.0,
      "branches_max": 0.0,
      "conditions_min": 0.0,
      "conditions_max": 0.0
    }
  }
}
