---
source: tests/common/mod.rs
expression: funcspace_struct
---
{
  "name": null,
  "start_line": 1,
  "end_line": 38,
  "kind": "unit",
  "spaces": [
    {
      "name": "Console",
      "start_line": 18,
      "end_line": 36,
      "kind": "class",
      "spaces": [
        {
          "name": "clear",
          "start_line": 19,
          "end_line": 21,
          "kind": "function",
          "spaces": [],
          "metrics": {
            "nargs": {
              "total_functions": 0.0,
              "total_closures": 0.0,
              "average_functions": 0.0,
              "average_closures": 0.0,
              "total": 0.0,
              "average": 0.0,
              "functions_min": 0.0,
              "functions_max": 0.0,
              "closures_min": 0.0,
              "closures_max": 0.0
            },
            "nexits": {
              "sum": 0.0,
              "average": 0.0,
              "min": 0.0,
              "max": 0.0
            },
            "cognitive": {
              "sum": 0.0,
              "average": 0.0,
              "min": 0.0,
              "max": 0.0
            },
            "cyclomatic": {
              "sum": 1.0,
              "average": 1.0,
              "min": 1.0,
              "max": 1.0
            },
            "halstead": {
              "n1": 5.0,
              "N1": 7.0,
              "n2": 6.0,
              "N2": 6.0,
              "length": 13.0,
              "estimated_program_length": 27.11941547876375,
              "purity_ratio": 2.0861088829818266,
              "vocabulary": 11.0,
              "volume": 44.97261104228487,
              "difficulty": 2.5,
              "level": 0.4,
              "effort": 112.43152760571218,
              "time": 6.246195978095121,
              "bugs": 0.007764928950253608
            },
            "loc": {
              "sloc": 3.0,
              "ploc": 3.0,
              "lloc": 2.0,
              "cloc": 0.0,
              "blank": 0.0,
              "sloc_average": 3.0,
              "ploc_average": 3.0,
              "lloc_average": 2.0,
              "cloc_average": 0.0,
              "blank_average": 0.0,
              "sloc_min": 3.0,
              "sloc_max": 3.0,
              "cloc_min": 0.0,
              "cloc_max": 0.0,
              "ploc_min": 3.0,
              "ploc_max": 3.0,
              "lloc_min": 2.0,
              "lloc_max": 2.0,
              "blank_min": 0.0,
              "blank_max": 0.0
            },
            "nom": {
              "functions": 1.0,
              "closures": 0.0,
              "functions_average": 1.0,
              "closures_average": 0.0,
              "total": 1.0,
              "average": 1.0,
              "functions_min": 1.0,
              "functions_max": 1.0,
              "closures_min": 0.0,
              "closures_max": 0.0
            },
            "mi": {
              "mi_original": 133.18100188654878,
              "mi_sei": 116.54053882973935,
              "mi_visual_studio": 77.88362683423905
            },
            "abc": {
              "assignments": 0.0,
              "branches": 0.0,
              "conditions": 0.0,
              "magnitude": 0.0,
              "assignments_average": 0.0,
              "branches_average": 0.0,
              "conditions_average": 0.0,
              "assignments_min": 0.0,
              "assignments_max": 0.0,
              "branches_min": 0.0,
              "branches_max": 0.0,
              "conditions_min": 0.0,
              "conditions_max": 0.0
            }
          }
        },
        {
          "name": "hide",
          "start_line": 23,
          "end_line": 25,
          "kind": "function",
          "spaces": [],
          "metrics": {
            "nargs": {
              "total_functions": 0.0,
              "total_closures": 0.0,
              "average_functions": 0.0,
              "average_closures": 0.0,
              "total": 0.0,
              "average": 0.0,
              "functions_min": 0.0,
              "functions_max": 0.0,
              "closures_min": 0.0,
              "closures_max": 0.0
            },
            "nexits": {
              "sum": 0.0,
              "average": 0.0,
              "min": 0.0,
              "max": 0.0
            },
            "cognitive": {
              "sum": 0.0,
              "average": 0.0,
              "min": 0.0,
              "max": 0.0
            },
            "cyclomatic": {
              "sum": 1.0,
              "average": 1.0,
              "min": 1.0,
              "max": 1.0
            },
            "halstead": {
              "n1": 2.0,
              "N1": 2.0,
              "n2": 1.0,
              "N2": 1.0,
              "length": 3.0,
              "estimated_program_length": 2.0,
              "purity_ratio": 0.6666666666666666,
              "vocabulary": 3.0,
              "volume": 4.754887502163468,
              "difficulty": 1.0,
              "level": 1.0,
              "effort": 4.754887502163468,
              "time": 0.26416041678685936,
              "bugs": 0.0009425525573729414
            },
            "loc": {
              "sloc": 3.0,
              "ploc": 2.0,
              "lloc": 1.0,
              "cloc": 1.0,
              "blank": 0.0,
              "sloc_average": 3.0,
              "ploc_average": 2.0,
              "lloc_average": 1.0,
              "cloc_average": 1.0,
              "blank_average": 0.0,
              "sloc_min": 3.0,
              "sloc_max": 3.0,
              "cloc_min": 1.0,
              "cloc_max": 1.0,
              "ploc_min": 2.0,
              "ploc_max": 2.0,
              "lloc_min": 1.0,
              "lloc_max": 1.0,
              "blank_min": 0.0,
              "blank_max": 0.0
            },
            "nom": {
              "functions": 1.0,
              "closures": 0.0,
              "functions_average": 1.0,
              "closures_average": 0.0,
              "total": 1.0,
              "average": 1.0,
              "functions_min": 1.0,
              "functions_max": 1.0,
              "closures_min": 0.0,
              "closures_max": 0.0
            },
            "mi": {
              "mi_original": 144.86478113187096,
              "mi_sei": 172.3892017250539,
              "mi_visual_studio": 84.71624627594792
            },
            "abc": {
              "assignments": 0.0,
              "branches": 0.0,
              "conditions": 0.0,
              "magnitude": 0.0,
              "assignments_average": 0.0,
              "branches_average": 0.0,
              "conditions_average": 0.0,
              "assignments_min": 0.0,
              "assignments_max": 0.0,
              "branches_min": 0.0,
              "branches_max": 0.0,
              "conditions_min": 0.0,
              "conditions_max": 0.0
            }
          }
        },
        {
          "name": "println",
          "start_line": 27,
          "end_line": 31,
          "kind": "function",
          "spaces": [],
          "metrics": {
            "nargs": {
              "total_functions": 1.0,
              "total_closures": 0.0,
              "average_functions": 1.0,
              "average_closures": 0.0,
              "total": 1.0,
              "average": 1.0,
              "functions_min": 1.0,
              "functions_max": 1.0,
              "closures_min": 0.0,
              "closures_max": 0.0
            },
            "nexits": {
              "sum": 0.0,
              "average": 0.0,
              "min": 0.0,
              "max": 0.0
            },
            "cognitive": {
              "sum": 1.0,
              "average": 1.0,
              "min": 1.0,
              "max": 1.0
            },
            "cyclomatic": {
              "sum": 2.0,
              "average": 2.0,
              "min": 2.0,
              "max": 2.0
            },
            "halstead": {
              "n1": 9.0,
              "N1": 14.0,
              "n2": 11.0,
              "N2": 13.0,
              "length": 27.0,
              "estimated_program_length": 66.58307281799108,
              "purity_ratio": 2.46603973399967,
              "vocabulary": 20.0,
              "volume": 116.69205856195879,
              "difficulty": 5.318181818181818,
              "level": 0.18803418803418803,
              "effort": 620.5895841704172,
              "time": 34.47719912057873,
              "bugs": 0.024252046936945708
            },
            "loc": {
              "sloc": 5.0,
              "ploc": 5.0,
              "lloc": 4.0,
              "cloc": 0.0,
              "blank": 0.0,
              "sloc_average": 5.0,
              "ploc_average": 5.0,
              "lloc_average": 4.0,
              "cloc_average": 0.0,
              "blank_average": 0.0,
              "sloc_min": 5.0,
              "sloc_max": 5.0,
              "cloc_min": 0.0,
              "cloc_max": 0.0,
              "ploc_min": 5.0,
              "ploc_max": 5.0,
              "lloc_min": 4.0,
              "lloc_max": 4.0,
              "blank_min": 0.0,
              "blank_max": 0.0
            },
            "nom": {
              "functions": 1.0,
              "closures": 0.0,
              "functions_average": 1.0,
              "closures_average": 0.0,
              "total": 1.0,
              "average": 1.0,
              "functions_min": 1.0,
              "functions_max": 1.0,
              "closures_min": 0.0,
              "closures_max": 0.0
            },
            "mi": {
              "mi_original": 119.71750568642267,
              "mi_sei": 97.21863948819444,
              "mi_visual_studio": 70.01023724352203
            },
            "abc": {
              "assignments": 0.0,
              "branches": 0.0,
              "conditions": 0.0,
              "magnitude": 0.0,
              "assignments_average": 0.0,
              "branches_average": 0.0,
              "conditions_average": 0.0,
              "assignments_min": 0.0,
              "assignments_max": 0.0,
              "branches_min": 0.0,
              "branches_max": 0.0,
              "conditions_min": 0.0,
              "conditions_max": 0.0
            }
          }
        },
        {
          "name": "show",
          "start_line": 33,
          "end_line": 35,
          "kind": "function",
          "spaces": [],
          "metrics": {
            "nargs": {
              "total_functions": 0.0,
              "total_closures": 0.0,
              "average_functions": 0.0,
              "average_closures": 0.0,
              "total": 0.0,
              "average": 0.0,
              "functions_min": 0.0,
              "functions_max": 0.0,
              "closures_min": 0.0,
              "closures_max": 0.0
            },
            "nexits": {
              "sum": 0.0,
              "average": 0.0,
              "min": 0.0,
              "max": 0.0
            },
            "cognitive": {
              "sum": 0.0,
              "average": 0.0,
              "min": 0.0,
              "max": 0.0
            },
            "cyclomatic": {
              "sum": 1.0,
              "average": 1.0,
              "min": 1.0,
              "max": 1.0
            },
            "halstead": {
              "n1": 2.0,
              "N1": 2.0,
              "n2": 1.0,
              "N2": 1.0,
              "length": 3.0,
              "estimated_program_length": 2.0,
              "purity_ratio": 0.6666666666666666,
              "vocabulary": 3.0,
              "volume": 4.754887502163468,
              "difficulty": 1.0,
              "level": 1.0,
              "effort": 4.754887502163468,
              "time": 0.26416041678685936,
              "bugs": 0.0009425525573729414
            },
            "loc": {
              "sloc": 3.0,
              "ploc": 2.0,
              "lloc": 1.0,
              "cloc": 1.0,
              "blank": 0.0,
              "sloc_average": 3.0,
              "ploc_average": 2.0,
              "lloc_average": 1.0,
              "cloc_average": 1.0,
              "blank_average": 0.0,
              "sloc_min": 3.0,
              "sloc_max": 3.0,
              "cloc_min": 1.0,
              "cloc_max": 1.0,
              "ploc_min": 2.0,
              "ploc_max": 2.0,
              "lloc_min": 1.0,
              "lloc_max": 1.0,
              "blank_min": 0.0,
              "blank_max": 0.0
            },
            "nom": {
              "functions": 1.0,
              "closures": 0.0,
              "functions_average": 1.0,
              "closures_average": 0.0,
              "total": 1.0,
              "average": 1.0,
              "functions_min": 1.0,
              "functions_max": 1.0,
              "closures_min": 0.0,
              "closures_max": 0.0
            },
            "mi": {
              "mi_original": 144.86478113187096,
              "mi_sei": 172.3892017250539,
              "mi_visual_studio": 84.71624627594792
            },
            "abc": {
              "assignments": 0.0,
              "branches": 0.0,
              "conditions": 0.0,
              "magnitude": 0.0,
              "assignments_average": 0.0,
              "branches_average": 0.0,
              "conditions_average": 0.0,
              "assignments_min": 0.0,
              "assignments_max": 0.0,
              "branches_min": 0.0,
              "branches_max": 0.0,
              "conditions_min": 0.0,
              "conditions_max": 0.0
            }
          }
        }
      ],
      "metrics": {
        "nargs": {
          "total_functions": 1.0,
          "total_closures": 0.0,
          "average_functions": 0.25,
          "average_closures": 0.0,
          "total": 1.0,
          "average": 0.25,
          "functions_min": 0.0,
          "functions_max": 1.0,
          "closures_min": 0.0,
          "closures_max": 0.0
        },
        "nexits": {
          "sum": 0.0,
          "average": 0.0,
          "min": 0.0,
          "max": 0.0
        },
        "cognitive": {
          "sum": 1.0,
          "average": 0.25,
          "min": 0.0,
          "max": 1.0
        },
        "cyclomatic": {
          "sum": 6.0,
          "average": 1.2,
          "min": 1.0,
          "max": 2.0
        },
        "halstead": {
          "n1": 10.0,
          "N1": 27.0,
          "n2": 18.0,
          "N2": 23.0,
          "length": 50.0,
          "estimated_program_length": 108.27793097483524,
          "purity_ratio": 2.165558619496705,
          "vocabulary": 28.0,
          "volume": 240.36774610288018,
          "difficulty": 6.388888888888889,
          "level": 0.15652173913043477,
          "effort": 1535.6828223239568,
          "time": 85.31571235133093,
          "bugs": 0.04436901249491089
        },
        "loc": {
          "sloc": 19.0,
          "ploc": 14.0,
          "lloc": 8.0,
          "cloc": 2.0,
          "blank": 3.0,
          "sloc_average": 3.8,
          "ploc_average": 2.8,
          "lloc_average": 1.6,
          "cloc_average": 0.4,
          "blank_average": 0.6,
          "sloc_min": 3.0,
          "sloc_max": 5.0,
          "cloc_min": 0.0,
          "cloc_max": 1.0,
          "ploc_min": 2.0,
          "ploc_max": 5.0,
          "lloc_min": 1.0,
          "lloc_max": 4.0,
          "blank_min": 0.0,
          "blank_max": 0.0
        },
        "nom": {
          "functions": 4.0,
          "closures": 0.0,
          "functions_average": 0.8,
          "closures_average": 0.0,
          "total": 4.0,
          "average": 0.8,
          "functions_min": 0.0,
          "functions_max": 1.0,
          "closures_min": 0.0,
          "closures_max": 0.0
        },
        "mi": {
          "mi_original": 93.41280440212437,
          "mi_sei": 83.76262016640842,
          "mi_visual_studio": 54.627370995394365
        },
        "abc": {
          "assignments": 0.0,
          "branches": 0.0,
          "conditions": 0.0,
          "magnitude": 0.0,
          "assignments_average": 0.0,
          "branches_average": 0.0,
          "conditions_average": 0.0,
          "assignments_min": 0.0,
          "assignments_max": 0.0,
          "branches_min": 0.0,
          "branches_max": 0.0,
          "conditions_min": 0.0,
          "conditions_max": 0.0
        }
      }
    }
  ],
  "metrics": {
    "nargs": {
      "total_functions": 1.0,
      "total_closures": 0.0,
      "average_functions": 0.25,
      "average_closures": 0.0,
      "total": 1.0,
      "average": 0.25,
      "functions_min": 0.0,
      "functions_max": 1.0,
      "closures_min": 0.0,
      "closures_max": 0.0
    },
    "nexits": {
      "sum": 0.0,
      "average": 0.0,
      "min": 0.0,
      "max": 0.0
    },
    "cognitive": {
      "sum": 1.0,
      "average": 0.25,
      "min": 0.0,
      "max": 1.0
    },
    "cyclomatic": {
      "sum": 7.0,
      "average": 1.1666666666666667,
      "min": 1.0,
      "max": 2.0
    },
    "halstead": {
      "n1": 13.0,
      "N1": 34.0,
      "n2": 19.0,
      "N2": 26.0,
      "length": 60.0,
      "estimated_program_length": 128.8163390912623,
      "purity_ratio": 2.146938984854372,
      "vocabulary": 32.0,
      "volume": 300.0,
      "difficulty": 8.894736842105264,
      "level": 0.11242603550295857,
      "effort": 2668.421052631579,
      "time": 148.24561403508773,
      "bugs": 0.06412809184748577
    },
    "loc": {
      "sloc": 38.0,
      "ploc": 16.0,
      "lloc": 10.0,
      "cloc": 16.0,
      "blank": 6.0,
      "sloc_average": 6.333333333333333,
      "ploc_average": 2.6666666666666665,
      "lloc_average": 1.6666666666666667,
      "cloc_average": 2.6666666666666665,
      "blank_average": 1.0,
      "sloc_min": 19.0,
      "sloc_max": 19.0,
      "cloc_min": 2.0,
      "cloc_max": 2.0,
      "ploc_min": 14.0,
      "ploc_max": 14.0,
      "lloc_min": 8.0,
      "lloc_max": 8.0,
      "blank_min": 3.0,
      "blank_max": 3.0
    },
    "nom": {
      "functions": 4.0,
      "closures": 0.0,
      "functions_average": 0.6666666666666666,
      "closures_average": 0.0,
      "total": 4.0,
      "average": 0.6666666666666666,
      "functions_min": 0.0,
      "functions_max": 1.0,
      "closures_min": 0.0,
      "closures_max": 0.0
    },
    "mi": {
      "mi_original": 80.8014353442203,
      "mi_sei": 83.79849859614664,
      "mi_visual_studio": 47.252301370889064
    },
    "abc": {
      "assignments": 0.0,
      "branches": 0.0,
      "conditions": 0.0,
      "magnitude": 0.0,
      "assignments_average": 0.0,
      "branches_average": 0.0,
      "conditions_average": 0.0,
      "assignments_min": 0.0,
      "assignments_max": 0.0,
      "branches_min": 0.0,
      "branches_max": 0.0,
      "conditions_min": 0.0,
      "conditions_max": 0.0
    }
  }
}
