---
source: tests/common/mod.rs
expression: funcspace_struct
---
FuncSpace {
    name: None,
    start_line: 1,
    end_line: 202,
    kind: Unit,
    spaces: [
        FuncSpace {
            name: Some(
                "Container<'a>",
            ),
            start_line: 61,
            end_line: 121,
            kind: Impl,
            spaces: [
                FuncSpace {
                    name: Some(
                        "from_ast",
                    ),
                    start_line: 63,
                    end_line: 120,
                    kind: Function,
                    spaces: [],
                    metrics: CodeMetrics {
                        nargs: Stats {
                            fn_nargs: 3,
                            closure_nargs: 0,
                            fn_nargs_sum: 3,
                            closure_nargs_sum: 0,
                            fn_nargs_min: 3,
                            closure_nargs_min: 0,
                            fn_nargs_max: 3,
                            closure_nargs_max: 0,
                            total_functions: 1,
                            total_closures: 0,
                        },
                        nexits: Stats {
                            exit: 2,
                            exit_sum: 2,
                            total_space_functions: 1,
                            exit_min: 2,
                            exit_max: 2,
                        },
                        cognitive: Stats {
                            structural: 17,
                            structural_sum: 17,
                            structural_min: 17,
                            structural_max: 17,
                            nesting: 0,
                            total_space_functions: 1,
                            boolean_seq: BoolSequence {
                                boolean_op: None,
                            },
                        },
                        cyclomatic: Stats {
                            cyclomatic_sum: 12.000,
                            cyclomatic: 12.000,
                            n: 1,
                            cyclomatic_max: 12.000,
                            cyclomatic_min: 12.000,
                        },
                        halstead: Stats {
                            u_operators: 18,
                            operators: 149,
                            u_operands: 29,
                            operands: 91,
                        },
                        loc: Stats {
                            sloc: Sloc {
                                start: 62,
                                end: 119,
                                unit: fal,
                                sloc_min: 58,
                                sloc_max: 58,
                            },
                            ploc: Ploc {
                                lines: {
                                    64,
                                    119,
                                    116,
                                    113,
                                    110,
                                    107,
                                    104,
                                    101,
                                    98,
                                    95,
                                    92,
                                    89,
                                    86,
                                    83,
                                    77,
                                    74,
                                    71,
                                    65,
                                    62,
                                    117,
                                    114,
                                    111,
                                    108,
                                    102,
                                    99,
                                    96,
                                    93,
                                    90,
                                    87,
                                    84,
                                    81,
                                    78,
                                    75,
                                    72,
                                    69,
                                    66,
                                    63,
                                    118,
                                    115,
                                    112,
                                    106,
                                    103,
                                    100,
                                    97,
                                    94,
                                    91,
                                    88,
                                    85,
                                    82,
                                    79,
                                    76,
                                    73,
                                    70,
                                    67,
                                },
                                ploc_min: 54,
                                ploc_max: 54,
                            },
                            cloc: Cloc {
                                only_comment_lines: 0,
                                code_comment_lines: 0,
                                comment_line_end: None,
                                cloc_min: 0,
                                cloc_max: 0,
                            },
                            lloc: Lloc {
                                logical_lines: 23,
                                lloc_min: 23,
                                lloc_max: 23,
                            },
                            space_count: 1,
                            blank_min: 4,
                            blank_max: 4,
                        },
                        nom: Stats {
                            functions: 1,
                            closures: 0,
                            functions_sum: 1,
                            closures_sum: 0,
                            functions_min: 1,
                            functions_max: 1,
                            closures_min: 0,
                            closures_max: 0,
                            space_count: 1,
                        },
                        mi: Stats {
                            halstead_length: 240.000,
                            halstead_vocabulary: 47.000,
                            halstead_volume: 1333.101,
                            cyclomatic: 12.000,
                            sloc: 58.000,
                            comments_percentage: 0.000,
                        },
                        abc: Stats {
                            assignments: 0.000,
                            assignments_sum: 0.000,
                            assignments_min: 0.000,
                            assignments_max: 0.000,
                            branches: 0.000,
                            branches_sum: 0.000,
                            branches_min: 0.000,
                            branches_max: 0.000,
                            conditions: 0.000,
                            conditions_sum: 0.000,
                            conditions_min: 0.000,
                            conditions_max: 0.000,
                            space_count: 1,
                            declaration: [],
                        },
                        wmc: Stats {
                            cyclomatic: 0.000,
                            class_wmc: 0.000,
                            interface_wmc: 0.000,
                            class_wmc_sum: 0.000,
                            interface_wmc_sum: 0.000,
                            space_kind: Unknown,
                        },
                        npm: Stats {
                            class_npm: 0,
                            interface_npm: 0,
                            class_nm: 0,
                            interface_nm: 0,
                            class_npm_sum: 0,
                            interface_npm_sum: 0,
                            class_nm_sum: 0,
                            interface_nm_sum: 0,
                            is_class_space: fal,
                        },
                        npa: Stats {
                            class_npa: 0,
                            interface_npa: 0,
                            class_na: 0,
                            interface_na: 0,
                            class_npa_sum: 0,
                            interface_npa_sum: 0,
                            class_na_sum: 0,
                            interface_na_sum: 0,
                            is_class_space: fal,
                        },
                    },
                },
            ],
            metrics: CodeMetrics {
                nargs: Stats {
                    fn_nargs: 0,
                    closure_nargs: 0,
                    fn_nargs_sum: 3,
                    closure_nargs_sum: 0,
                    fn_nargs_min: 0,
                    closure_nargs_min: 0,
                    fn_nargs_max: 3,
                    closure_nargs_max: 0,
                    total_functions: 1,
                    total_closures: 0,
                },
                nexits: Stats {
                    exit: 0,
                    exit_sum: 2,
                    total_space_functions: 1,
                    exit_min: 0,
                    exit_max: 2,
                },
                cognitive: Stats {
                    structural: 0,
                    structural_sum: 17,
                    structural_min: 0,
                    structural_max: 17,
                    nesting: 0,
                    total_space_functions: 1,
                    boolean_seq: BoolSequence {
                        boolean_op: None,
                    },
                },
                cyclomatic: Stats {
                    cyclomatic_sum: 13.000,
                    cyclomatic: 1.000,
                    n: 2,
                    cyclomatic_max: 12.000,
                    cyclomatic_min: 1.000,
                },
                halstead: Stats {
                    u_operators: 18,
                    operators: 154,
                    u_operands: 29,
                    operands: 93,
                },
                loc: Stats {
                    sloc: Sloc {
                        start: 60,
                        end: 120,
                        unit: fal,
                        sloc_min: 58,
                        sloc_max: 58,
                    },
                    ploc: Ploc {
                        lines: {
                            64,
                            119,
                            116,
                            113,
                            110,
                            107,
                            104,
                            101,
                            98,
                            95,
                            92,
                            89,
                            86,
                            83,
                            77,
                            74,
                            71,
                            65,
                            62,
                            120,
                            117,
                            114,
                            111,
                            108,
                            102,
                            99,
                            96,
                            93,
                            90,
                            87,
                            84,
                            81,
                            78,
                            75,
                            72,
                            69,
                            66,
                            63,
                            60,
                            118,
                            115,
                            112,
                            106,
                            103,
                            100,
                            97,
                            94,
                            91,
                            88,
                            85,
                            82,
                            79,
                            76,
                            73,
                            70,
                            67,
                        },
                        ploc_min: 54,
                        ploc_max: 54,
                    },
                    cloc: Cloc {
                        only_comment_lines: 1,
                        code_comment_lines: 0,
                        comment_line_end: Some(
                            61,
                        ),
                        cloc_min: 0,
                        cloc_max: 0,
                    },
                    lloc: Lloc {
                        logical_lines: 23,
                        lloc_min: 23,
                        lloc_max: 23,
                    },
                    space_count: 2,
                    blank_min: 4,
                    blank_max: 4,
                },
                nom: Stats {
                    functions: 0,
                    closures: 0,
                    functions_sum: 1,
                    closures_sum: 0,
                    functions_min: 0,
                    functions_max: 1,
                    closures_min: 0,
                    closures_max: 0,
                    space_count: 2,
                },
                mi: Stats {
                    halstead_length: 247.000,
                    halstead_vocabulary: 47.000,
                    halstead_volume: 1371.983,
                    cyclomatic: 13.000,
                    sloc: 61.000,
                    comments_percentage: 0.016,
                },
                abc: Stats {
                    assignments: 0.000,
                    assignments_sum: 0.000,
                    assignments_min: 0.000,
                    assignments_max: 0.000,
                    branches: 0.000,
                    branches_sum: 0.000,
                    branches_min: 0.000,
                    branches_max: 0.000,
                    conditions: 0.000,
                    conditions_sum: 0.000,
                    conditions_min: 0.000,
                    conditions_max: 0.000,
                    space_count: 2,
                    declaration: [],
                },
                wmc: Stats {
                    cyclomatic: 0.000,
                    class_wmc: 0.000,
                    interface_wmc: 0.000,
                    class_wmc_sum: 0.000,
                    interface_wmc_sum: 0.000,
                    space_kind: Unknown,
                },
                npm: Stats {
                    class_npm: 0,
                    interface_npm: 0,
                    class_nm: 0,
                    interface_nm: 0,
                    class_npm_sum: 0,
                    interface_npm_sum: 0,
                    class_nm_sum: 0,
                    interface_nm_sum: 0,
                    is_class_space: fal,
                },
                npa: Stats {
                    class_npa: 0,
                    interface_npa: 0,
                    class_na: 0,
                    interface_na: 0,
                    class_npa_sum: 0,
                    interface_npa_sum: 0,
                    class_na_sum: 0,
                    interface_na_sum: 0,
                    is_class_space: fal,
                },
            },
        },
        FuncSpace {
            name: Some(
                "Data<'a>",
            ),
            start_line: 123,
            end_line: 136,
            kind: Impl,
            spaces: [
                FuncSpace {
                    name: Some(
                        "all_fields",
                    ),
                    start_line: 124,
                    end_line: 131,
                    kind: Function,
                    spaces: [
                        FuncSpace {
                            name: Some(
                                "<anonymous>",
                            ),
                            start_line: 127,
                            end_line: 127,
                            kind: Function,
                            spaces: [],
                            metrics: CodeMetrics {
                                nargs: Stats {
                                    fn_nargs: 0,
                                    closure_nargs: 1,
                                    fn_nargs_sum: 0,
                                    closure_nargs_sum: 1,
                                    fn_nargs_min: 0,
                                    closure_nargs_min: 1,
                                    fn_nargs_max: 0,
                                    closure_nargs_max: 1,
                                    total_functions: 0,
                                    total_closures: 1,
                                },
                                nexits: Stats {
                                    exit: 0,
                                    exit_sum: 0,
                                    total_space_functions: 1,
                                    exit_min: 0,
                                    exit_max: 0,
                                },
                                cognitive: Stats {
                                    structural: 0,
                                    structural_sum: 0,
                                    structural_min: 0,
                                    structural_max: 0,
                                    nesting: 0,
                                    total_space_functions: 1,
                                    boolean_seq: BoolSequence {
                                        boolean_op: None,
                                    },
                                },
                                cyclomatic: Stats {
                                    cyclomatic_sum: 1.000,
                                    cyclomatic: 1.000,
                                    n: 1,
                                    cyclomatic_max: 1.000,
                                    cyclomatic_min: 1.000,
                                },
                                halstead: Stats {
                                    u_operators: 3,
                                    operators: 5,
                                    u_operands: 1,
                                    operands: 2,
                                },
                                loc: Stats {
                                    sloc: Sloc {
                                        start: 126,
                                        end: 126,
                                        unit: fal,
                                        sloc_min: 1,
                                        sloc_max: 1,
                                    },
                                    ploc: Ploc {
                                        lines: {
                                            126,
                                        },
                                        ploc_min: 1,
                                        ploc_max: 1,
                                    },
                                    cloc: Cloc {
                                        only_comment_lines: 0,
                                        code_comment_lines: 0,
                                        comment_line_end: None,
                                        cloc_min: 0,
                                        cloc_max: 0,
                                    },
                                    lloc: Lloc {
                                        logical_lines: 0,
                                        lloc_min: 0,
                                        lloc_max: 0,
                                    },
                                    space_count: 1,
                                    blank_min: 0,
                                    blank_max: 0,
                                },
                                nom: Stats {
                                    functions: 0,
                                    closures: 1,
                                    functions_sum: 0,
                                    closures_sum: 1,
                                    functions_min: 0,
                                    functions_max: 0,
                                    closures_min: 1,
                                    closures_max: 1,
                                    space_count: 1,
                                },
                                mi: Stats {
                                    halstead_length: 7.000,
                                    halstead_vocabulary: 4.000,
                                    halstead_volume: 14.000,
                                    cyclomatic: 1.000,
                                    sloc: 1.000,
                                    comments_percentage: 0.000,
                                },
                                abc: Stats {
                                    assignments: 0.000,
                                    assignments_sum: 0.000,
                                    assignments_min: 0.000,
                                    assignments_max: 0.000,
                                    branches: 0.000,
                                    branches_sum: 0.000,
                                    branches_min: 0.000,
                                    branches_max: 0.000,
                                    conditions: 0.000,
                                    conditions_sum: 0.000,
                                    conditions_min: 0.000,
                                    conditions_max: 0.000,
                                    space_count: 1,
                                    declaration: [],
                                },
                                wmc: Stats {
                                    cyclomatic: 0.000,
                                    class_wmc: 0.000,
                                    interface_wmc: 0.000,
                                    class_wmc_sum: 0.000,
                                    interface_wmc_sum: 0.000,
                                    space_kind: Unknown,
                                },
                                npm: Stats {
                                    class_npm: 0,
                                    interface_npm: 0,
                                    class_nm: 0,
                                    interface_nm: 0,
                                    class_npm_sum: 0,
                                    interface_npm_sum: 0,
                                    class_nm_sum: 0,
                                    interface_nm_sum: 0,
                                    is_class_space: fal,
                                },
                                npa: Stats {
                                    class_npa: 0,
                                    interface_npa: 0,
                                    class_na: 0,
                                    interface_na: 0,
                                    class_npa_sum: 0,
                                    interface_npa_sum: 0,
                                    class_na_sum: 0,
                                    interface_na_sum: 0,
                                    is_class_space: fal,
                                },
                            },
                        },
                    ],
                    metrics: CodeMetrics {
                        nargs: Stats {
                            fn_nargs: 1,
                            closure_nargs: 0,
                            fn_nargs_sum: 1,
                            closure_nargs_sum: 1,
                            fn_nargs_min: 0,
                            closure_nargs_min: 0,
                            fn_nargs_max: 1,
                            closure_nargs_max: 1,
                            total_functions: 1,
                            total_closures: 1,
                        },
                        nexits: Stats {
                            exit: 1,
                            exit_sum: 1,
                            total_space_functions: 2,
                            exit_min: 0,
                            exit_max: 1,
                        },
                        cognitive: Stats {
                            structural: 1,
                            structural_sum: 1,
                            structural_min: 0,
                            structural_max: 1,
                            nesting: 0,
                            total_space_functions: 2,
                            boolean_seq: BoolSequence {
                                boolean_op: None,
                            },
                        },
                        cyclomatic: Stats {
                            cyclomatic_sum: 4.000,
                            cyclomatic: 3.000,
                            n: 2,
                            cyclomatic_max: 3.000,
                            cyclomatic_min: 1.000,
                        },
                        halstead: Stats {
                            u_operators: 14,
                            operators: 36,
                            u_operands: 12,
                            operands: 22,
                        },
                        loc: Stats {
                            sloc: Sloc {
                                start: 123,
                                end: 130,
                                unit: fal,
                                sloc_min: 1,
                                sloc_max: 1,
                            },
                            ploc: Ploc {
                                lines: {
                                    128,
                                    125,
                                    129,
                                    126,
                                    123,
                                    130,
                                    127,
                                    124,
                                },
                                ploc_min: 1,
                                ploc_max: 1,
                            },
                            cloc: Cloc {
                                only_comment_lines: 0,
                                code_comment_lines: 0,
                                comment_line_end: None,
                                cloc_min: 0,
                                cloc_max: 0,
                            },
                            lloc: Lloc {
                                logical_lines: 1,
                                lloc_min: 0,
                                lloc_max: 0,
                            },
                            space_count: 2,
                            blank_min: 0,
                            blank_max: 0,
                        },
                        nom: Stats {
                            functions: 1,
                            closures: 0,
                            functions_sum: 1,
                            closures_sum: 1,
                            functions_min: 0,
                            functions_max: 1,
                            closures_min: 0,
                            closures_max: 1,
                            space_count: 2,
                        },
                        mi: Stats {
                            halstead_length: 58.000,
                            halstead_vocabulary: 26.000,
                            halstead_volume: 272.626,
                            cyclomatic: 4.000,
                            sloc: 8.000,
                            comments_percentage: 0.000,
                        },
                        abc: Stats {
                            assignments: 0.000,
                            assignments_sum: 0.000,
                            assignments_min: 0.000,
                            assignments_max: 0.000,
                            branches: 0.000,
                            branches_sum: 0.000,
                            branches_min: 0.000,
                            branches_max: 0.000,
                            conditions: 0.000,
                            conditions_sum: 0.000,
                            conditions_min: 0.000,
                            conditions_max: 0.000,
                            space_count: 2,
                            declaration: [],
                        },
                        wmc: Stats {
                            cyclomatic: 0.000,
                            class_wmc: 0.000,
                            interface_wmc: 0.000,
                            class_wmc_sum: 0.000,
                            interface_wmc_sum: 0.000,
                            space_kind: Unknown,
                        },
                        npm: Stats {
                            class_npm: 0,
                            interface_npm: 0,
                            class_nm: 0,
                            interface_nm: 0,
                            class_npm_sum: 0,
                            interface_npm_sum: 0,
                            class_nm_sum: 0,
                            interface_nm_sum: 0,
                            is_class_space: fal,
                        },
                        npa: Stats {
                            class_npa: 0,
                            interface_npa: 0,
                            class_na: 0,
                            interface_na: 0,
                            class_npa_sum: 0,
                            interface_npa_sum: 0,
                            class_na_sum: 0,
                            interface_na_sum: 0,
                            is_class_space: fal,
                        },
                    },
                },
                FuncSpace {
                    name: Some(
                        "has_getter",
                    ),
                    start_line: 133,
                    end_line: 135,
                    kind: Function,
                    spaces: [
                        FuncSpace {
                            name: Some(
                                "<anonymous>",
                            ),
                            start_line: 134,
                            end_line: 134,
                            kind: Function,
                            spaces: [],
                            metrics: CodeMetrics {
                                nargs: Stats {
                                    fn_nargs: 0,
                                    closure_nargs: 1,
                                    fn_nargs_sum: 0,
                                    closure_nargs_sum: 1,
                                    fn_nargs_min: 0,
                                    closure_nargs_min: 1,
                                    fn_nargs_max: 0,
                                    closure_nargs_max: 1,
                                    total_functions: 0,
                                    total_closures: 1,
                                },
                                nexits: Stats {
                                    exit: 0,
                                    exit_sum: 0,
                                    total_space_functions: 1,
                                    exit_min: 0,
                                    exit_max: 0,
                                },
                                cognitive: Stats {
                                    structural: 0,
                                    structural_sum: 0,
                                    structural_min: 0,
                                    structural_max: 0,
                                    nesting: 0,
                                    total_space_functions: 1,
                                    boolean_seq: BoolSequence {
                                        boolean_op: None,
                                    },
                                },
                                cyclomatic: Stats {
                                    cyclomatic_sum: 1.000,
                                    cyclomatic: 1.000,
                                    n: 1,
                                    cyclomatic_max: 1.000,
                                    cyclomatic_min: 1.000,
                                },
                                halstead: Stats {
                                    u_operators: 3,
                                    operators: 7,
                                    u_operands: 1,
                                    operands: 2,
                                },
                                loc: Stats {
                                    sloc: Sloc {
                                        start: 133,
                                        end: 133,
                                        unit: fal,
                                        sloc_min: 1,
                                        sloc_max: 1,
                                    },
                                    ploc: Ploc {
                                        lines: {
                                            133,
                                        },
                                        ploc_min: 1,
                                        ploc_max: 1,
                                    },
                                    cloc: Cloc {
                                        only_comment_lines: 0,
                                        code_comment_lines: 0,
                                        comment_line_end: None,
                                        cloc_min: 0,
                                        cloc_max: 0,
                                    },
                                    lloc: Lloc {
                                        logical_lines: 0,
                                        lloc_min: 0,
                                        lloc_max: 0,
                                    },
                                    space_count: 1,
                                    blank_min: 0,
                                    blank_max: 0,
                                },
                                nom: Stats {
                                    functions: 0,
                                    closures: 1,
                                    functions_sum: 0,
                                    closures_sum: 1,
                                    functions_min: 0,
                                    functions_max: 0,
                                    closures_min: 1,
                                    closures_max: 1,
                                    space_count: 1,
                                },
                                mi: Stats {
                                    halstead_length: 9.000,
                                    halstead_vocabulary: 4.000,
                                    halstead_volume: 18.000,
                                    cyclomatic: 1.000,
                                    sloc: 1.000,
                                    comments_percentage: 0.000,
                                },
                                abc: Stats {
                                    assignments: 0.000,
                                    assignments_sum: 0.000,
                                    assignments_min: 0.000,
                                    assignments_max: 0.000,
                                    branches: 0.000,
                                    branches_sum: 0.000,
                                    branches_min: 0.000,
                                    branches_max: 0.000,
                                    conditions: 0.000,
                                    conditions_sum: 0.000,
                                    conditions_min: 0.000,
                                    conditions_max: 0.000,
                                    space_count: 1,
                                    declaration: [],
                                },
                                wmc: Stats {
                                    cyclomatic: 0.000,
                                    class_wmc: 0.000,
                                    interface_wmc: 0.000,
                                    class_wmc_sum: 0.000,
                                    interface_wmc_sum: 0.000,
                                    space_kind: Unknown,
                                },
                                npm: Stats {
                                    class_npm: 0,
                                    interface_npm: 0,
                                    class_nm: 0,
                                    interface_nm: 0,
                                    class_npm_sum: 0,
                                    interface_npm_sum: 0,
                                    class_nm_sum: 0,
                                    interface_nm_sum: 0,
                                    is_class_space: fal,
                                },
                                npa: Stats {
                                    class_npa: 0,
                                    interface_npa: 0,
                                    class_na: 0,
                                    interface_na: 0,
                                    class_npa_sum: 0,
                                    interface_npa_sum: 0,
                                    class_na_sum: 0,
                                    interface_na_sum: 0,
                                    is_class_space: fal,
                                },
                            },
                        },
                    ],
                    metrics: CodeMetrics {
                        nargs: Stats {
                            fn_nargs: 1,
                            closure_nargs: 0,
                            fn_nargs_sum: 1,
                            closure_nargs_sum: 1,
                            fn_nargs_min: 0,
                            closure_nargs_min: 0,
                            fn_nargs_max: 1,
                            closure_nargs_max: 1,
                            total_functions: 1,
                            total_closures: 1,
                        },
                        nexits: Stats {
                            exit: 1,
                            exit_sum: 1,
                            total_space_functions: 2,
                            exit_min: 0,
                            exit_max: 1,
                        },
                        cognitive: Stats {
                            structural: 0,
                            structural_sum: 0,
                            structural_min: 0,
                            structural_max: 0,
                            nesting: 0,
                            total_space_functions: 2,
                            boolean_seq: BoolSequence {
                                boolean_op: None,
                            },
                        },
                        cyclomatic: Stats {
                            cyclomatic_sum: 2.000,
                            cyclomatic: 1.000,
                            n: 2,
                            cyclomatic_max: 1.000,
                            cyclomatic_min: 1.000,
                        },
                        halstead: Stats {
                            u_operators: 8,
                            operators: 17,
                            u_operands: 3,
                            operands: 5,
                        },
                        loc: Stats {
                            sloc: Sloc {
                                start: 132,
                                end: 134,
                                unit: fal,
                                sloc_min: 1,
                                sloc_max: 1,
                            },
                            ploc: Ploc {
                                lines: {
                                    132,
                                    133,
                                    134,
                                },
                                ploc_min: 1,
                                ploc_max: 1,
                            },
                            cloc: Cloc {
                                only_comment_lines: 0,
                                code_comment_lines: 0,
                                comment_line_end: None,
                                cloc_min: 0,
                                cloc_max: 0,
                            },
                            lloc: Lloc {
                                logical_lines: 0,
                                lloc_min: 0,
                                lloc_max: 0,
                            },
                            space_count: 2,
                            blank_min: 0,
                            blank_max: 0,
                        },
                        nom: Stats {
                            functions: 1,
                            closures: 0,
                            functions_sum: 1,
                            closures_sum: 1,
                            functions_min: 0,
                            functions_max: 1,
                            closures_min: 0,
                            closures_max: 1,
                            space_count: 2,
                        },
                        mi: Stats {
                            halstead_length: 22.000,
                            halstead_vocabulary: 11.000,
                            halstead_volume: 76.107,
                            cyclomatic: 2.000,
                            sloc: 3.000,
                            comments_percentage: 0.000,
                        },
                        abc: Stats {
                            assignments: 0.000,
                            assignments_sum: 0.000,
                            assignments_min: 0.000,
                            assignments_max: 0.000,
                            branches: 0.000,
                            branches_sum: 0.000,
                            branches_min: 0.000,
                            branches_max: 0.000,
                            conditions: 0.000,
                            conditions_sum: 0.000,
                            conditions_min: 0.000,
                            conditions_max: 0.000,
                            space_count: 2,
                            declaration: [],
                        },
                        wmc: Stats {
                            cyclomatic: 0.000,
                            class_wmc: 0.000,
                            interface_wmc: 0.000,
                            class_wmc_sum: 0.000,
                            interface_wmc_sum: 0.000,
                            space_kind: Unknown,
                        },
                        npm: Stats {
                            class_npm: 0,
                            interface_npm: 0,
                            class_nm: 0,
                            interface_nm: 0,
                            class_npm_sum: 0,
                            interface_npm_sum: 0,
                            class_nm_sum: 0,
                            interface_nm_sum: 0,
                            is_class_space: fal,
                        },
                        npa: Stats {
                            class_npa: 0,
                            interface_npa: 0,
                            class_na: 0,
                            interface_na: 0,
                            class_npa_sum: 0,
                            interface_npa_sum: 0,
                            class_na_sum: 0,
                            interface_na_sum: 0,
                            is_class_space: fal,
                        },
                    },
                },
            ],
            metrics: CodeMetrics {
                nargs: Stats {
                    fn_nargs: 0,
                    closure_nargs: 0,
                    fn_nargs_sum: 2,
                    closure_nargs_sum: 2,
                    fn_nargs_min: 0,
                    closure_nargs_min: 0,
                    fn_nargs_max: 1,
                    closure_nargs_max: 1,
                    total_functions: 2,
                    total_closures: 2,
                },
                nexits: Stats {
                    exit: 0,
                    exit_sum: 2,
                    total_space_functions: 4,
                    exit_min: 0,
                    exit_max: 1,
                },
                cognitive: Stats {
                    structural: 0,
                    structural_sum: 1,
                    structural_min: 0,
                    structural_max: 1,
                    nesting: 0,
                    total_space_functions: 4,
                    boolean_seq: BoolSequence {
                        boolean_op: None,
                    },
                },
                cyclomatic: Stats {
                    cyclomatic_sum: 7.000,
                    cyclomatic: 1.000,
                    n: 5,
                    cyclomatic_max: 3.000,
                    cyclomatic_min: 1.000,
                },
                halstead: Stats {
                    u_operators: 15,
                    operators: 58,
                    u_operands: 14,
                    operands: 29,
                },
                loc: Stats {
                    sloc: Sloc {
                        start: 122,
                        end: 135,
                        unit: fal,
                        sloc_min: 3,
                        sloc_max: 8,
                    },
                    ploc: Ploc {
                        lines: {
                            128,
                            125,
                            122,
                            135,
                            132,
                            129,
                            126,
                            123,
                            133,
                            130,
                            127,
                            124,
                            134,
                        },
                        ploc_min: 3,
                        ploc_max: 8,
                    },
                    cloc: Cloc {
                        only_comment_lines: 0,
                        code_comment_lines: 0,
                        comment_line_end: None,
                        cloc_min: 0,
                        cloc_max: 0,
                    },
                    lloc: Lloc {
                        logical_lines: 1,
                        lloc_min: 0,
                        lloc_max: 1,
                    },
                    space_count: 5,
                    blank_min: 0,
                    blank_max: 0,
                },
                nom: Stats {
                    functions: 0,
                    closures: 0,
                    functions_sum: 2,
                    closures_sum: 2,
                    functions_min: 0,
                    functions_max: 1,
                    closures_min: 0,
                    closures_max: 1,
                    space_count: 5,
                },
                mi: Stats {
                    halstead_length: 87.000,
                    halstead_vocabulary: 29.000,
                    halstead_volume: 422.644,
                    cyclomatic: 7.000,
                    sloc: 14.000,
                    comments_percentage: 0.000,
                },
                abc: Stats {
                    assignments: 0.000,
                    assignments_sum: 0.000,
                    assignments_min: 0.000,
                    assignments_max: 0.000,
                    branches: 0.000,
                    branches_sum: 0.000,
                    branches_min: 0.000,
                    branches_max: 0.000,
                    conditions: 0.000,
                    conditions_sum: 0.000,
                    conditions_min: 0.000,
                    conditions_max: 0.000,
                    space_count: 5,
                    declaration: [],
                },
                wmc: Stats {
                    cyclomatic: 0.000,
                    class_wmc: 0.000,
                    interface_wmc: 0.000,
                    class_wmc_sum: 0.000,
                    interface_wmc_sum: 0.000,
                    space_kind: Unknown,
                },
                npm: Stats {
                    class_npm: 0,
                    interface_npm: 0,
                    class_nm: 0,
                    interface_nm: 0,
                    class_npm_sum: 0,
                    interface_npm_sum: 0,
                    class_nm_sum: 0,
                    interface_nm_sum: 0,
                    is_class_space: fal,
                },
                npa: Stats {
                    class_npa: 0,
                    interface_npa: 0,
                    class_na: 0,
                    interface_na: 0,
                    class_npa_sum: 0,
                    interface_npa_sum: 0,
                    class_na_sum: 0,
                    interface_na_sum: 0,
                    is_class_space: fal,
                },
            },
        },
        FuncSpace {
            name: Some(
                "enum_from_ast",
            ),
            start_line: 138,
            end_line: 158,
            kind: Function,
            spaces: [
                FuncSpace {
                    name: Some(
                        "<anonymous>",
                    ),
                    start_line: 145,
                    end_line: 156,
                    kind: Function,
                    spaces: [],
                    metrics: CodeMetrics {
                        nargs: Stats {
                            fn_nargs: 0,
                            closure_nargs: 1,
                            fn_nargs_sum: 0,
                            closure_nargs_sum: 1,
                            fn_nargs_min: 0,
                            closure_nargs_min: 1,
                            fn_nargs_max: 0,
                            closure_nargs_max: 1,
                            total_functions: 0,
                            total_closures: 1,
                        },
                        nexits: Stats {
                            exit: 0,
                            exit_sum: 0,
                            total_space_functions: 1,
                            exit_min: 0,
                            exit_max: 0,
                        },
                        cognitive: Stats {
                            structural: 0,
                            structural_sum: 0,
                            structural_min: 0,
                            structural_max: 0,
                            nesting: 0,
                            total_space_functions: 1,
                            boolean_seq: BoolSequence {
                                boolean_op: None,
                            },
                        },
                        cyclomatic: Stats {
                            cyclomatic_sum: 1.000,
                            cyclomatic: 1.000,
                            n: 1,
                            cyclomatic_max: 1.000,
                            cyclomatic_min: 1.000,
                        },
                        halstead: Stats {
                            u_operators: 9,
                            operators: 30,
                            u_operands: 11,
                            operands: 20,
                        },
                        loc: Stats {
                            sloc: Sloc {
                                start: 144,
                                end: 155,
                                unit: fal,
                                sloc_min: 12,
                                sloc_max: 12,
                            },
                            ploc: Ploc {
                                lines: {
                                    144,
                                    154,
                                    151,
                                    148,
                                    145,
                                    155,
                                    152,
                                    149,
                                    146,
                                    153,
                                    150,
                                    147,
                                },
                                ploc_min: 12,
                                ploc_max: 12,
                            },
                            cloc: Cloc {
                                only_comment_lines: 0,
                                code_comment_lines: 0,
                                comment_line_end: None,
                                cloc_min: 0,
                                cloc_max: 0,
                            },
                            lloc: Lloc {
                                logical_lines: 2,
                                lloc_min: 2,
                                lloc_max: 2,
                            },
                            space_count: 1,
                            blank_min: 0,
                            blank_max: 0,
                        },
                        nom: Stats {
                            functions: 0,
                            closures: 1,
                            functions_sum: 0,
                            closures_sum: 1,
                            functions_min: 0,
                            functions_max: 0,
                            closures_min: 1,
                            closures_max: 1,
                            space_count: 1,
                        },
                        mi: Stats {
                            halstead_length: 50.000,
                            halstead_vocabulary: 20.000,
                            halstead_volume: 216.096,
                            cyclomatic: 1.000,
                            sloc: 12.000,
                            comments_percentage: 0.000,
                        },
                        abc: Stats {
                            assignments: 0.000,
                            assignments_sum: 0.000,
                            assignments_min: 0.000,
                            assignments_max: 0.000,
                            branches: 0.000,
                            branches_sum: 0.000,
                            branches_min: 0.000,
                            branches_max: 0.000,
                            conditions: 0.000,
                            conditions_sum: 0.000,
                            conditions_min: 0.000,
                            conditions_max: 0.000,
                            space_count: 1,
                            declaration: [],
                        },
                        wmc: Stats {
                            cyclomatic: 0.000,
                            class_wmc: 0.000,
                            interface_wmc: 0.000,
                            class_wmc_sum: 0.000,
                            interface_wmc_sum: 0.000,
                            space_kind: Unknown,
                        },
                        npm: Stats {
                            class_npm: 0,
                            interface_npm: 0,
                            class_nm: 0,
                            interface_nm: 0,
                            class_npm_sum: 0,
                            interface_npm_sum: 0,
                            class_nm_sum: 0,
                            interface_nm_sum: 0,
                            is_class_space: fal,
                        },
                        npa: Stats {
                            class_npa: 0,
                            interface_npa: 0,
                            class_na: 0,
                            interface_na: 0,
                            class_npa_sum: 0,
                            interface_npa_sum: 0,
                            class_na_sum: 0,
                            interface_na_sum: 0,
                            is_class_space: fal,
                        },
                    },
                },
            ],
            metrics: CodeMetrics {
                nargs: Stats {
                    fn_nargs: 3,
                    closure_nargs: 0,
                    fn_nargs_sum: 3,
                    closure_nargs_sum: 1,
                    fn_nargs_min: 0,
                    closure_nargs_min: 0,
                    fn_nargs_max: 3,
                    closure_nargs_max: 1,
                    total_functions: 1,
                    total_closures: 1,
                },
                nexits: Stats {
                    exit: 1,
                    exit_sum: 1,
                    total_space_functions: 2,
                    exit_min: 0,
                    exit_max: 1,
                },
                cognitive: Stats {
                    structural: 0,
                    structural_sum: 0,
                    structural_min: 0,
                    structural_max: 0,
                    nesting: 0,
                    total_space_functions: 2,
                    boolean_seq: BoolSequence {
                        boolean_op: None,
                    },
                },
                cyclomatic: Stats {
                    cyclomatic_sum: 2.000,
                    cyclomatic: 1.000,
                    n: 2,
                    cyclomatic_max: 1.000,
                    cyclomatic_min: 1.000,
                },
                halstead: Stats {
                    u_operators: 15,
                    operators: 57,
                    u_operands: 16,
                    operands: 31,
                },
                loc: Stats {
                    sloc: Sloc {
                        start: 137,
                        end: 157,
                        unit: fal,
                        sloc_min: 12,
                        sloc_max: 12,
                    },
                    ploc: Ploc {
                        lines: {
                            157,
                            154,
                            151,
                            148,
                            145,
                            142,
                            139,
                            156,
                            153,
                            150,
                            147,
                            144,
                            141,
                            138,
                            155,
                            152,
                            149,
                            146,
                            143,
                            140,
                            137,
                        },
                        ploc_min: 12,
                        ploc_max: 12,
                    },
                    cloc: Cloc {
                        only_comment_lines: 0,
                        code_comment_lines: 0,
                        comment_line_end: None,
                        cloc_min: 0,
                        cloc_max: 0,
                    },
                    lloc: Lloc {
                        logical_lines: 2,
                        lloc_min: 2,
                        lloc_max: 2,
                    },
                    space_count: 2,
                    blank_min: 0,
                    blank_max: 0,
                },
                nom: Stats {
                    functions: 1,
                    closures: 0,
                    functions_sum: 1,
                    closures_sum: 1,
                    functions_min: 0,
                    functions_max: 1,
                    closures_min: 0,
                    closures_max: 1,
                    space_count: 2,
                },
                mi: Stats {
                    halstead_length: 88.000,
                    halstead_vocabulary: 31.000,
                    halstead_volume: 435.969,
                    cyclomatic: 2.000,
                    sloc: 21.000,
                    comments_percentage: 0.000,
                },
                abc: Stats {
                    assignments: 0.000,
                    assignments_sum: 0.000,
                    assignments_min: 0.000,
                    assignments_max: 0.000,
                    branches: 0.000,
                    branches_sum: 0.000,
                    branches_min: 0.000,
                    branches_max: 0.000,
                    conditions: 0.000,
                    conditions_sum: 0.000,
                    conditions_min: 0.000,
                    conditions_max: 0.000,
                    space_count: 2,
                    declaration: [],
                },
                wmc: Stats {
                    cyclomatic: 0.000,
                    class_wmc: 0.000,
                    interface_wmc: 0.000,
                    class_wmc_sum: 0.000,
                    interface_wmc_sum: 0.000,
                    space_kind: Unknown,
                },
                npm: Stats {
                    class_npm: 0,
                    interface_npm: 0,
                    class_nm: 0,
                    interface_nm: 0,
                    class_npm_sum: 0,
                    interface_npm_sum: 0,
                    class_nm_sum: 0,
                    interface_nm_sum: 0,
                    is_class_space: fal,
                },
                npa: Stats {
                    class_npa: 0,
                    interface_npa: 0,
                    class_na: 0,
                    interface_na: 0,
                    class_npa_sum: 0,
                    interface_npa_sum: 0,
                    class_na_sum: 0,
                    interface_na_sum: 0,
                    is_class_space: fal,
                },
            },
        },
        FuncSpace {
            name: Some(
                "struct_from_ast",
            ),
            start_line: 160,
            end_line: 181,
            kind: Function,
            spaces: [],
            metrics: CodeMetrics {
                nargs: Stats {
                    fn_nargs: 4,
                    closure_nargs: 0,
                    fn_nargs_sum: 4,
                    closure_nargs_sum: 0,
                    fn_nargs_min: 4,
                    closure_nargs_min: 0,
                    fn_nargs_max: 4,
                    closure_nargs_max: 0,
                    total_functions: 1,
                    total_closures: 0,
                },
                nexits: Stats {
                    exit: 1,
                    exit_sum: 1,
                    total_space_functions: 1,
                    exit_min: 1,
                    exit_max: 1,
                },
                cognitive: Stats {
                    structural: 1,
                    structural_sum: 1,
                    structural_min: 1,
                    structural_max: 1,
                    nesting: 0,
                    total_space_functions: 1,
                    boolean_seq: BoolSequence {
                        boolean_op: None,
                    },
                },
                cyclomatic: Stats {
                    cyclomatic_sum: 6.000,
                    cyclomatic: 6.000,
                    n: 1,
                    cyclomatic_max: 6.000,
                    cyclomatic_min: 6.000,
                },
                halstead: Stats {
                    u_operators: 13,
                    operators: 70,
                    u_operands: 20,
                    operands: 54,
                },
                loc: Stats {
                    sloc: Sloc {
                        start: 159,
                        end: 180,
                        unit: fal,
                        sloc_min: 22,
                        sloc_max: 22,
                    },
                    ploc: Ploc {
                        lines: {
                            160,
                            180,
                            177,
                            174,
                            171,
                            168,
                            165,
                            162,
                            159,
                            179,
                            176,
                            173,
                            170,
                            167,
                            164,
                            161,
                            178,
                            175,
                            172,
                            169,
                            166,
                            163,
                        },
                        ploc_min: 22,
                        ploc_max: 22,
                    },
                    cloc: Cloc {
                        only_comment_lines: 0,
                        code_comment_lines: 0,
                        comment_line_end: None,
                        cloc_min: 0,
                        cloc_max: 0,
                    },
                    lloc: Lloc {
                        logical_lines: 1,
                        lloc_min: 1,
                        lloc_max: 1,
                    },
                    space_count: 1,
                    blank_min: 0,
                    blank_max: 0,
                },
                nom: Stats {
                    functions: 1,
                    closures: 0,
                    functions_sum: 1,
                    closures_sum: 0,
                    functions_min: 1,
                    functions_max: 1,
                    closures_min: 0,
                    closures_max: 0,
                    space_count: 1,
                },
                mi: Stats {
                    halstead_length: 124.000,
                    halstead_vocabulary: 33.000,
                    halstead_volume: 625.505,
                    cyclomatic: 6.000,
                    sloc: 22.000,
                    comments_percentage: 0.000,
                },
                abc: Stats {
                    assignments: 0.000,
                    assignments_sum: 0.000,
                    assignments_min: 0.000,
                    assignments_max: 0.000,
                    branches: 0.000,
                    branches_sum: 0.000,
                    branches_min: 0.000,
                    branches_max: 0.000,
                    conditions: 0.000,
                    conditions_sum: 0.000,
                    conditions_min: 0.000,
                    conditions_max: 0.000,
                    space_count: 1,
                    declaration: [],
                },
                wmc: Stats {
                    cyclomatic: 0.000,
                    class_wmc: 0.000,
                    interface_wmc: 0.000,
                    class_wmc_sum: 0.000,
                    interface_wmc_sum: 0.000,
                    space_kind: Unknown,
                },
                npm: Stats {
                    class_npm: 0,
                    interface_npm: 0,
                    class_nm: 0,
                    interface_nm: 0,
                    class_npm_sum: 0,
                    interface_npm_sum: 0,
                    class_nm_sum: 0,
                    interface_nm_sum: 0,
                    is_class_space: fal,
                },
                npa: Stats {
                    class_npa: 0,
                    interface_npa: 0,
                    class_na: 0,
                    interface_na: 0,
                    class_npa_sum: 0,
                    interface_npa_sum: 0,
                    class_na_sum: 0,
                    interface_na_sum: 0,
                    is_class_space: fal,
                },
            },
        },
        FuncSpace {
            name: Some(
                "fields_from_ast",
            ),
            start_line: 183,
            end_line: 202,
            kind: Function,
            spaces: [
                FuncSpace {
                    name: Some(
                        "<anonymous>",
                    ),
                    start_line: 192,
                    end_line: 200,
                    kind: Function,
                    spaces: [],
                    metrics: CodeMetrics {
                        nargs: Stats {
                            fn_nargs: 0,
                            closure_nargs: 1,
                            fn_nargs_sum: 0,
                            closure_nargs_sum: 1,
                            fn_nargs_min: 0,
                            closure_nargs_min: 1,
                            fn_nargs_max: 0,
                            closure_nargs_max: 1,
                            total_functions: 0,
                            total_closures: 1,
                        },
                        nexits: Stats {
                            exit: 0,
                            exit_sum: 0,
                            total_space_functions: 1,
                            exit_min: 0,
                            exit_max: 0,
                        },
                        cognitive: Stats {
                            structural: 2,
                            structural_sum: 2,
                            structural_min: 2,
                            structural_max: 2,
                            nesting: 1,
                            total_space_functions: 1,
                            boolean_seq: BoolSequence {
                                boolean_op: None,
                            },
                        },
                        cyclomatic: Stats {
                            cyclomatic_sum: 3.000,
                            cyclomatic: 3.000,
                            n: 1,
                            cyclomatic_max: 3.000,
                            cyclomatic_min: 3.000,
                        },
                        halstead: Stats {
                            u_operators: 8,
                            operators: 31,
                            u_operands: 15,
                            operands: 24,
                        },
                        loc: Stats {
                            sloc: Sloc {
                                start: 191,
                                end: 199,
                                unit: fal,
                                sloc_min: 9,
                                sloc_max: 9,
                            },
                            ploc: Ploc {
                                lines: {
                                    192,
                                    199,
                                    196,
                                    193,
                                    197,
                                    194,
                                    191,
                                    198,
                                    195,
                                },
                                ploc_min: 9,
                                ploc_max: 9,
                            },
                            cloc: Cloc {
                                only_comment_lines: 0,
                                code_comment_lines: 0,
                                comment_line_end: None,
                                cloc_min: 0,
                                cloc_max: 0,
                            },
                            lloc: Lloc {
                                logical_lines: 0,
                                lloc_min: 0,
                                lloc_max: 0,
                            },
                            space_count: 1,
                            blank_min: 0,
                            blank_max: 0,
                        },
                        nom: Stats {
                            functions: 0,
                            closures: 1,
                            functions_sum: 0,
                            closures_sum: 1,
                            functions_min: 0,
                            functions_max: 0,
                            closures_min: 1,
                            closures_max: 1,
                            space_count: 1,
                        },
                        mi: Stats {
                            halstead_length: 55.000,
                            halstead_vocabulary: 23.000,
                            halstead_volume: 248.796,
                            cyclomatic: 3.000,
                            sloc: 9.000,
                            comments_percentage: 0.000,
                        },
                        abc: Stats {
                            assignments: 0.000,
                            assignments_sum: 0.000,
                            assignments_min: 0.000,
                            assignments_max: 0.000,
                            branches: 0.000,
                            branches_sum: 0.000,
                            branches_min: 0.000,
                            branches_max: 0.000,
                            conditions: 0.000,
                            conditions_sum: 0.000,
                            conditions_min: 0.000,
                            conditions_max: 0.000,
                            space_count: 1,
                            declaration: [],
                        },
                        wmc: Stats {
                            cyclomatic: 0.000,
                            class_wmc: 0.000,
                            interface_wmc: 0.000,
                            class_wmc_sum: 0.000,
                            interface_wmc_sum: 0.000,
                            space_kind: Unknown,
                        },
                        npm: Stats {
                            class_npm: 0,
                            interface_npm: 0,
                            class_nm: 0,
                            interface_nm: 0,
                            class_npm_sum: 0,
                            interface_npm_sum: 0,
                            class_nm_sum: 0,
                            interface_nm_sum: 0,
                            is_class_space: fal,
                        },
                        npa: Stats {
                            class_npa: 0,
                            interface_npa: 0,
                            class_na: 0,
                            interface_na: 0,
                            class_npa_sum: 0,
                            interface_npa_sum: 0,
                            class_na_sum: 0,
                            interface_na_sum: 0,
                            is_class_space: fal,
                        },
                    },
                },
            ],
            metrics: CodeMetrics {
                nargs: Stats {
                    fn_nargs: 4,
                    closure_nargs: 0,
                    fn_nargs_sum: 4,
                    closure_nargs_sum: 1,
                    fn_nargs_min: 0,
                    closure_nargs_min: 0,
                    fn_nargs_max: 4,
                    closure_nargs_max: 1,
                    total_functions: 1,
                    total_closures: 1,
                },
                nexits: Stats {
                    exit: 1,
                    exit_sum: 1,
                    total_space_functions: 2,
                    exit_min: 0,
                    exit_max: 1,
                },
                cognitive: Stats {
                    structural: 0,
                    structural_sum: 2,
                    structural_min: 0,
                    structural_max: 2,
                    nesting: 0,
                    total_space_functions: 2,
                    boolean_seq: BoolSequence {
                        boolean_op: None,
                    },
                },
                cyclomatic: Stats {
                    cyclomatic_sum: 4.000,
                    cyclomatic: 1.000,
                    n: 2,
                    cyclomatic_max: 3.000,
                    cyclomatic_min: 1.000,
                },
                halstead: Stats {
                    u_operators: 14,
                    operators: 64,
                    u_operands: 19,
                    operands: 37,
                },
                loc: Stats {
                    sloc: Sloc {
                        start: 182,
                        end: 201,
                        unit: fal,
                        sloc_min: 9,
                        sloc_max: 9,
                    },
                    ploc: Ploc {
                        lines: {
                            192,
                            189,
                            186,
                            183,
                            200,
                            197,
                            194,
                            191,
                            188,
                            185,
                            182,
                            199,
                            196,
                            193,
                            190,
                            187,
                            184,
                            201,
                            198,
                            195,
                        },
                        ploc_min: 9,
                        ploc_max: 9,
                    },
                    cloc: Cloc {
                        only_comment_lines: 0,
                        code_comment_lines: 0,
                        comment_line_end: None,
                        cloc_min: 0,
                        cloc_max: 0,
                    },
                    lloc: Lloc {
                        logical_lines: 0,
                        lloc_min: 0,
                        lloc_max: 0,
                    },
                    space_count: 2,
                    blank_min: 0,
                    blank_max: 0,
                },
                nom: Stats {
                    functions: 1,
                    closures: 0,
                    functions_sum: 1,
                    closures_sum: 1,
                    functions_min: 0,
                    functions_max: 1,
                    closures_min: 0,
                    closures_max: 1,
                    space_count: 2,
                },
                mi: Stats {
                    halstead_length: 101.000,
                    halstead_vocabulary: 33.000,
                    halstead_volume: 509.484,
                    cyclomatic: 4.000,
                    sloc: 20.000,
                    comments_percentage: 0.000,
                },
                abc: Stats {
                    assignments: 0.000,
                    assignments_sum: 0.000,
                    assignments_min: 0.000,
                    assignments_max: 0.000,
                    branches: 0.000,
                    branches_sum: 0.000,
                    branches_min: 0.000,
                    branches_max: 0.000,
                    conditions: 0.000,
                    conditions_sum: 0.000,
                    conditions_min: 0.000,
                    conditions_max: 0.000,
                    space_count: 2,
                    declaration: [],
                },
                wmc: Stats {
                    cyclomatic: 0.000,
                    class_wmc: 0.000,
                    interface_wmc: 0.000,
                    class_wmc_sum: 0.000,
                    interface_wmc_sum: 0.000,
                    space_kind: Unknown,
                },
                npm: Stats {
                    class_npm: 0,
                    interface_npm: 0,
                    class_nm: 0,
                    interface_nm: 0,
                    class_npm_sum: 0,
                    interface_npm_sum: 0,
                    class_nm_sum: 0,
                    interface_nm_sum: 0,
                    is_class_space: fal,
                },
                npa: Stats {
                    class_npa: 0,
                    interface_npa: 0,
                    class_na: 0,
                    interface_na: 0,
                    class_npa_sum: 0,
                    interface_npa_sum: 0,
                    class_na_sum: 0,
                    interface_na_sum: 0,
                    is_class_space: fal,
                },
            },
        },
    ],
    metrics: CodeMetrics {
        nargs: Stats {
            fn_nargs: 0,
            closure_nargs: 0,
            fn_nargs_sum: 16,
            closure_nargs_sum: 4,
            fn_nargs_min: 0,
            closure_nargs_min: 0,
            fn_nargs_max: 4,
            closure_nargs_max: 1,
            total_functions: 6,
            total_closures: 4,
        },
        nexits: Stats {
            exit: 0,
            exit_sum: 7,
            total_space_functions: 10,
            exit_min: 0,
            exit_max: 2,
        },
        cognitive: Stats {
            structural: 0,
            structural_sum: 21,
            structural_min: 0,
            structural_max: 17,
            nesting: 0,
            total_space_functions: 10,
            boolean_seq: BoolSequence {
                boolean_op: None,
            },
        },
        cyclomatic: Stats {
            cyclomatic_sum: 33.000,
            cyclomatic: 1.000,
            n: 13,
            cyclomatic_max: 12.000,
            cyclomatic_min: 1.000,
        },
        halstead: Stats {
            u_operators: 24,
            operators: 467,
            u_operands: 59,
            operands: 288,
        },
        loc: Stats {
            sloc: Sloc {
                start: 0,
                end: 202,
                unit: tru,
                sloc_min: 14,
                sloc_max: 61,
            },
            ploc: Ploc {
                lines: {
                    189,
                    122,
                    55,
                    177,
                    110,
                    43,
                    165,
                    98,
                    153,
                    86,
                    141,
                    74,
                    196,
                    129,
                    62,
                    184,
                    117,
                    172,
                    38,
                    160,
                    93,
                    26,
                    148,
                    81,
                    14,
                    69,
                    2,
                    191,
                    124,
                    57,
                    179,
                    112,
                    45,
                    167,
                    100,
                    33,
                    155,
                    88,
                    21,
                    143,
                    76,
                    198,
                    64,
                    186,
                    119,
                    174,
                    107,
                    162,
                    95,
                    28,
                    150,
                    83,
                    16,
                    138,
                    71,
                    4,
                    193,
                    126,
                    114,
                    169,
                    102,
                    35,
                    157,
                    90,
                    145,
                    78,
                    200,
                    133,
                    66,
                    188,
                    176,
                    42,
                    164,
                    97,
                    152,
                    85,
                    18,
                    140,
                    73,
                    6,
                    195,
                    128,
                    183,
                    116,
                    49,
                    171,
                    104,
                    37,
                    159,
                    92,
                    147,
                    135,
                    190,
                    123,
                    178,
                    111,
                    44,
                    166,
                    99,
                    32,
                    154,
                    87,
                    20,
                    142,
                    75,
                    197,
                    130,
                    63,
                    185,
                    118,
                    51,
                    173,
                    106,
                    161,
                    94,
                    27,
                    149,
                    82,
                    137,
                    70,
                    3,
                    192,
                    125,
                    58,
                    180,
                    113,
                    46,
                    168,
                    101,
                    34,
                    156,
                    89,
                    144,
                    77,
                    10,
                    199,
                    132,
                    65,
                    187,
                    120,
                    53,
                    175,
                    108,
                    41,
                    163,
                    96,
                    29,
                    151,
                    84,
                    139,
                    72,
                    5,
                    194,
                    127,
                    60,
                    182,
                    115,
                    48,
                    170,
                    103,
                    36,
                    91,
                    146,
                    79,
                    12,
                    201,
                    134,
                    67,
                },
                ploc_min: 13,
                ploc_max: 56,
            },
            cloc: Cloc {
                only_comment_lines: 18,
                code_comment_lines: 0,
                comment_line_end: Some(
                    56,
                ),
                cloc_min: 0,
                cloc_max: 1,
            },
            lloc: Lloc {
                logical_lines: 27,
                lloc_min: 0,
                lloc_max: 23,
            },
            space_count: 13,
            blank_min: 0,
            blank_max: 4,
        },
        nom: Stats {
            functions: 0,
            closures: 0,
            functions_sum: 6,
            closures_sum: 4,
            functions_min: 0,
            functions_max: 1,
            closures_min: 0,
            closures_max: 1,
            space_count: 13,
        },
        mi: Stats {
            halstead_length: 755.000,
            halstead_vocabulary: 83.000,
            halstead_volume: 4813.155,
            cyclomatic: 33.000,
            sloc: 202.000,
            comments_percentage: 0.089,
        },
        abc: Stats {
            assignments: 0.000,
            assignments_sum: 0.000,
            assignments_min: 0.000,
            assignments_max: 0.000,
            branches: 0.000,
            branches_sum: 0.000,
            branches_min: 0.000,
            branches_max: 0.000,
            conditions: 0.000,
            conditions_sum: 0.000,
            conditions_min: 0.000,
            conditions_max: 0.000,
            space_count: 13,
            declaration: [],
        },
        wmc: Stats {
            cyclomatic: 0.000,
            class_wmc: 0.000,
            interface_wmc: 0.000,
            class_wmc_sum: 0.000,
            interface_wmc_sum: 0.000,
            space_kind: Unknown,
        },
        npm: Stats {
            class_npm: 0,
            interface_npm: 0,
            class_nm: 0,
            interface_nm: 0,
            class_npm_sum: 0,
            interface_npm_sum: 0,
            class_nm_sum: 0,
            interface_nm_sum: 0,
            is_class_space: fal,
        },
        npa: Stats {
            class_npa: 0,
            interface_npa: 0,
            class_na: 0,
            interface_na: 0,
            class_npa_sum: 0,
            interface_npa_sum: 0,
            class_na_sum: 0,
            interface_na_sum: 0,
            is_class_space: fal,
        },
    },
}
