---
source: tests/common/mod.rs
expression: funcspace_struct
---
name: "[filepath]"
start_line: 1
end_line: 384
kind: unit
spaces:
  - name: renderPage
    start_line: 26
    end_line: 63
    kind: function
    spaces:
      - name: "<anonymous>"
        start_line: 51
        end_line: 62
        kind: function
        spaces: []
        metrics:
          nargs:
            total_functions: 0
            total_closures: 1
            average_functions: 0
            average_closures: 1
            total: 1
            average: 1
            functions_min: 0
            functions_max: 0
            closures_min: 1
            closures_max: 1
          nexits:
            sum: 1
            average: 1
            min: 1
            max: 1
          cognitive:
            sum: 0
            average: 0
            min: 0
            max: 0
          cyclomatic:
            sum: 1
            average: 1
            min: 1
            max: 1
          halstead:
            n1: 12
            N1: 41
            n2: 26
            N2: 34
            length: 75
            estimated_program_length: 165.231
            purity_ratio: 2.203
            vocabulary: 38
            volume: 393.595
            difficulty: 7.846
            level: 0.127
            effort: 3088.203
            time: 171.567
            bugs: 0.071
          loc:
            sloc: 12
            ploc: 12
            lloc: 2
            cloc: 0
            blank: 0
            sloc_average: 12
            ploc_average: 12
            lloc_average: 2
            cloc_average: 0
            blank_average: 0
            sloc_min: 12
            sloc_max: 12
            cloc_min: 0
            cloc_max: 0
            ploc_min: 12
            ploc_max: 12
            lloc_min: 2
            lloc_max: 2
            blank_min: 0
            blank_max: 0
          nom:
            functions: 0
            closures: 1
            functions_average: 0
            closures_average: 1
            total: 1
            average: 1
            functions_min: 0
            functions_max: 0
            closures_min: 1
            closures_max: 1
          mi:
            mi_original: 99.443
            mi_sei: 67.867
            mi_visual_studio: 58.154
          abc:
            assignments: 0
            branches: 0
            conditions: 0
            magnitude: 0
            assignments_average: 0
            branches_average: 0
            conditions_average: 0
            assignments_min: 0
            assignments_max: 0
            branches_min: 0
            branches_max: 0
            conditions_min: 0
            conditions_max: 0
    metrics:
      nargs:
        total_functions: 7
        total_closures: 1
        average_functions: 7
        average_closures: 1
        total: 8
        average: 4
        functions_min: 0
        functions_max: 7
        closures_min: 0
        closures_max: 1
      nexits:
        sum: 2
        average: 1
        min: 1
        max: 1
      cognitive:
        sum: 0
        average: 0
        min: 0
        max: 0
      cyclomatic:
        sum: 2
        average: 1
        min: 1
        max: 1
      halstead:
        n1: 14
        N1: 106
        n2: 67
        N2: 107
        length: 213
        estimated_program_length: 459.731
        purity_ratio: 2.158
        vocabulary: 81
        volume: 1350.388
        difficulty: 11.179
        level: 0.089
        effort: 15096.129
        time: 838.674
        bugs: 0.204
      loc:
        sloc: 38
        ploc: 34
        lloc: 10
        cloc: 1
        blank: 3
        sloc_average: 19
        ploc_average: 17
        lloc_average: 5
        cloc_average: 0.5
        blank_average: 1.5
        sloc_min: 12
        sloc_max: 12
        cloc_min: 0
        cloc_max: 0
        ploc_min: 12
        ploc_max: 12
        lloc_min: 2
        lloc_max: 2
        blank_min: 0
        blank_max: 0
      nom:
        functions: 1
        closures: 1
        functions_average: 0.5
        closures_average: 0.5
        total: 2
        average: 1
        functions_min: 0
        functions_max: 1
        closures_min: 0
        closures_max: 1
      mi:
        mi_original: 74.129
        mi_sei: 43.882
        mi_visual_studio: 43.35
      abc:
        assignments: 0
        branches: 0
        conditions: 0
        magnitude: 0
        assignments_average: 0
        branches_average: 0
        conditions_average: 0
        assignments_min: 0
        assignments_max: 0
        branches_min: 0
        branches_max: 0
        conditions_min: 0
        conditions_max: 0
  - name: PDFPrintService
    start_line: 65
    end_line: 86
    kind: function
    spaces: []
    metrics:
      nargs:
        total_functions: 7
        total_closures: 0
        average_functions: 7
        average_closures: 0
        total: 7
        average: 7
        functions_min: 7
        functions_max: 7
        closures_min: 0
        closures_max: 0
      nexits:
        sum: 0
        average: 0
        min: 0
        max: 0
      cognitive:
        sum: 3
        average: 3
        min: 3
        max: 3
      cyclomatic:
        sum: 4
        average: 4
        min: 4
        max: 4
      halstead:
        n1: 9
        N1: 48
        n2: 35
        N2: 56
        length: 104
        estimated_program_length: 208.054
        purity_ratio: 2.001
        vocabulary: 44
        volume: 567.781
        difficulty: 7.2
        level: 0.139
        effort: 4088.022
        time: 227.112
        bugs: 0.085
      loc:
        sloc: 22
        ploc: 21
        lloc: 10
        cloc: 1
        blank: 0
        sloc_average: 22
        ploc_average: 21
        lloc_average: 10
        cloc_average: 1
        blank_average: 0
        sloc_min: 22
        sloc_max: 22
        cloc_min: 1
        cloc_max: 1
        ploc_min: 21
        ploc_max: 21
        lloc_min: 10
        lloc_max: 10
        blank_min: 0
        blank_max: 0
      nom:
        functions: 1
        closures: 0
        functions_average: 1
        closures_average: 0
        total: 1
        average: 1
        functions_min: 1
        functions_max: 1
        closures_min: 0
        closures_max: 0
      mi:
        mi_original: 87.028
        mi_sei: 66.477
        mi_visual_studio: 50.894
      abc:
        assignments: 0
        branches: 0
        conditions: 0
        magnitude: 0
        assignments_average: 0
        branches_average: 0
        conditions_average: 0
        assignments_min: 0
        assignments_max: 0
        branches_min: 0
        branches_max: 0
        conditions_min: 0
        conditions_max: 0
  - name: layout
    start_line: 89
    end_line: 122
    kind: function
    spaces:
      - name: "<anonymous>"
        start_line: 95
        end_line: 100
        kind: function
        spaces: []
        metrics:
          nargs:
            total_functions: 0
            total_closures: 1
            average_functions: 0
            average_closures: 1
            total: 1
            average: 1
            functions_min: 0
            functions_max: 0
            closures_min: 1
            closures_max: 1
          nexits:
            sum: 1
            average: 1
            min: 1
            max: 1
          cognitive:
            sum: 1
            average: 1
            min: 1
            max: 1
          cyclomatic:
            sum: 2
            average: 2
            min: 2
            max: 2
          halstead:
            n1: 10
            N1: 18
            n2: 11
            N2: 19
            length: 37
            estimated_program_length: 71.273
            purity_ratio: 1.926
            vocabulary: 21
            volume: 162.516
            difficulty: 8.636
            level: 0.116
            effort: 1403.545
            time: 77.975
            bugs: 0.042
          loc:
            sloc: 6
            ploc: 6
            lloc: 2
            cloc: 0
            blank: 0
            sloc_average: 6
            ploc_average: 6
            lloc_average: 2
            cloc_average: 0
            blank_average: 0
            sloc_min: 6
            sloc_max: 6
            cloc_min: 0
            cloc_max: 0
            ploc_min: 6
            ploc_max: 6
            lloc_min: 2
            lloc_max: 2
            blank_min: 0
            blank_max: 0
          nom:
            functions: 0
            closures: 1
            functions_average: 0
            closures_average: 1
            total: 1
            average: 1
            functions_min: 0
            functions_max: 0
            closures_min: 1
            closures_max: 1
          mi:
            mi_original: 115.041
            mi_sei: 90.473
            mi_visual_studio: 67.276
          abc:
            assignments: 0
            branches: 0
            conditions: 0
            magnitude: 0
            assignments_average: 0
            branches_average: 0
            conditions_average: 0
            assignments_min: 0
            assignments_max: 0
            branches_min: 0
            branches_max: 0
            conditions_min: 0
            conditions_max: 0
    metrics:
      nargs:
        total_functions: 0
        total_closures: 1
        average_functions: 0
        average_closures: 1
        total: 1
        average: 0.5
        functions_min: 0
        functions_max: 0
        closures_min: 0
        closures_max: 1
      nexits:
        sum: 1
        average: 0.5
        min: 0
        max: 1
      cognitive:
        sum: 2
        average: 1
        min: 1
        max: 1
      cyclomatic:
        sum: 4
        average: 2
        min: 2
        max: 2
      halstead:
        n1: 16
        N1: 71
        n2: 46
        N2: 78
        length: 149
        estimated_program_length: 318.084
        purity_ratio: 2.135
        vocabulary: 62
        volume: 887.175
        difficulty: 13.565
        level: 0.074
        effort: 12034.725
        time: 668.596
        bugs: 0.175
      loc:
        sloc: 34
        ploc: 22
        lloc: 11
        cloc: 9
        blank: 3
        sloc_average: 17
        ploc_average: 11
        lloc_average: 5.5
        cloc_average: 4.5
        blank_average: 1.5
        sloc_min: 6
        sloc_max: 6
        cloc_min: 0
        cloc_max: 0
        ploc_min: 6
        ploc_max: 6
        lloc_min: 2
        lloc_max: 2
        blank_min: 0
        blank_max: 0
      nom:
        functions: 1
        closures: 1
        functions_average: 0.5
        closures_average: 0.5
        total: 2
        average: 1
        functions_min: 0
        functions_max: 1
        closures_min: 0
        closures_max: 1
      mi:
        mi_original: 77.655
        mi_sei: 72.504
        mi_visual_studio: 45.412
      abc:
        assignments: 0
        branches: 0
        conditions: 0
        magnitude: 0
        assignments_average: 0
        branches_average: 0
        conditions_average: 0
        assignments_min: 0
        assignments_max: 0
        branches_min: 0
        branches_max: 0
        conditions_min: 0
        conditions_max: 0
  - name: destroy
    start_line: 124
    end_line: 147
    kind: function
    spaces:
      - name: "<anonymous>"
        start_line: 142
        end_line: 146
        kind: function
        spaces: []
        metrics:
          nargs:
            total_functions: 0
            total_closures: 0
            average_functions: 0
            average_closures: 0
            total: 0
            average: 0
            functions_min: 0
            functions_max: 0
            closures_min: 0
            closures_max: 0
          nexits:
            sum: 0
            average: 0
            min: 0
            max: 0
          cognitive:
            sum: 1
            average: 1
            min: 1
            max: 1
          cyclomatic:
            sum: 2
            average: 2
            min: 2
            max: 2
          halstead:
            n1: 8
            N1: 12
            n2: 6
            N2: 8
            length: 20
            estimated_program_length: 39.51
            purity_ratio: 1.975
            vocabulary: 14
            volume: 76.147
            difficulty: 5.333
            level: 0.188
            effort: 406.118
            time: 22.562
            bugs: 0.018
          loc:
            sloc: 5
            ploc: 5
            lloc: 4
            cloc: 0
            blank: 0
            sloc_average: 5
            ploc_average: 5
            lloc_average: 4
            cloc_average: 0
            blank_average: 0
            sloc_min: 5
            sloc_max: 5
            cloc_min: 0
            cloc_max: 0
            ploc_min: 5
            ploc_max: 5
            lloc_min: 4
            lloc_max: 4
            blank_min: 0
            blank_max: 0
          nom:
            functions: 0
            closures: 1
            functions_average: 0
            closures_average: 1
            total: 1
            average: 1
            functions_min: 0
            functions_max: 0
            closures_min: 1
            closures_max: 1
          mi:
            mi_original: 121.937
            mi_sei: 100.421
            mi_visual_studio: 71.308
          abc:
            assignments: 0
            branches: 0
            conditions: 0
            magnitude: 0
            assignments_average: 0
            branches_average: 0
            conditions_average: 0
            assignments_min: 0
            assignments_max: 0
            branches_min: 0
            branches_max: 0
            conditions_min: 0
            conditions_max: 0
    metrics:
      nargs:
        total_functions: 0
        total_closures: 0
        average_functions: 0
        average_closures: 0
        total: 0
        average: 0
        functions_min: 0
        functions_max: 0
        closures_min: 0
        closures_max: 0
      nexits:
        sum: 1
        average: 0.5
        min: 0
        max: 1
      cognitive:
        sum: 3
        average: 1.5
        min: 1
        max: 2
      cyclomatic:
        sum: 5
        average: 2.5
        min: 2
        max: 3
      halstead:
        n1: 12
        N1: 59
        n2: 37
        N2: 58
        length: 117
        estimated_program_length: 235.769
        purity_ratio: 2.015
        vocabulary: 49
        volume: 656.921
        difficulty: 9.405
        level: 0.106
        effort: 6178.609
        time: 343.256
        bugs: 0.112
      loc:
        sloc: 24
        ploc: 20
        lloc: 18
        cloc: 2
        blank: 2
        sloc_average: 12
        ploc_average: 10
        lloc_average: 9
        cloc_average: 1
        blank_average: 1
        sloc_min: 5
        sloc_max: 5
        cloc_min: 0
        cloc_max: 0
        ploc_min: 5
        ploc_max: 5
        lloc_min: 4
        lloc_max: 4
        blank_min: 0
        blank_max: 0
      nom:
        functions: 1
        closures: 1
        functions_average: 0.5
        closures_average: 0.5
        total: 2
        average: 1
        functions_min: 0
        functions_max: 1
        closures_min: 0
        closures_max: 1
      mi:
        mi_original: 84.63
        mi_sei: 68.527
        mi_visual_studio: 49.491
      abc:
        assignments: 0
        branches: 0
        conditions: 0
        magnitude: 0
        assignments_average: 0
        branches_average: 0
        conditions_average: 0
        assignments_min: 0
        assignments_max: 0
        branches_min: 0
        branches_max: 0
        conditions_min: 0
        conditions_max: 0
  - name: renderPages
    start_line: 149
    end_line: 180
    kind: function
    spaces:
      - name: renderNextPage
        start_line: 156
        end_line: 178
        kind: function
        spaces:
          - name: "<anonymous>"
            start_line: 175
            end_line: 177
            kind: function
            spaces: []
            metrics:
              nargs:
                total_functions: 0
                total_closures: 0
                average_functions: 0
                average_closures: 0
                total: 0
                average: 0
                functions_min: 0
                functions_max: 0
                closures_min: 0
                closures_max: 0
              nexits:
                sum: 0
                average: 0
                min: 0
                max: 0
              cognitive:
                sum: 0
                average: 0
                min: 0
                max: 0
              cyclomatic:
                sum: 1
                average: 1
                min: 1
                max: 1
              halstead:
                n1: 6
                N1: 7
                n2: 3
                N2: 3
                length: 10
                estimated_program_length: 20.265
                purity_ratio: 2.026
                vocabulary: 9
                volume: 31.699
                difficulty: 3
                level: 0.333
                effort: 95.098
                time: 5.283
                bugs: 0.007
              loc:
                sloc: 3
                ploc: 3
                lloc: 2
                cloc: 0
                blank: 0
                sloc_average: 3
                ploc_average: 3
                lloc_average: 2
                cloc_average: 0
                blank_average: 0
                sloc_min: 3
                sloc_max: 3
                cloc_min: 0
                cloc_max: 0
                ploc_min: 3
                ploc_max: 3
                lloc_min: 2
                lloc_max: 2
                blank_min: 0
                blank_max: 0
              nom:
                functions: 0
                closures: 1
                functions_average: 0
                closures_average: 1
                total: 1
                average: 1
                functions_min: 0
                functions_max: 0
                closures_min: 1
                closures_max: 1
              mi:
                mi_original: 135
                mi_sei: 119.164
                mi_visual_studio: 78.947
              abc:
                assignments: 0
                branches: 0
                conditions: 0
                magnitude: 0
                assignments_average: 0
                branches_average: 0
                conditions_average: 0
                assignments_min: 0
                assignments_max: 0
                branches_min: 0
                branches_max: 0
                conditions_min: 0
                conditions_max: 0
        metrics:
          nargs:
            total_functions: 2
            total_closures: 0
            average_functions: 2
            average_closures: 0
            total: 2
            average: 1
            functions_min: 0
            functions_max: 2
            closures_min: 0
            closures_max: 0
          nexits:
            sum: 1
            average: 0.5
            min: 0
            max: 1
          cognitive:
            sum: 2
            average: 1
            min: 0
            max: 2
          cyclomatic:
            sum: 3
            average: 1.5
            min: 1
            max: 2
          halstead:
            n1: 15
            N1: 60
            n2: 32
            N2: 60
            length: 120
            estimated_program_length: 218.603
            purity_ratio: 1.822
            vocabulary: 47
            volume: 666.551
            difficulty: 14.063
            level: 0.071
            effort: 9373.369
            time: 520.743
            bugs: 0.148
          loc:
            sloc: 23
            ploc: 23
            lloc: 11
            cloc: 1
            blank: 0
            sloc_average: 11.5
            ploc_average: 11.5
            lloc_average: 5.5
            cloc_average: 0.5
            blank_average: 0
            sloc_min: 3
            sloc_max: 3
            cloc_min: 0
            cloc_max: 0
            ploc_min: 3
            ploc_max: 3
            lloc_min: 2
            lloc_max: 2
            blank_min: 0
            blank_max: 0
          nom:
            functions: 1
            closures: 1
            functions_average: 0.5
            closures_average: 0.5
            total: 2
            average: 1
            functions_min: 0
            functions_max: 1
            closures_min: 0
            closures_max: 1
          mi:
            mi_original: 85.704
            mi_sei: 64.121
            mi_visual_studio: 50.119
          abc:
            assignments: 0
            branches: 0
            conditions: 0
            magnitude: 0
            assignments_average: 0
            branches_average: 0
            conditions_average: 0
            assignments_min: 0
            assignments_max: 0
            branches_min: 0
            branches_max: 0
            conditions_min: 0
            conditions_max: 0
    metrics:
      nargs:
        total_functions: 2
        total_closures: 0
        average_functions: 1
        average_closures: 0
        total: 2
        average: 0.667
        functions_min: 0
        functions_max: 2
        closures_min: 0
        closures_max: 0
      nexits:
        sum: 3
        average: 1
        min: 0
        max: 2
      cognitive:
        sum: 3
        average: 1
        min: 0
        max: 2
      cyclomatic:
        sum: 5
        average: 1.667
        min: 1
        max: 2
      halstead:
        n1: 16
        N1: 88
        n2: 42
        N2: 85
        length: 173
        estimated_program_length: 290.477
        purity_ratio: 1.679
        vocabulary: 58
        volume: 1013.431
        difficulty: 16.19
        level: 0.062
        effort: 16407.926
        time: 911.551
        bugs: 0.215
      loc:
        sloc: 32
        ploc: 31
        lloc: 17
        cloc: 1
        blank: 1
        sloc_average: 10.667
        ploc_average: 10.333
        lloc_average: 5.667
        cloc_average: 0.333
        blank_average: 0.333
        sloc_min: 23
        sloc_max: 23
        cloc_min: 1
        cloc_max: 1
        ploc_min: 23
        ploc_max: 23
        lloc_min: 11
        lloc_max: 11
        blank_min: 0
        blank_max: 0
      nom:
        functions: 2
        closures: 1
        functions_average: 0.667
        closures_average: 0.333
        total: 3
        average: 1
        functions_min: 0
        functions_max: 1
        closures_min: 0
        closures_max: 1
      mi:
        mi_original: 77.715
        mi_sei: 50.45
        mi_visual_studio: 45.448
      abc:
        assignments: 0
        branches: 0
        conditions: 0
        magnitude: 0
        assignments_average: 0
        branches_average: 0
        conditions_average: 0
        assignments_min: 0
        assignments_max: 0
        branches_min: 0
        branches_max: 0
        conditions_min: 0
        conditions_max: 0
  - name: useRenderedPage
    start_line: 182
    end_line: 203
    kind: function
    spaces:
      - name: "<anonymous>"
        start_line: 187
        end_line: 189
        kind: function
        spaces: []
        metrics:
          nargs:
            total_functions: 0
            total_closures: 1
            average_functions: 0
            average_closures: 1
            total: 1
            average: 1
            functions_min: 0
            functions_max: 0
            closures_min: 1
            closures_max: 1
          nexits:
            sum: 0
            average: 0
            min: 0
            max: 0
          cognitive:
            sum: 0
            average: 0
            min: 0
            max: 0
          cyclomatic:
            sum: 1
            average: 1
            min: 1
            max: 1
          halstead:
            n1: 7
            N1: 9
            n2: 7
            N2: 8
            length: 17
            estimated_program_length: 39.303
            purity_ratio: 2.312
            vocabulary: 14
            volume: 64.725
            difficulty: 4
            level: 0.25
            effort: 258.9
            time: 14.383
            bugs: 0.014
          loc:
            sloc: 3
            ploc: 3
            lloc: 2
            cloc: 0
            blank: 0
            sloc_average: 3
            ploc_average: 3
            lloc_average: 2
            cloc_average: 0
            blank_average: 0
            sloc_min: 3
            sloc_max: 3
            cloc_min: 0
            cloc_max: 0
            ploc_min: 3
            ploc_max: 3
            lloc_min: 2
            lloc_max: 2
            blank_min: 0
            blank_max: 0
          nom:
            functions: 0
            closures: 1
            functions_average: 0
            closures_average: 1
            total: 1
            average: 1
            functions_min: 0
            functions_max: 0
            closures_min: 1
            closures_max: 1
          mi:
            mi_original: 131.288
            mi_sei: 113.809
            mi_visual_studio: 76.776
          abc:
            assignments: 0
            branches: 0
            conditions: 0
            magnitude: 0
            assignments_average: 0
            branches_average: 0
            conditions_average: 0
            assignments_min: 0
            assignments_max: 0
            branches_min: 0
            branches_max: 0
            conditions_min: 0
            conditions_max: 0
      - name: "<anonymous>"
        start_line: 199
        end_line: 202
        kind: function
        spaces: []
        metrics:
          nargs:
            total_functions: 0
            total_closures: 2
            average_functions: 0
            average_closures: 2
            total: 2
            average: 2
            functions_min: 0
            functions_max: 0
            closures_min: 2
            closures_max: 2
          nexits:
            sum: 0
            average: 0
            min: 0
            max: 0
          cognitive:
            sum: 0
            average: 0
            min: 0
            max: 0
          cyclomatic:
            sum: 1
            average: 1
            min: 1
            max: 1
          halstead:
            n1: 8
            N1: 11
            n2: 7
            N2: 10
            length: 21
            estimated_program_length: 43.651
            purity_ratio: 2.079
            vocabulary: 15
            volume: 82.045
            difficulty: 5.714
            level: 0.175
            effort: 468.827
            time: 26.046
            bugs: 0.02
          loc:
            sloc: 4
            ploc: 4
            lloc: 3
            cloc: 0
            blank: 0
            sloc_average: 4
            ploc_average: 4
            lloc_average: 3
            cloc_average: 0
            blank_average: 0
            sloc_min: 4
            sloc_max: 4
            cloc_min: 0
            cloc_max: 0
            ploc_min: 4
            ploc_max: 4
            lloc_min: 3
            lloc_max: 3
            blank_min: 0
            blank_max: 0
          nom:
            functions: 0
            closures: 1
            functions_average: 0
            closures_average: 1
            total: 1
            average: 1
            functions_min: 0
            functions_max: 0
            closures_min: 1
            closures_max: 1
          mi:
            mi_original: 125.394
            mi_sei: 105.307
            mi_visual_studio: 73.33
          abc:
            assignments: 0
            branches: 0
            conditions: 0
            magnitude: 0
            assignments_average: 0
            branches_average: 0
            conditions_average: 0
            assignments_min: 0
            assignments_max: 0
            branches_min: 0
            branches_max: 0
            conditions_min: 0
            conditions_max: 0
    metrics:
      nargs:
        total_functions: 0
        total_closures: 3
        average_functions: 0
        average_closures: 1.5
        total: 3
        average: 1
        functions_min: 0
        functions_max: 0
        closures_min: 0
        closures_max: 2
      nexits:
        sum: 1
        average: 0.333
        min: 0
        max: 1
      cognitive:
        sum: 2
        average: 0.667
        min: 0
        max: 2
      cyclomatic:
        sum: 4
        average: 1.333
        min: 1
        max: 2
      halstead:
        n1: 14
        N1: 67
        n2: 39
        N2: 62
        length: 129
        estimated_program_length: 259.434
        purity_ratio: 2.011
        vocabulary: 53
        volume: 738.902
        difficulty: 11.128
        level: 0.09
        effort: 8222.65
        time: 456.814
        bugs: 0.136
      loc:
        sloc: 22
        ploc: 20
        lloc: 16
        cloc: 0
        blank: 2
        sloc_average: 7.333
        ploc_average: 6.667
        lloc_average: 5.333
        cloc_average: 0
        blank_average: 0.667
        sloc_min: 3
        sloc_max: 4
        cloc_min: 0
        cloc_max: 0
        ploc_min: 3
        ploc_max: 4
        lloc_min: 2
        lloc_max: 3
        blank_min: 0
        blank_max: 0
      nom:
        functions: 1
        closures: 2
        functions_average: 0.333
        closures_average: 0.667
        total: 3
        average: 1
        functions_min: 0
        functions_max: 1
        closures_min: 0
        closures_max: 1
      mi:
        mi_original: 85.658
        mi_sei: 48.285
        mi_visual_studio: 50.093
      abc:
        assignments: 0
        branches: 0
        conditions: 0
        magnitude: 0
        assignments_average: 0
        branches_average: 0
        conditions_average: 0
        assignments_min: 0
        assignments_max: 0
        branches_min: 0
        branches_max: 0
        conditions_min: 0
        conditions_max: 0
  - name: performPrint
    start_line: 205
    end_line: 221
    kind: function
    spaces:
      - name: "<anonymous>"
        start_line: 207
        end_line: 220
        kind: function
        spaces:
          - name: "<anonymous>"
            start_line: 211
            end_line: 219
            kind: function
            spaces: []
            metrics:
              nargs:
                total_functions: 0
                total_closures: 0
                average_functions: 0
                average_closures: 0
                total: 0
                average: 0
                functions_min: 0
                functions_max: 0
                closures_min: 0
                closures_max: 0
              nexits:
                sum: 1
                average: 1
                min: 1
                max: 1
              cognitive:
                sum: 3
                average: 3
                min: 3
                max: 3
              cyclomatic:
                sum: 2
                average: 2
                min: 2
                max: 2
              halstead:
                n1: 8
                N1: 17
                n2: 10
                N2: 11
                length: 28
                estimated_program_length: 57.219
                purity_ratio: 2.044
                vocabulary: 18
                volume: 116.758
                difficulty: 4.4
                level: 0.227
                effort: 513.735
                time: 28.541
                bugs: 0.021
              loc:
                sloc: 9
                ploc: 8
                lloc: 7
                cloc: 2
                blank: 0
                sloc_average: 9
                ploc_average: 8
                lloc_average: 7
                cloc_average: 2
                blank_average: 0
                sloc_min: 9
                sloc_max: 9
                cloc_min: 2
                cloc_max: 2
                ploc_min: 8
                ploc_max: 8
                lloc_min: 7
                lloc_max: 7
                blank_min: 0
                blank_max: 0
              nom:
                functions: 0
                closures: 1
                functions_average: 0
                closures_average: 1
                total: 1
                average: 1
                functions_min: 0
                functions_max: 0
                closures_min: 1
                closures_max: 1
              mi:
                mi_original: 110.192
                mi_sei: 116.831
                mi_visual_studio: 64.44
              abc:
                assignments: 0
                branches: 0
                conditions: 0
                magnitude: 0
                assignments_average: 0
                branches_average: 0
                conditions_average: 0
                assignments_min: 0
                assignments_max: 0
                branches_min: 0
                branches_max: 0
                conditions_min: 0
                conditions_max: 0
        metrics:
          nargs:
            total_functions: 0
            total_closures: 0
            average_functions: 0
            average_closures: 0
            total: 0
            average: 0
            functions_min: 0
            functions_max: 0
            closures_min: 0
            closures_max: 0
          nexits:
            sum: 1
            average: 0.5
            min: 0
            max: 1
          cognitive:
            sum: 3
            average: 1.5
            min: 0
            max: 3
          cyclomatic:
            sum: 3
            average: 1.5
            min: 1
            max: 2
          halstead:
            n1: 8
            N1: 21
            n2: 11
            N2: 14
            length: 35
            estimated_program_length: 62.054
            purity_ratio: 1.773
            vocabulary: 19
            volume: 148.677
            difficulty: 5.091
            level: 0.196
            effort: 756.903
            time: 42.05
            bugs: 0.028
          loc:
            sloc: 14
            ploc: 10
            lloc: 9
            cloc: 5
            blank: 0
            sloc_average: 7
            ploc_average: 5
            lloc_average: 4.5
            cloc_average: 2.5
            blank_average: 0
            sloc_min: 9
            sloc_max: 9
            cloc_min: 2
            cloc_max: 2
            ploc_min: 8
            ploc_max: 8
            lloc_min: 7
            lloc_max: 7
            blank_min: 0
            blank_max: 0
          nom:
            functions: 0
            closures: 2
            functions_average: 0
            closures_average: 1
            total: 2
            average: 1
            functions_min: 0
            functions_max: 0
            closures_min: 1
            closures_max: 1
          mi:
            mi_original: 101.548
            mi_sei: 111.063
            mi_visual_studio: 59.385
          abc:
            assignments: 0
            branches: 0
            conditions: 0
            magnitude: 0
            assignments_average: 0
            branches_average: 0
            conditions_average: 0
            assignments_min: 0
            assignments_max: 0
            branches_min: 0
            branches_max: 0
            conditions_min: 0
            conditions_max: 0
    metrics:
      nargs:
        total_functions: 0
        total_closures: 0
        average_functions: 0
        average_closures: 0
        total: 0
        average: 0
        functions_min: 0
        functions_max: 0
        closures_min: 0
        closures_max: 0
      nexits:
        sum: 2
        average: 0.667
        min: 0
        max: 1
      cognitive:
        sum: 3
        average: 1
        min: 0
        max: 3
      cyclomatic:
        sum: 4
        average: 1.333
        min: 1
        max: 2
      halstead:
        n1: 9
        N1: 30
        n2: 15
        N2: 19
        length: 49
        estimated_program_length: 87.133
        purity_ratio: 1.778
        vocabulary: 24
        volume: 224.663
        difficulty: 5.7
        level: 0.175
        effort: 1280.58
        time: 71.143
        bugs: 0.039
      loc:
        sloc: 17
        ploc: 13
        lloc: 12
        cloc: 5
        blank: 0
        sloc_average: 5.667
        ploc_average: 4.333
        lloc_average: 4
        cloc_average: 1.667
        blank_average: 0
        sloc_min: 14
        sloc_max: 14
        cloc_min: 5
        cloc_max: 5
        ploc_min: 10
        ploc_max: 10
        lloc_min: 9
        lloc_max: 9
        blank_min: 0
        blank_max: 0
      nom:
        functions: 1
        closures: 2
        functions_average: 0.333
        closures_average: 0.667
        total: 3
        average: 1
        functions_min: 0
        functions_max: 1
        closures_min: 0
        closures_max: 1
      mi:
        mi_original: 96.026
        mi_sei: 100.48
        mi_visual_studio: 56.156
      abc:
        assignments: 0
        branches: 0
        conditions: 0
        magnitude: 0
        assignments_average: 0
        branches_average: 0
        conditions_average: 0
        assignments_min: 0
        assignments_max: 0
        branches_min: 0
        branches_max: 0
        conditions_min: 0
        conditions_max: 0
  - name: active
    start_line: 223
    end_line: 225
    kind: function
    spaces: []
    metrics:
      nargs:
        total_functions: 0
        total_closures: 0
        average_functions: 0
        average_closures: 0
        total: 0
        average: 0
        functions_min: 0
        functions_max: 0
        closures_min: 0
        closures_max: 0
      nexits:
        sum: 1
        average: 1
        min: 1
        max: 1
      cognitive:
        sum: 0
        average: 0
        min: 0
        max: 0
      cyclomatic:
        sum: 1
        average: 1
        min: 1
        max: 1
      halstead:
        n1: 5
        N1: 5
        n2: 4
        N2: 4
        length: 9
        estimated_program_length: 19.61
        purity_ratio: 2.179
        vocabulary: 9
        volume: 28.529
        difficulty: 2.5
        level: 0.4
        effort: 71.323
        time: 3.962
        bugs: 0.006
      loc:
        sloc: 3
        ploc: 3
        lloc: 2
        cloc: 0
        blank: 0
        sloc_average: 3
        ploc_average: 3
        lloc_average: 2
        cloc_average: 0
        blank_average: 0
        sloc_min: 3
        sloc_max: 3
        cloc_min: 0
        cloc_max: 0
        ploc_min: 3
        ploc_max: 3
        lloc_min: 2
        lloc_max: 2
        blank_min: 0
        blank_max: 0
      nom:
        functions: 1
        closures: 0
        functions_average: 1
        closures_average: 0
        total: 1
        average: 1
        functions_min: 1
        functions_max: 1
        closures_min: 0
        closures_max: 0
      mi:
        mi_original: 135.548
        mi_sei: 119.955
        mi_visual_studio: 79.268
      abc:
        assignments: 0
        branches: 0
        conditions: 0
        magnitude: 0
        assignments_average: 0
        branches_average: 0
        conditions_average: 0
        assignments_min: 0
        assignments_max: 0
        branches_min: 0
        branches_max: 0
        conditions_min: 0
        conditions_max: 0
  - name: throwIfInactive
    start_line: 227
    end_line: 231
    kind: function
    spaces: []
    metrics:
      nargs:
        total_functions: 0
        total_closures: 0
        average_functions: 0
        average_closures: 0
        total: 0
        average: 0
        functions_min: 0
        functions_max: 0
        closures_min: 0
        closures_max: 0
      nexits:
        sum: 0
        average: 0
        min: 0
        max: 0
      cognitive:
        sum: 1
        average: 1
        min: 1
        max: 1
      cyclomatic:
        sum: 2
        average: 2
        min: 2
        max: 2
      halstead:
        n1: 8
        N1: 11
        n2: 6
        N2: 6
        length: 17
        estimated_program_length: 39.51
        purity_ratio: 2.324
        vocabulary: 14
        volume: 64.725
        difficulty: 4
        level: 0.25
        effort: 258.9
        time: 14.383
        bugs: 0.014
      loc:
        sloc: 5
        ploc: 5
        lloc: 4
        cloc: 0
        blank: 0
        sloc_average: 5
        ploc_average: 5
        lloc_average: 4
        cloc_average: 0
        blank_average: 0
        sloc_min: 5
        sloc_max: 5
        cloc_min: 0
        cloc_max: 0
        ploc_min: 5
        ploc_max: 5
        lloc_min: 4
        lloc_max: 4
        blank_min: 0
        blank_max: 0
      nom:
        functions: 1
        closures: 0
        functions_average: 1
        closures_average: 0
        total: 1
        average: 1
        functions_min: 1
        functions_max: 1
        closures_min: 0
        closures_max: 0
      mi:
        mi_original: 122.782
        mi_sei: 101.64
        mi_visual_studio: 71.803
      abc:
        assignments: 0
        branches: 0
        conditions: 0
        magnitude: 0
        assignments_average: 0
        branches_average: 0
        conditions_average: 0
        assignments_min: 0
        assignments_max: 0
        branches_min: 0
        branches_max: 0
        conditions_min: 0
        conditions_max: 0
  - name: "<anonymous>"
    start_line: 235
    end_line: 278
    kind: function
    spaces:
      - name: "<anonymous>"
        start_line: 240
        end_line: 244
        kind: function
        spaces: []
        metrics:
          nargs:
            total_functions: 0
            total_closures: 0
            average_functions: 0
            average_closures: 0
            total: 0
            average: 0
            functions_min: 0
            functions_max: 0
            closures_min: 0
            closures_max: 0
          nexits:
            sum: 0
            average: 0
            min: 0
            max: 0
          cognitive:
            sum: 1
            average: 1
            min: 1
            max: 1
          cyclomatic:
            sum: 2
            average: 2
            min: 2
            max: 2
          halstead:
            n1: 7
            N1: 10
            n2: 5
            N2: 5
            length: 15
            estimated_program_length: 31.261
            purity_ratio: 2.084
            vocabulary: 12
            volume: 53.774
            difficulty: 3.5
            level: 0.286
            effort: 188.211
            time: 10.456
            bugs: 0.011
          loc:
            sloc: 5
            ploc: 5
            lloc: 4
            cloc: 0
            blank: 0
            sloc_average: 5
            ploc_average: 5
            lloc_average: 4
            cloc_average: 0
            blank_average: 0
            sloc_min: 5
            sloc_max: 5
            cloc_min: 0
            cloc_max: 0
            ploc_min: 5
            ploc_max: 5
            lloc_min: 4
            lloc_max: 4
            blank_min: 0
            blank_max: 0
          nom:
            functions: 0
            closures: 1
            functions_average: 0
            closures_average: 1
            total: 1
            average: 1
            functions_min: 0
            functions_max: 0
            closures_min: 1
            closures_max: 1
          mi:
            mi_original: 123.746
            mi_sei: 103.031
            mi_visual_studio: 72.366
          abc:
            assignments: 0
            branches: 0
            conditions: 0
            magnitude: 0
            assignments_average: 0
            branches_average: 0
            conditions_average: 0
            assignments_min: 0
            assignments_max: 0
            branches_min: 0
            branches_max: 0
            conditions_min: 0
            conditions_max: 0
      - name: "<anonymous>"
        start_line: 251
        end_line: 255
        kind: function
        spaces: []
        metrics:
          nargs:
            total_functions: 0
            total_closures: 0
            average_functions: 0
            average_closures: 0
            total: 0
            average: 0
            functions_min: 0
            functions_max: 0
            closures_min: 0
            closures_max: 0
          nexits:
            sum: 0
            average: 0
            min: 0
            max: 0
          cognitive:
            sum: 2
            average: 2
            min: 2
            max: 2
          cyclomatic:
            sum: 2
            average: 2
            min: 2
            max: 2
          halstead:
            n1: 8
            N1: 12
            n2: 6
            N2: 8
            length: 20
            estimated_program_length: 39.51
            purity_ratio: 1.975
            vocabulary: 14
            volume: 76.147
            difficulty: 5.333
            level: 0.188
            effort: 406.118
            time: 22.562
            bugs: 0.018
          loc:
            sloc: 5
            ploc: 5
            lloc: 4
            cloc: 0
            blank: 0
            sloc_average: 5
            ploc_average: 5
            lloc_average: 4
            cloc_average: 0
            blank_average: 0
            sloc_min: 5
            sloc_max: 5
            cloc_min: 0
            cloc_max: 0
            ploc_min: 5
            ploc_max: 5
            lloc_min: 4
            lloc_max: 4
            blank_min: 0
            blank_max: 0
          nom:
            functions: 0
            closures: 1
            functions_average: 0
            closures_average: 1
            total: 1
            average: 1
            functions_min: 0
            functions_max: 0
            closures_min: 1
            closures_max: 1
          mi:
            mi_original: 121.937
            mi_sei: 100.421
            mi_visual_studio: 71.308
          abc:
            assignments: 0
            branches: 0
            conditions: 0
            magnitude: 0
            assignments_average: 0
            branches_average: 0
            conditions_average: 0
            assignments_min: 0
            assignments_max: 0
            branches_min: 0
            branches_max: 0
            conditions_min: 0
            conditions_max: 0
      - name: "<anonymous>"
        start_line: 261
        end_line: 263
        kind: function
        spaces: []
        metrics:
          nargs:
            total_functions: 0
            total_closures: 0
            average_functions: 0
            average_closures: 0
            total: 0
            average: 0
            functions_min: 0
            functions_max: 0
            closures_min: 0
            closures_max: 0
          nexits:
            sum: 1
            average: 1
            min: 1
            max: 1
          cognitive:
            sum: 0
            average: 0
            min: 0
            max: 0
          cyclomatic:
            sum: 1
            average: 1
            min: 1
            max: 1
          halstead:
            n1: 7
            N1: 8
            n2: 3
            N2: 3
            length: 11
            estimated_program_length: 24.406
            purity_ratio: 2.219
            vocabulary: 10
            volume: 36.541
            difficulty: 3.5
            level: 0.286
            effort: 127.894
            time: 7.105
            bugs: 0.008
          loc:
            sloc: 3
            ploc: 3
            lloc: 2
            cloc: 0
            blank: 0
            sloc_average: 3
            ploc_average: 3
            lloc_average: 2
            cloc_average: 0
            blank_average: 0
            sloc_min: 3
            sloc_max: 3
            cloc_min: 0
            cloc_max: 0
            ploc_min: 3
            ploc_max: 3
            lloc_min: 2
            lloc_max: 2
            blank_min: 0
            blank_max: 0
          nom:
            functions: 0
            closures: 1
            functions_average: 0
            closures_average: 1
            total: 1
            average: 1
            functions_min: 0
            functions_max: 0
            closures_min: 1
            closures_max: 1
          mi:
            mi_original: 134.261
            mi_sei: 118.098
            mi_visual_studio: 78.515
          abc:
            assignments: 0
            branches: 0
            conditions: 0
            magnitude: 0
            assignments_average: 0
            branches_average: 0
            conditions_average: 0
            assignments_min: 0
            assignments_max: 0
            branches_min: 0
            branches_max: 0
            conditions_min: 0
            conditions_max: 0
      - name: "<anonymous>"
        start_line: 264
        end_line: 266
        kind: function
        spaces: []
        metrics:
          nargs:
            total_functions: 0
            total_closures: 0
            average_functions: 0
            average_closures: 0
            total: 0
            average: 0
            functions_min: 0
            functions_max: 0
            closures_min: 0
            closures_max: 0
          nexits:
            sum: 0
            average: 0
            min: 0
            max: 0
          cognitive:
            sum: 0
            average: 0
            min: 0
            max: 0
          cyclomatic:
            sum: 1
            average: 1
            min: 1
            max: 1
          halstead:
            n1: 4
            N1: 4
            n2: 0
            N2: 0
            length: 4
            estimated_program_length: NaN
            purity_ratio: NaN
            vocabulary: 4
            volume: 8
            difficulty: NaN
            level: NaN
            effort: NaN
            time: NaN
            bugs: NaN
          loc:
            sloc: 3
            ploc: 2
            lloc: 1
            cloc: 1
            blank: 0
            sloc_average: 3
            ploc_average: 2
            lloc_average: 1
            cloc_average: 1
            blank_average: 0
            sloc_min: 3
            sloc_max: 3
            cloc_min: 1
            cloc_max: 1
            ploc_min: 2
            ploc_max: 2
            lloc_min: 1
            lloc_max: 1
            blank_min: 0
            blank_max: 0
          nom:
            functions: 0
            closures: 1
            functions_average: 0
            closures_average: 1
            total: 1
            average: 1
            functions_min: 0
            functions_max: 0
            closures_min: 1
            closures_max: 1
          mi:
            mi_original: 142.159
            mi_sei: 168.486
            mi_visual_studio: 83.134
          abc:
            assignments: 0
            branches: 0
            conditions: 0
            magnitude: 0
            assignments_average: 0
            branches_average: 0
            conditions_average: 0
            assignments_min: 0
            assignments_max: 0
            branches_min: 0
            branches_max: 0
            conditions_min: 0
            conditions_max: 0
      - name: "<anonymous>"
        start_line: 267
        end_line: 276
        kind: function
        spaces: []
        metrics:
          nargs:
            total_functions: 0
            total_closures: 0
            average_functions: 0
            average_closures: 0
            total: 0
            average: 0
            functions_min: 0
            functions_max: 0
            closures_min: 0
            closures_max: 0
          nexits:
            sum: 0
            average: 0
            min: 0
            max: 0
          cognitive:
            sum: 1
            average: 1
            min: 1
            max: 1
          cyclomatic:
            sum: 2
            average: 2
            min: 2
            max: 2
          halstead:
            n1: 7
            N1: 10
            n2: 4
            N2: 4
            length: 14
            estimated_program_length: 27.651
            purity_ratio: 1.975
            vocabulary: 11
            volume: 48.432
            difficulty: 3.5
            level: 0.286
            effort: 169.512
            time: 9.417
            bugs: 0.01
          loc:
            sloc: 10
            ploc: 5
            lloc: 4
            cloc: 5
            blank: 0
            sloc_average: 10
            ploc_average: 5
            lloc_average: 4
            cloc_average: 5
            blank_average: 0
            sloc_min: 10
            sloc_max: 10
            cloc_min: 5
            cloc_max: 5
            ploc_min: 5
            ploc_max: 5
            lloc_min: 4
            lloc_max: 4
            blank_min: 0
            blank_max: 0
          nom:
            functions: 0
            closures: 1
            functions_average: 0
            closures_average: 1
            total: 1
            average: 1
            functions_min: 0
            functions_max: 0
            closures_min: 1
            closures_max: 1
          mi:
            mi_original: 113.061
            mi_sei: 132.072
            mi_visual_studio: 66.118
          abc:
            assignments: 0
            branches: 0
            conditions: 0
            magnitude: 0
            assignments_average: 0
            branches_average: 0
            conditions_average: 0
            assignments_min: 0
            assignments_max: 0
            branches_min: 0
            branches_max: 0
            conditions_min: 0
            conditions_max: 0
    metrics:
      nargs:
        total_functions: 0
        total_closures: 0
        average_functions: 0
        average_closures: 0
        total: 0
        average: 0
        functions_min: 0
        functions_max: 0
        closures_min: 0
        closures_max: 0
      nexits:
        sum: 3
        average: 0.5
        min: 0
        max: 2
      cognitive:
        sum: 6
        average: 1
        min: 0
        max: 2
      cyclomatic:
        sum: 11
        average: 1.833
        min: 1
        max: 3
      halstead:
        n1: 14
        N1: 91
        n2: 32
        N2: 49
        length: 140
        estimated_program_length: 213.303
        purity_ratio: 1.524
        vocabulary: 46
        volume: 773.299
        difficulty: 10.719
        level: 0.093
        effort: 8288.795
        time: 460.489
        bugs: 0.137
      loc:
        sloc: 44
        ploc: 37
        lloc: 31
        cloc: 7
        blank: 1
        sloc_average: 7.333
        ploc_average: 6.167
        lloc_average: 5.167
        cloc_average: 1.167
        blank_average: 0.167
        sloc_min: 3
        sloc_max: 10
        cloc_min: 0
        cloc_max: 5
        ploc_min: 2
        ploc_max: 5
        lloc_min: 1
        lloc_max: 4
        blank_min: 0
        blank_max: 0
      nom:
        functions: 1
        closures: 5
        functions_average: 0.167
        closures_average: 0.833
        total: 6
        average: 1
        functions_min: 0
        functions_max: 1
        closures_min: 0
        closures_max: 1
      mi:
        mi_original: 72.583
        mi_sei: 59.101
        mi_visual_studio: 42.446
      abc:
        assignments: 0
        branches: 0
        conditions: 0
        magnitude: 0
        assignments_average: 0
        branches_average: 0
        conditions_average: 0
        assignments_min: 0
        assignments_max: 0
        branches_min: 0
        branches_max: 0
        conditions_min: 0
        conditions_max: 0
  - name: dispatchEvent
    start_line: 280
    end_line: 284
    kind: function
    spaces: []
    metrics:
      nargs:
        total_functions: 1
        total_closures: 0
        average_functions: 1
        average_closures: 0
        total: 1
        average: 1
        functions_min: 1
        functions_max: 1
        closures_min: 0
        closures_max: 0
      nexits:
        sum: 0
        average: 0
        min: 0
        max: 0
      cognitive:
        sum: 0
        average: 0
        min: 0
        max: 0
      cyclomatic:
        sum: 1
        average: 1
        min: 1
        max: 1
      halstead:
        n1: 8
        N1: 17
        n2: 13
        N2: 18
        length: 35
        estimated_program_length: 72.106
        purity_ratio: 2.06
        vocabulary: 21
        volume: 153.731
        difficulty: 5.538
        level: 0.181
        effort: 851.434
        time: 47.302
        bugs: 0.03
      loc:
        sloc: 5
        ploc: 5
        lloc: 3
        cloc: 0
        blank: 0
        sloc_average: 5
        ploc_average: 5
        lloc_average: 3
        cloc_average: 0
        blank_average: 0
        sloc_min: 5
        sloc_max: 5
        cloc_min: 0
        cloc_max: 0
        ploc_min: 5
        ploc_max: 5
        lloc_min: 3
        lloc_max: 3
        blank_min: 0
        blank_max: 0
      nom:
        functions: 1
        closures: 0
        functions_average: 1
        closures_average: 0
        total: 1
        average: 1
        functions_min: 1
        functions_max: 1
        closures_min: 0
        closures_max: 0
      mi:
        mi_original: 118.514
        mi_sei: 95.381
        mi_visual_studio: 69.306
      abc:
        assignments: 0
        branches: 0
        conditions: 0
        magnitude: 0
        assignments_average: 0
        branches_average: 0
        conditions_average: 0
        assignments_min: 0
        assignments_max: 0
        branches_min: 0
        branches_max: 0
        conditions_min: 0
        conditions_max: 0
  - name: abort
    start_line: 286
    end_line: 291
    kind: function
    spaces: []
    metrics:
      nargs:
        total_functions: 0
        total_closures: 0
        average_functions: 0
        average_closures: 0
        total: 0
        average: 0
        functions_min: 0
        functions_max: 0
        closures_min: 0
        closures_max: 0
      nexits:
        sum: 0
        average: 0
        min: 0
        max: 0
      cognitive:
        sum: 1
        average: 1
        min: 1
        max: 1
      cyclomatic:
        sum: 2
        average: 2
        min: 2
        max: 2
      halstead:
        n1: 6
        N1: 11
        n2: 6
        N2: 7
        length: 18
        estimated_program_length: 31.02
        purity_ratio: 1.723
        vocabulary: 12
        volume: 64.529
        difficulty: 3.5
        level: 0.286
        effort: 225.853
        time: 12.547
        bugs: 0.012
      loc:
        sloc: 6
        ploc: 6
        lloc: 5
        cloc: 0
        blank: 0
        sloc_average: 6
        ploc_average: 6
        lloc_average: 5
        cloc_average: 0
        blank_average: 0
        sloc_min: 6
        sloc_max: 6
        cloc_min: 0
        cloc_max: 0
        ploc_min: 6
        ploc_max: 6
        lloc_min: 5
        lloc_max: 5
        blank_min: 0
        blank_max: 0
      nom:
        functions: 1
        closures: 0
        functions_average: 1
        closures_average: 0
        total: 1
        average: 1
        functions_min: 1
        functions_max: 1
        closures_min: 0
        closures_max: 0
      mi:
        mi_original: 119.844
        mi_sei: 97.402
        mi_visual_studio: 70.084
      abc:
        assignments: 0
        branches: 0
        conditions: 0
        magnitude: 0
        assignments_average: 0
        branches_average: 0
        conditions_average: 0
        assignments_min: 0
        assignments_max: 0
        branches_min: 0
        branches_max: 0
        conditions_min: 0
        conditions_max: 0
  - name: renderProgress
    start_line: 293
    end_line: 302
    kind: function
    spaces:
      - name: "<anonymous>"
        start_line: 299
        end_line: 301
        kind: function
        spaces: []
        metrics:
          nargs:
            total_functions: 0
            total_closures: 0
            average_functions: 0
            average_closures: 0
            total: 0
            average: 0
            functions_min: 0
            functions_max: 0
            closures_min: 0
            closures_max: 0
          nexits:
            sum: 0
            average: 0
            min: 0
            max: 0
          cognitive:
            sum: 0
            average: 0
            min: 0
            max: 0
          cyclomatic:
            sum: 1
            average: 1
            min: 1
            max: 1
          halstead:
            n1: 4
            N1: 4
            n2: 4
            N2: 5
            length: 9
            estimated_program_length: 16
            purity_ratio: 1.778
            vocabulary: 8
            volume: 27
            difficulty: 2.5
            level: 0.4
            effort: 67.5
            time: 3.75
            bugs: 0.006
          loc:
            sloc: 3
            ploc: 3
            lloc: 2
            cloc: 0
            blank: 0
            sloc_average: 3
            ploc_average: 3
            lloc_average: 2
            cloc_average: 0
            blank_average: 0
            sloc_min: 3
            sloc_max: 3
            cloc_min: 0
            cloc_max: 0
            ploc_min: 3
            ploc_max: 3
            lloc_min: 2
            lloc_max: 2
            blank_min: 0
            blank_max: 0
          nom:
            functions: 0
            closures: 1
            functions_average: 0
            closures_average: 1
            total: 1
            average: 1
            functions_min: 0
            functions_max: 0
            closures_min: 1
            closures_max: 1
          mi:
            mi_original: 135.834
            mi_sei: 120.368
            mi_visual_studio: 79.435
          abc:
            assignments: 0
            branches: 0
            conditions: 0
            magnitude: 0
            assignments_average: 0
            branches_average: 0
            conditions_average: 0
            assignments_min: 0
            assignments_max: 0
            branches_min: 0
            branches_max: 0
            conditions_min: 0
            conditions_max: 0
    metrics:
      nargs:
        total_functions: 3
        total_closures: 0
        average_functions: 3
        average_closures: 0
        total: 3
        average: 1.5
        functions_min: 0
        functions_max: 3
        closures_min: 0
        closures_max: 0
      nexits:
        sum: 0
        average: 0
        min: 0
        max: 0
      cognitive:
        sum: 0
        average: 0
        min: 0
        max: 0
      cyclomatic:
        sum: 2
        average: 1
        min: 1
        max: 1
      halstead:
        n1: 10
        N1: 40
        n2: 30
        N2: 41
        length: 81
        estimated_program_length: 180.426
        purity_ratio: 2.227
        vocabulary: 40
        volume: 431.076
        difficulty: 6.833
        level: 0.146
        effort: 2945.687
        time: 163.649
        bugs: 0.068
      loc:
        sloc: 10
        ploc: 10
        lloc: 6
        cloc: 0
        blank: 0
        sloc_average: 5
        ploc_average: 5
        lloc_average: 3
        cloc_average: 0
        blank_average: 0
        sloc_min: 3
        sloc_max: 3
        cloc_min: 0
        cloc_max: 0
        ploc_min: 3
        ploc_max: 3
        lloc_min: 2
        lloc_max: 2
        blank_min: 0
        blank_max: 0
      nom:
        functions: 1
        closures: 1
        functions_average: 0.5
        closures_average: 0.5
        total: 2
        average: 1
        functions_min: 0
        functions_max: 1
        closures_min: 0
        closures_max: 1
      mi:
        mi_original: 101.693
        mi_sei: 71.215
        mi_visual_studio: 59.47
      abc:
        assignments: 0
        branches: 0
        conditions: 0
        magnitude: 0
        assignments_average: 0
        branches_average: 0
        conditions_average: 0
        assignments_min: 0
        assignments_max: 0
        branches_min: 0
        branches_max: 0
        conditions_min: 0
        conditions_max: 0
  - name: "<anonymous>"
    start_line: 306
    end_line: 320
    kind: function
    spaces: []
    metrics:
      nargs:
        total_functions: 0
        total_closures: 1
        average_functions: 0
        average_closures: 1
        total: 1
        average: 1
        functions_min: 0
        functions_max: 0
        closures_min: 1
        closures_max: 1
      nexits:
        sum: 0
        average: 0
        min: 0
        max: 0
      cognitive:
        sum: 5
        average: 5
        min: 5
        max: 5
      cyclomatic:
        sum: 8
        average: 8
        min: 8
        max: 8
      halstead:
        n1: 11
        N1: 34
        n2: 23
        N2: 32
        length: 66
        estimated_program_length: 142.096
        purity_ratio: 2.153
        vocabulary: 34
        volume: 335.773
        difficulty: 7.652
        level: 0.131
        effort: 2569.39
        time: 142.744
        bugs: 0.063
      loc:
        sloc: 15
        ploc: 12
        lloc: 6
        cloc: 3
        blank: 1
        sloc_average: 15
        ploc_average: 12
        lloc_average: 6
        cloc_average: 3
        blank_average: 1
        sloc_min: 15
        sloc_max: 15
        cloc_min: 3
        cloc_max: 3
        ploc_min: 12
        ploc_max: 12
        lloc_min: 6
        lloc_max: 6
        blank_min: 1
        blank_max: 1
      nom:
        functions: 0
        closures: 1
        functions_average: 0
        closures_average: 1
        total: 1
        average: 1
        functions_min: 0
        functions_max: 0
        closures_min: 1
        closures_max: 1
      mi:
        mi_original: 95.044
        mi_sei: 94.169
        mi_visual_studio: 55.581
      abc:
        assignments: 0
        branches: 0
        conditions: 0
        magnitude: 0
        assignments_average: 0
        branches_average: 0
        conditions_average: 0
        assignments_min: 0
        assignments_max: 0
        branches_min: 0
        branches_max: 0
        conditions_min: 0
        conditions_max: 0
  - name: stopPropagationIfNeeded
    start_line: 327
    end_line: 331
    kind: function
    spaces: []
    metrics:
      nargs:
        total_functions: 1
        total_closures: 0
        average_functions: 1
        average_closures: 0
        total: 1
        average: 1
        functions_min: 1
        functions_max: 1
        closures_min: 0
        closures_max: 0
      nexits:
        sum: 0
        average: 0
        min: 0
        max: 0
      cognitive:
        sum: 2
        average: 2
        min: 2
        max: 2
      cyclomatic:
        sum: 2
        average: 2
        min: 2
        max: 2
      halstead:
        n1: 8
        N1: 12
        n2: 6
        N2: 8
        length: 20
        estimated_program_length: 39.51
        purity_ratio: 1.975
        vocabulary: 14
        volume: 76.147
        difficulty: 5.333
        level: 0.188
        effort: 406.118
        time: 22.562
        bugs: 0.018
      loc:
        sloc: 5
        ploc: 5
        lloc: 4
        cloc: 0
        blank: 0
        sloc_average: 5
        ploc_average: 5
        lloc_average: 4
        cloc_average: 0
        blank_average: 0
        sloc_min: 5
        sloc_max: 5
        cloc_min: 0
        cloc_max: 0
        ploc_min: 5
        ploc_max: 5
        lloc_min: 4
        lloc_max: 4
        blank_min: 0
        blank_max: 0
      nom:
        functions: 1
        closures: 0
        functions_average: 1
        closures_average: 0
        total: 1
        average: 1
        functions_min: 1
        functions_max: 1
        closures_min: 0
        closures_max: 0
      mi:
        mi_original: 121.937
        mi_sei: 100.421
        mi_visual_studio: 71.308
      abc:
        assignments: 0
        branches: 0
        conditions: 0
        magnitude: 0
        assignments_average: 0
        branches_average: 0
        conditions_average: 0
        assignments_min: 0
        assignments_max: 0
        branches_min: 0
        branches_max: 0
        conditions_min: 0
        conditions_max: 0
  - name: ensureOverlay
    start_line: 337
    end_line: 354
    kind: function
    spaces: []
    metrics:
      nargs:
        total_functions: 0
        total_closures: 0
        average_functions: 0
        average_closures: 0
        total: 0
        average: 0
        functions_min: 0
        functions_max: 0
        closures_min: 0
        closures_max: 0
      nexits:
        sum: 1
        average: 1
        min: 1
        max: 1
      cognitive:
        sum: 3
        average: 3
        min: 3
        max: 3
      cyclomatic:
        sum: 3
        average: 3
        min: 3
        max: 3
      halstead:
        n1: 12
        N1: 37
        n2: 22
        N2: 33
        length: 70
        estimated_program_length: 141.127
        purity_ratio: 2.016
        vocabulary: 34
        volume: 356.122
        difficulty: 9
        level: 0.111
        effort: 3205.102
        time: 178.061
        bugs: 0.072
      loc:
        sloc: 18
        ploc: 16
        lloc: 12
        cloc: 1
        blank: 2
        sloc_average: 18
        ploc_average: 16
        lloc_average: 12
        cloc_average: 1
        blank_average: 2
        sloc_min: 18
        sloc_max: 18
        cloc_min: 1
        cloc_max: 1
        ploc_min: 16
        ploc_max: 16
        lloc_min: 12
        lloc_max: 12
        blank_min: 2
        blank_max: 2
      nom:
        functions: 1
        closures: 0
        functions_average: 1
        closures_average: 0
        total: 1
        average: 1
        functions_min: 1
        functions_max: 1
        closures_min: 0
        closures_max: 0
      mi:
        mi_original: 92.935
        mi_sei: 76.535
        mi_visual_studio: 54.348
      abc:
        assignments: 0
        branches: 0
        conditions: 0
        magnitude: 0
        assignments_average: 0
        branches_average: 0
        conditions_average: 0
        assignments_min: 0
        assignments_max: 0
        branches_min: 0
        branches_max: 0
        conditions_min: 0
        conditions_max: 0
  - name: createPrintService
    start_line: 359
    end_line: 381
    kind: function
    spaces: []
    metrics:
      nargs:
        total_functions: 7
        total_closures: 0
        average_functions: 7
        average_closures: 0
        total: 7
        average: 7
        functions_min: 7
        functions_max: 7
        closures_min: 0
        closures_max: 0
      nexits:
        sum: 1
        average: 1
        min: 1
        max: 1
      cognitive:
        sum: 1
        average: 1
        min: 1
        max: 1
      cyclomatic:
        sum: 2
        average: 2
        min: 2
        max: 2
      halstead:
        n1: 9
        N1: 27
        n2: 12
        N2: 21
        length: 48
        estimated_program_length: 71.549
        purity_ratio: 1.491
        vocabulary: 21
        volume: 210.831
        difficulty: 7.875
        level: 0.127
        effort: 1660.296
        time: 92.239
        bugs: 0.047
      loc:
        sloc: 23
        ploc: 23
        lloc: 6
        cloc: 0
        blank: 0
        sloc_average: 23
        ploc_average: 23
        lloc_average: 6
        cloc_average: 0
        blank_average: 0
        sloc_min: 23
        sloc_max: 23
        cloc_min: 0
        cloc_max: 0
        ploc_min: 23
        ploc_max: 23
        lloc_min: 6
        lloc_max: 6
        blank_min: 0
        blank_max: 0
      nom:
        functions: 1
        closures: 0
        functions_average: 1
        closures_average: 0
        total: 1
        average: 1
        functions_min: 1
        functions_max: 1
        closures_min: 0
        closures_max: 0
      mi:
        mi_original: 91.919
        mi_sei: 57.115
        mi_visual_studio: 53.754
      abc:
        assignments: 0
        branches: 0
        conditions: 0
        magnitude: 0
        assignments_average: 0
        branches_average: 0
        conditions_average: 0
        assignments_min: 0
        assignments_max: 0
        branches_min: 0
        branches_max: 0
        conditions_min: 0
        conditions_max: 0
metrics:
  nargs:
    total_functions: 28
    total_closures: 6
    average_functions: 1.647
    average_closures: 0.4
    total: 34
    average: 1.063
    functions_min: 0
    functions_max: 7
    closures_min: 0
    closures_max: 2
  nexits:
    sum: 16
    average: 0.5
    min: 0
    max: 2
  cognitive:
    sum: 36
    average: 1.125
    min: 0
    max: 5
  cyclomatic:
    sum: 64
    average: 1.939
    min: 1
    max: 8
  halstead:
    n1: 34
    N1: 827
    n2: 295
    N2: 733
    length: 1560
    estimated_program_length: 2593.322
    purity_ratio: 1.662
    vocabulary: 329
    volume: 13044.632
    difficulty: 42.241
    level: 0.024
    effort: 551014.112
    time: 30611.895
    bugs: 2.24
  loc:
    sloc: 384
    ploc: 305
    lloc: 185
    cloc: 48
    blank: 36
    sloc_average: 11.636
    ploc_average: 9.242
    lloc_average: 5.606
    cloc_average: 1.455
    blank_average: 1.091
    sloc_min: 3
    sloc_max: 44
    cloc_min: 0
    cloc_max: 9
    ploc_min: 3
    ploc_max: 37
    lloc_min: 2
    lloc_max: 31
    blank_min: 0
    blank_max: 3
  nom:
    functions: 17
    closures: 15
    functions_average: 0.515
    closures_average: 0.455
    total: 32
    average: 0.97
    functions_min: 0
    functions_max: 1
    closures_min: 0
    closures_max: 1
  mi:
    mi_original: 10.604
    mi_sei: -27.849
    mi_visual_studio: 6.201
  abc:
    assignments: 0
    branches: 0
    conditions: 0
    magnitude: 0
    assignments_average: 0
    branches_average: 0
    conditions_average: 0
    assignments_min: 0
    assignments_max: 0
    branches_min: 0
    branches_max: 0
    conditions_min: 0
    conditions_max: 0

