---
source: tests/common/mod.rs
expression: funcspace_struct
---
FuncSpace {
    name: None,
    start_line: 1,
    end_line: 665,
    kind: Unit,
    spaces: [
        FuncSpace {
            name: Some(
                "kenlm_double_conversion",
            ),
            start_line: 34,
            end_line: 665,
            kind: Namespace,
            spaces: [
                FuncSpace {
                    name: Some(
                        "RoundWeed",
                    ),
                    start_line: 61,
                    end_line: 166,
                    kind: Function,
                    spaces: [],
                    metrics: CodeMetrics {
                        nargs: Stats {
                            fn_nargs: 7,
                            closure_nargs: 0,
                            fn_nargs_sum: 7,
                            closure_nargs_sum: 0,
                            fn_nargs_min: 7,
                            closure_nargs_min: 0,
                            fn_nargs_max: 7,
                            closure_nargs_max: 0,
                            total_functions: 1,
                            total_closures: 0,
                        },
                        nexits: Stats {
                            exit: 2,
                            exit_sum: 2,
                            total_space_functions: 1,
                            exit_min: 2,
                            exit_max: 2,
                        },
                        cognitive: Stats {
                            structural: 6,
                            structural_sum: 6,
                            structural_min: 6,
                            structural_max: 6,
                            nesting: 0,
                            total_space_functions: 1,
                            boolean_seq: BoolSequence {
                                boolean_op: Some(
                                    27,
                                ),
                            },
                        },
                        cyclomatic: Stats {
                            cyclomatic_sum: 10.000,
                            cyclomatic: 10.000,
                            n: 1,
                            cyclomatic_max: 10.000,
                            cyclomatic_min: 10.000,
                        },
                        halstead: Stats {
                            u_operators: 21,
                            operators: 79,
                            u_operands: 16,
                            operands: 57,
                        },
                        loc: Stats {
                            sloc: Sloc {
                                start: 60,
                                end: 165,
                                unit: fal,
                                sloc_min: 106,
                                sloc_max: 106,
                            },
                            ploc: Ploc {
                                lines: {
                                    64,
                                    61,
                                    154,
                                    157,
                                    145,
                                    142,
                                    165,
                                    66,
                                    63,
                                    60,
                                    153,
                                    156,
                                    147,
                                    144,
                                    141,
                                    68,
                                    65,
                                    62,
                                    155,
                                    152,
                                    164,
                                    146,
                                    143,
                                    140,
                                    67,
                                },
                                ploc_min: 25,
                                ploc_max: 25,
                            },
                            cloc: Cloc {
                                only_comment_lines: 78,
                                code_comment_lines: 3,
                                comment_line_end: Some(
                                    163,
                                ),
                                cloc_min: 81,
                                cloc_max: 81,
                            },
                            lloc: Lloc {
                                logical_lines: 9,
                                lloc_min: 9,
                                lloc_max: 9,
                            },
                            space_count: 1,
                            blank_min: 3,
                            blank_max: 3,
                        },
                        nom: Stats {
                            functions: 1,
                            closures: 0,
                            functions_sum: 1,
                            closures_sum: 0,
                            functions_min: 1,
                            functions_max: 1,
                            closures_min: 0,
                            closures_max: 0,
                            space_count: 1,
                        },
                        mi: Stats {
                            halstead_length: 136.000,
                            halstead_vocabulary: 37.000,
                            halstead_volume: 708.486,
                            cyclomatic: 10.000,
                            sloc: 106.000,
                            comments_percentage: 0.764,
                        },
                        abc: Stats {
                            assignments: 0.000,
                            assignments_sum: 0.000,
                            assignments_min: 0.000,
                            assignments_max: 0.000,
                            branches: 0.000,
                            branches_sum: 0.000,
                            branches_min: 0.000,
                            branches_max: 0.000,
                            conditions: 0.000,
                            conditions_sum: 0.000,
                            conditions_min: 0.000,
                            conditions_max: 0.000,
                            space_count: 1,
                            declaration: [],
                        },
                        wmc: Stats {
                            cyclomatic: 0.000,
                            class_wmc: 0.000,
                            interface_wmc: 0.000,
                            class_wmc_sum: 0.000,
                            interface_wmc_sum: 0.000,
                            space_kind: Unknown,
                        },
                        npm: Stats {
                            class_npm: 0,
                            interface_npm: 0,
                            class_nm: 0,
                            interface_nm: 0,
                            class_npm_sum: 0,
                            interface_npm_sum: 0,
                            class_nm_sum: 0,
                            interface_nm_sum: 0,
                            is_class_space: fal,
                        },
                        npa: Stats {
                            class_npa: 0,
                            interface_npa: 0,
                            class_na: 0,
                            interface_na: 0,
                            class_npa_sum: 0,
                            interface_npa_sum: 0,
                            class_na_sum: 0,
                            interface_na_sum: 0,
                            is_class_space: fal,
                        },
                    },
                },
                FuncSpace {
                    name: Some(
                        "RoundWeedCounted",
                    ),
                    start_line: 181,
                    end_line: 223,
                    kind: Function,
                    spaces: [],
                    metrics: CodeMetrics {
                        nargs: Stats {
                            fn_nargs: 6,
                            closure_nargs: 0,
                            fn_nargs_sum: 6,
                            closure_nargs_sum: 0,
                            fn_nargs_min: 6,
                            closure_nargs_min: 0,
                            fn_nargs_max: 6,
                            closure_nargs_max: 0,
                            total_functions: 1,
                            total_closures: 0,
                        },
                        nexits: Stats {
                            exit: 5,
                            exit_sum: 5,
                            total_space_functions: 1,
                            exit_min: 5,
                            exit_max: 5,
                        },
                        cognitive: Stats {
                            structural: 13,
                            structural_sum: 13,
                            structural_min: 13,
                            structural_max: 13,
                            nesting: 1,
                            total_space_functions: 1,
                            boolean_seq: BoolSequence {
                                boolean_op: None,
                            },
                        },
                        cyclomatic: Stats {
                            cyclomatic_sum: 10.000,
                            cyclomatic: 10.000,
                            n: 1,
                            cyclomatic_max: 10.000,
                            cyclomatic_min: 10.000,
                        },
                        halstead: Stats {
                            u_operators: 24,
                            operators: 103,
                            u_operands: 16,
                            operands: 60,
                        },
                        loc: Stats {
                            sloc: Sloc {
                                start: 180,
                                end: 222,
                                unit: fal,
                                sloc_min: 43,
                                sloc_max: 43,
                            },
                            ploc: Ploc {
                                lines: {
                                    221,
                                    186,
                                    183,
                                    180,
                                    209,
                                    206,
                                    203,
                                    200,
                                    197,
                                    215,
                                    218,
                                    220,
                                    185,
                                    182,
                                    217,
                                    208,
                                    205,
                                    199,
                                    193,
                                    222,
                                    219,
                                    184,
                                    181,
                                    210,
                                    207,
                                    216,
                                    201,
                                },
                                ploc_min: 27,
                                ploc_max: 27,
                            },
                            cloc: Cloc {
                                only_comment_lines: 16,
                                code_comment_lines: 0,
                                comment_line_end: Some(
                                    214,
                                ),
                                cloc_min: 16,
                                cloc_max: 16,
                            },
                            lloc: Lloc {
                                logical_lines: 19,
                                lloc_min: 19,
                                lloc_max: 19,
                            },
                            space_count: 1,
                            blank_min: 0,
                            blank_max: 0,
                        },
                        nom: Stats {
                            functions: 1,
                            closures: 0,
                            functions_sum: 1,
                            closures_sum: 0,
                            functions_min: 1,
                            functions_max: 1,
                            closures_min: 0,
                            closures_max: 0,
                            space_count: 1,
                        },
                        mi: Stats {
                            halstead_length: 163.000,
                            halstead_vocabulary: 40.000,
                            halstead_volume: 867.474,
                            cyclomatic: 10.000,
                            sloc: 43.000,
                            comments_percentage: 0.372,
                        },
                        abc: Stats {
                            assignments: 0.000,
                            assignments_sum: 0.000,
                            assignments_min: 0.000,
                            assignments_max: 0.000,
                            branches: 0.000,
                            branches_sum: 0.000,
                            branches_min: 0.000,
                            branches_max: 0.000,
                            conditions: 0.000,
                            conditions_sum: 0.000,
                            conditions_min: 0.000,
                            conditions_max: 0.000,
                            space_count: 1,
                            declaration: [],
                        },
                        wmc: Stats {
                            cyclomatic: 0.000,
                            class_wmc: 0.000,
                            interface_wmc: 0.000,
                            class_wmc_sum: 0.000,
                            interface_wmc_sum: 0.000,
                            space_kind: Unknown,
                        },
                        npm: Stats {
                            class_npm: 0,
                            interface_npm: 0,
                            class_nm: 0,
                            interface_nm: 0,
                            class_npm_sum: 0,
                            interface_npm_sum: 0,
                            class_nm_sum: 0,
                            interface_nm_sum: 0,
                            is_class_space: fal,
                        },
                        npa: Stats {
                            class_npa: 0,
                            interface_npa: 0,
                            class_na: 0,
                            interface_na: 0,
                            class_npa_sum: 0,
                            interface_npa_sum: 0,
                            class_na_sum: 0,
                            interface_na_sum: 0,
                            is_class_space: fal,
                        },
                    },
                },
                FuncSpace {
                    name: Some(
                        "BiggestPowerTen",
                    ),
                    start_line: 240,
                    end_line: 256,
                    kind: Function,
                    spaces: [],
                    metrics: CodeMetrics {
                        nargs: Stats {
                            fn_nargs: 4,
                            closure_nargs: 0,
                            fn_nargs_sum: 4,
                            closure_nargs_sum: 0,
                            fn_nargs_min: 4,
                            closure_nargs_min: 0,
                            fn_nargs_max: 4,
                            closure_nargs_max: 0,
                            total_functions: 1,
                            total_closures: 0,
                        },
                        nexits: Stats {
                            exit: 0,
                            exit_sum: 0,
                            total_space_functions: 1,
                            exit_min: 0,
                            exit_max: 0,
                        },
                        cognitive: Stats {
                            structural: 1,
                            structural_sum: 1,
                            structural_min: 1,
                            structural_max: 1,
                            nesting: 0,
                            total_space_functions: 1,
                            boolean_seq: BoolSequence {
                                boolean_op: None,
                            },
                        },
                        cyclomatic: Stats {
                            cyclomatic_sum: 2.000,
                            cyclomatic: 2.000,
                            n: 1,
                            cyclomatic_max: 2.000,
                            cyclomatic_min: 2.000,
                        },
                        halstead: Stats {
                            u_operators: 15,
                            operators: 43,
                            u_operands: 12,
                            operands: 25,
                        },
                        loc: Stats {
                            sloc: Sloc {
                                start: 239,
                                end: 255,
                                unit: fal,
                                sloc_min: 17,
                                sloc_max: 17,
                            },
                            ploc: Ploc {
                                lines: {
                                    240,
                                    253,
                                    250,
                                    241,
                                    254,
                                    251,
                                    248,
                                    245,
                                    242,
                                    239,
                                    252,
                                    255,
                                    243,
                                },
                                ploc_min: 13,
                                ploc_max: 13,
                            },
                            cloc: Cloc {
                                only_comment_lines: 4,
                                code_comment_lines: 0,
                                comment_line_end: Some(
                                    249,
                                ),
                                cloc_min: 4,
                                cloc_max: 4,
                            },
                            lloc: Lloc {
                                logical_lines: 7,
                                lloc_min: 7,
                                lloc_max: 7,
                            },
                            space_count: 1,
                            blank_min: 0,
                            blank_max: 0,
                        },
                        nom: Stats {
                            functions: 1,
                            closures: 0,
                            functions_sum: 1,
                            closures_sum: 0,
                            functions_min: 1,
                            functions_max: 1,
                            closures_min: 0,
                            closures_max: 0,
                            space_count: 1,
                        },
                        mi: Stats {
                            halstead_length: 68.000,
                            halstead_vocabulary: 27.000,
                            halstead_volume: 323.332,
                            cyclomatic: 2.000,
                            sloc: 17.000,
                            comments_percentage: 0.235,
                        },
                        abc: Stats {
                            assignments: 0.000,
                            assignments_sum: 0.000,
                            assignments_min: 0.000,
                            assignments_max: 0.000,
                            branches: 0.000,
                            branches_sum: 0.000,
                            branches_min: 0.000,
                            branches_max: 0.000,
                            conditions: 0.000,
                            conditions_sum: 0.000,
                            conditions_min: 0.000,
                            conditions_max: 0.000,
                            space_count: 1,
                            declaration: [],
                        },
                        wmc: Stats {
                            cyclomatic: 0.000,
                            class_wmc: 0.000,
                            interface_wmc: 0.000,
                            class_wmc_sum: 0.000,
                            interface_wmc_sum: 0.000,
                            space_kind: Unknown,
                        },
                        npm: Stats {
                            class_npm: 0,
                            interface_npm: 0,
                            class_nm: 0,
                            interface_nm: 0,
                            class_npm_sum: 0,
                            interface_npm_sum: 0,
                            class_nm_sum: 0,
                            interface_nm_sum: 0,
                            is_class_space: fal,
                        },
                        npa: Stats {
                            class_npa: 0,
                            interface_npa: 0,
                            class_na: 0,
                            interface_na: 0,
                            class_npa_sum: 0,
                            interface_npa_sum: 0,
                            class_na_sum: 0,
                            interface_na_sum: 0,
                            is_class_space: fal,
                        },
                    },
                },
                FuncSpace {
                    name: Some(
                        "DigitGen",
                    ),
                    start_line: 300,
                    end_line: 396,
                    kind: Function,
                    spaces: [],
                    metrics: CodeMetrics {
                        nargs: Stats {
                            fn_nargs: 6,
                            closure_nargs: 0,
                            fn_nargs_sum: 6,
                            closure_nargs_sum: 0,
                            fn_nargs_min: 6,
                            closure_nargs_min: 0,
                            fn_nargs_max: 6,
                            closure_nargs_max: 0,
                            total_functions: 1,
                            total_closures: 0,
                        },
                        nexits: Stats {
                            exit: 2,
                            exit_sum: 2,
                            total_space_functions: 1,
                            exit_min: 2,
                            exit_max: 2,
                        },
                        cognitive: Stats {
                            structural: 7,
                            structural_sum: 7,
                            structural_min: 7,
                            structural_max: 7,
                            nesting: 1,
                            total_space_functions: 1,
                            boolean_seq: BoolSequence {
                                boolean_op: None,
                            },
                        },
                        cyclomatic: Stats {
                            cyclomatic_sum: 7.000,
                            cyclomatic: 7.000,
                            n: 1,
                            cyclomatic_max: 7.000,
                            cyclomatic_min: 7.000,
                        },
                        halstead: Stats {
                            u_operators: 32,
                            operators: 304,
                            u_operands: 39,
                            operands: 192,
                        },
                        loc: Stats {
                            sloc: Sloc {
                                start: 299,
                                end: 395,
                                unit: fal,
                                sloc_min: 97,
                                sloc_max: 97,
                            },
                            ploc: Ploc {
                                lines: {
                                    384,
                                    378,
                                    305,
                                    366,
                                    299,
                                    360,
                                    348,
                                    342,
                                    336,
                                    391,
                                    324,
                                    385,
                                    379,
                                    306,
                                    367,
                                    300,
                                    349,
                                    337,
                                    392,
                                    386,
                                    319,
                                    380,
                                    307,
                                    368,
                                    301,
                                    356,
                                    350,
                                    338,
                                    332,
                                    393,
                                    387,
                                    320,
                                    381,
                                    302,
                                    363,
                                    357,
                                    351,
                                    339,
                                    394,
                                    388,
                                    321,
                                    382,
                                    376,
                                    303,
                                    364,
                                    352,
                                    340,
                                    334,
                                    395,
                                    389,
                                    377,
                                    304,
                                    365,
                                    353,
                                    347,
                                    341,
                                    390,
                                },
                                ploc_min: 57,
                                ploc_max: 57,
                            },
                            cloc: Cloc {
                                only_comment_lines: 39,
                                code_comment_lines: 1,
                                comment_line_end: Some(
                                    383,
                                ),
                                cloc_min: 40,
                                cloc_max: 40,
                            },
                            lloc: Lloc {
                                logical_lines: 41,
                                lloc_min: 41,
                                lloc_max: 41,
                            },
                            space_count: 1,
                            blank_min: 1,
                            blank_max: 1,
                        },
                        nom: Stats {
                            functions: 1,
                            closures: 0,
                            functions_sum: 1,
                            closures_sum: 0,
                            functions_min: 1,
                            functions_max: 1,
                            closures_min: 0,
                            closures_max: 0,
                            space_count: 1,
                        },
                        mi: Stats {
                            halstead_length: 496.000,
                            halstead_vocabulary: 71.000,
                            halstead_volume: 3050.275,
                            cyclomatic: 7.000,
                            sloc: 97.000,
                            comments_percentage: 0.412,
                        },
                        abc: Stats {
                            assignments: 0.000,
                            assignments_sum: 0.000,
                            assignments_min: 0.000,
                            assignments_max: 0.000,
                            branches: 0.000,
                            branches_sum: 0.000,
                            branches_min: 0.000,
                            branches_max: 0.000,
                            conditions: 0.000,
                            conditions_sum: 0.000,
                            conditions_min: 0.000,
                            conditions_max: 0.000,
                            space_count: 1,
                            declaration: [],
                        },
                        wmc: Stats {
                            cyclomatic: 0.000,
                            class_wmc: 0.000,
                            interface_wmc: 0.000,
                            class_wmc_sum: 0.000,
                            interface_wmc_sum: 0.000,
                            space_kind: Unknown,
                        },
                        npm: Stats {
                            class_npm: 0,
                            interface_npm: 0,
                            class_nm: 0,
                            interface_nm: 0,
                            class_npm_sum: 0,
                            interface_npm_sum: 0,
                            class_nm_sum: 0,
                            interface_nm_sum: 0,
                            is_class_space: fal,
                        },
                        npa: Stats {
                            class_npa: 0,
                            interface_npa: 0,
                            class_na: 0,
                            interface_na: 0,
                            class_npa_sum: 0,
                            interface_npa_sum: 0,
                            class_na_sum: 0,
                            interface_na_sum: 0,
                            is_class_space: fal,
                        },
                    },
                },
                FuncSpace {
                    name: Some(
                        "DigitGenCounted",
                    ),
                    start_line: 428,
                    end_line: 505,
                    kind: Function,
                    spaces: [],
                    metrics: CodeMetrics {
                        nargs: Stats {
                            fn_nargs: 5,
                            closure_nargs: 0,
                            fn_nargs_sum: 5,
                            closure_nargs_sum: 0,
                            fn_nargs_min: 5,
                            closure_nargs_min: 0,
                            fn_nargs_max: 5,
                            closure_nargs_max: 0,
                            total_functions: 1,
                            total_closures: 0,
                        },
                        nexits: Stats {
                            exit: 3,
                            exit_sum: 3,
                            total_space_functions: 1,
                            exit_min: 3,
                            exit_max: 3,
                        },
                        cognitive: Stats {
                            structural: 8,
                            structural_sum: 8,
                            structural_min: 8,
                            structural_max: 8,
                            nesting: 0,
                            total_space_functions: 1,
                            boolean_seq: BoolSequence {
                                boolean_op: None,
                            },
                        },
                        cyclomatic: Stats {
                            cyclomatic_sum: 8.000,
                            cyclomatic: 8.000,
                            n: 1,
                            cyclomatic_max: 8.000,
                            cyclomatic_min: 8.000,
                        },
                        halstead: Stats {
                            u_operators: 33,
                            operators: 249,
                            u_operands: 35,
                            operands: 149,
                        },
                        loc: Stats {
                            sloc: Sloc {
                                start: 427,
                                end: 504,
                                unit: fal,
                                sloc_min: 78,
                                sloc_max: 78,
                            },
                            ploc: Ploc {
                                lines: {
                                    448,
                                    442,
                                    503,
                                    500,
                                    433,
                                    430,
                                    427,
                                    488,
                                    491,
                                    494,
                                    497,
                                    476,
                                    473,
                                    470,
                                    464,
                                    461,
                                    458,
                                    452,
                                    449,
                                    446,
                                    504,
                                    437,
                                    434,
                                    431,
                                    428,
                                    489,
                                    486,
                                    495,
                                    498,
                                    477,
                                    474,
                                    501,
                                    468,
                                    465,
                                    462,
                                    459,
                                    450,
                                    447,
                                    444,
                                    502,
                                    499,
                                    432,
                                    429,
                                    490,
                                    487,
                                    493,
                                    496,
                                    478,
                                    475,
                                    472,
                                    469,
                                    463,
                                    460,
                                    451,
                                },
                                ploc_min: 54,
                                ploc_max: 54,
                            },
                            cloc: Cloc {
                                only_comment_lines: 21,
                                code_comment_lines: 1,
                                comment_line_end: Some(
                                    492,
                                ),
                                cloc_min: 22,
                                cloc_max: 22,
                            },
                            lloc: Lloc {
                                logical_lines: 42,
                                lloc_min: 42,
                                lloc_max: 42,
                            },
                            space_count: 1,
                            blank_min: 3,
                            blank_max: 3,
                        },
                        nom: Stats {
                            functions: 1,
                            closures: 0,
                            functions_sum: 1,
                            closures_sum: 0,
                            functions_min: 1,
                            functions_max: 1,
                            closures_min: 0,
                            closures_max: 0,
                            space_count: 1,
                        },
                        mi: Stats {
                            halstead_length: 398.000,
                            halstead_vocabulary: 68.000,
                            halstead_volume: 2422.810,
                            cyclomatic: 8.000,
                            sloc: 78.000,
                            comments_percentage: 0.282,
                        },
                        abc: Stats {
                            assignments: 0.000,
                            assignments_sum: 0.000,
                            assignments_min: 0.000,
                            assignments_max: 0.000,
                            branches: 0.000,
                            branches_sum: 0.000,
                            branches_min: 0.000,
                            branches_max: 0.000,
                            conditions: 0.000,
                            conditions_sum: 0.000,
                            conditions_min: 0.000,
                            conditions_max: 0.000,
                            space_count: 1,
                            declaration: [],
                        },
                        wmc: Stats {
                            cyclomatic: 0.000,
                            class_wmc: 0.000,
                            interface_wmc: 0.000,
                            class_wmc_sum: 0.000,
                            interface_wmc_sum: 0.000,
                            space_kind: Unknown,
                        },
                        npm: Stats {
                            class_npm: 0,
                            interface_npm: 0,
                            class_nm: 0,
                            interface_nm: 0,
                            class_npm_sum: 0,
                            interface_npm_sum: 0,
                            class_nm_sum: 0,
                            interface_nm_sum: 0,
                            is_class_space: fal,
                        },
                        npa: Stats {
                            class_npa: 0,
                            interface_npa: 0,
                            class_na: 0,
                            interface_na: 0,
                            class_npa_sum: 0,
                            interface_npa_sum: 0,
                            class_na_sum: 0,
                            interface_na_sum: 0,
                            is_class_space: fal,
                        },
                    },
                },
                FuncSpace {
                    name: Some(
                        "Grisu3",
                    ),
                    start_line: 519,
                    end_line: 583,
                    kind: Function,
                    spaces: [],
                    metrics: CodeMetrics {
                        nargs: Stats {
                            fn_nargs: 5,
                            closure_nargs: 0,
                            fn_nargs_sum: 5,
                            closure_nargs_sum: 0,
                            fn_nargs_min: 5,
                            closure_nargs_min: 0,
                            fn_nargs_max: 5,
                            closure_nargs_max: 0,
                            total_functions: 1,
                            total_closures: 0,
                        },
                        nexits: Stats {
                            exit: 1,
                            exit_sum: 1,
                            total_space_functions: 1,
                            exit_min: 1,
                            exit_max: 1,
                        },
                        cognitive: Stats {
                            structural: 3,
                            structural_sum: 3,
                            structural_min: 3,
                            structural_max: 3,
                            nesting: 0,
                            total_space_functions: 1,
                            boolean_seq: BoolSequence {
                                boolean_op: Some(
                                    348,
                                ),
                            },
                        },
                        cyclomatic: Stats {
                            cyclomatic_sum: 3.000,
                            cyclomatic: 3.000,
                            n: 1,
                            cyclomatic_max: 3.000,
                            cyclomatic_min: 3.000,
                        },
                        halstead: Stats {
                            u_operators: 21,
                            operators: 155,
                            u_operands: 37,
                            operands: 106,
                        },
                        loc: Stats {
                            sloc: Sloc {
                                start: 518,
                                end: 582,
                                unit: fal,
                                sloc_min: 65,
                                sloc_max: 65,
                            },
                            ploc: Ploc {
                                lines: {
                                    582,
                                    561,
                                    549,
                                    546,
                                    543,
                                    540,
                                    537,
                                    534,
                                    531,
                                    528,
                                    522,
                                    519,
                                    580,
                                    577,
                                    568,
                                    562,
                                    550,
                                    547,
                                    544,
                                    541,
                                    538,
                                    535,
                                    532,
                                    529,
                                    523,
                                    520,
                                    581,
                                    578,
                                    569,
                                    560,
                                    548,
                                    545,
                                    542,
                                    539,
                                    536,
                                    533,
                                    530,
                                    521,
                                    518,
                                    579,
                                },
                                ploc_min: 40,
                                ploc_max: 40,
                            },
                            cloc: Cloc {
                                only_comment_lines: 23,
                                code_comment_lines: 2,
                                comment_line_end: Some(
                                    576,
                                ),
                                cloc_min: 25,
                                cloc_max: 25,
                            },
                            lloc: Lloc {
                                logical_lines: 22,
                                lloc_min: 22,
                                lloc_max: 22,
                            },
                            space_count: 1,
                            blank_min: 2,
                            blank_max: 2,
                        },
                        nom: Stats {
                            functions: 1,
                            closures: 0,
                            functions_sum: 1,
                            closures_sum: 0,
                            functions_min: 1,
                            functions_max: 1,
                            closures_min: 0,
                            closures_max: 0,
                            space_count: 1,
                        },
                        mi: Stats {
                            halstead_length: 261.000,
                            halstead_vocabulary: 58.000,
                            halstead_volume: 1528.933,
                            cyclomatic: 3.000,
                            sloc: 65.000,
                            comments_percentage: 0.385,
                        },
                        abc: Stats {
                            assignments: 0.000,
                            assignments_sum: 0.000,
                            assignments_min: 0.000,
                            assignments_max: 0.000,
                            branches: 0.000,
                            branches_sum: 0.000,
                            branches_min: 0.000,
                            branches_max: 0.000,
                            conditions: 0.000,
                            conditions_sum: 0.000,
                            conditions_min: 0.000,
                            conditions_max: 0.000,
                            space_count: 1,
                            declaration: [],
                        },
                        wmc: Stats {
                            cyclomatic: 0.000,
                            class_wmc: 0.000,
                            interface_wmc: 0.000,
                            class_wmc_sum: 0.000,
                            interface_wmc_sum: 0.000,
                            space_kind: Unknown,
                        },
                        npm: Stats {
                            class_npm: 0,
                            interface_npm: 0,
                            class_nm: 0,
                            interface_nm: 0,
                            class_npm_sum: 0,
                            interface_npm_sum: 0,
                            class_nm_sum: 0,
                            interface_nm_sum: 0,
                            is_class_space: fal,
                        },
                        npa: Stats {
                            class_npa: 0,
                            interface_npa: 0,
                            class_na: 0,
                            interface_na: 0,
                            class_npa_sum: 0,
                            interface_npa_sum: 0,
                            class_na_sum: 0,
                            interface_na_sum: 0,
                            is_class_space: fal,
                        },
                    },
                },
                FuncSpace {
                    name: Some(
                        "Grisu3Counted",
                    ),
                    start_line: 591,
                    end_line: 632,
                    kind: Function,
                    spaces: [],
                    metrics: CodeMetrics {
                        nargs: Stats {
                            fn_nargs: 5,
                            closure_nargs: 0,
                            fn_nargs_sum: 5,
                            closure_nargs_sum: 0,
                            fn_nargs_min: 5,
                            closure_nargs_min: 0,
                            fn_nargs_max: 5,
                            closure_nargs_max: 0,
                            total_functions: 1,
                            total_closures: 0,
                        },
                        nexits: Stats {
                            exit: 1,
                            exit_sum: 1,
                            total_space_functions: 1,
                            exit_min: 1,
                            exit_max: 1,
                        },
                        cognitive: Stats {
                            structural: 1,
                            structural_sum: 1,
                            structural_min: 1,
                            structural_max: 1,
                            nesting: 0,
                            total_space_functions: 1,
                            boolean_seq: BoolSequence {
                                boolean_op: Some(
                                    348,
                                ),
                            },
                        },
                        cyclomatic: Stats {
                            cyclomatic_sum: 2.000,
                            cyclomatic: 2.000,
                            n: 1,
                            cyclomatic_max: 2.000,
                            cyclomatic_min: 2.000,
                        },
                        halstead: Stats {
                            u_operators: 18,
                            operators: 94,
                            u_operands: 26,
                            operands: 60,
                        },
                        loc: Stats {
                            sloc: Sloc {
                                start: 590,
                                end: 631,
                                unit: fal,
                                sloc_min: 42,
                                sloc_max: 42,
                            },
                            ploc: Ploc {
                                lines: {
                                    608,
                                    605,
                                    602,
                                    599,
                                    596,
                                    593,
                                    590,
                                    619,
                                    628,
                                    631,
                                    607,
                                    604,
                                    601,
                                    598,
                                    595,
                                    592,
                                    627,
                                    630,
                                    609,
                                    606,
                                    603,
                                    600,
                                    597,
                                    594,
                                    591,
                                    626,
                                    629,
                                },
                                ploc_min: 27,
                                ploc_max: 27,
                            },
                            cloc: Cloc {
                                only_comment_lines: 13,
                                code_comment_lines: 2,
                                comment_line_end: Some(
                                    625,
                                ),
                                cloc_min: 15,
                                cloc_max: 15,
                            },
                            lloc: Lloc {
                                logical_lines: 12,
                                lloc_min: 12,
                                lloc_max: 12,
                            },
                            space_count: 1,
                            blank_min: 2,
                            blank_max: 2,
                        },
                        nom: Stats {
                            functions: 1,
                            closures: 0,
                            functions_sum: 1,
                            closures_sum: 0,
                            functions_min: 1,
                            functions_max: 1,
                            closures_min: 0,
                            closures_max: 0,
                            space_count: 1,
                        },
                        mi: Stats {
                            halstead_length: 154.000,
                            halstead_vocabulary: 44.000,
                            halstead_volume: 840.752,
                            cyclomatic: 2.000,
                            sloc: 42.000,
                            comments_percentage: 0.357,
                        },
                        abc: Stats {
                            assignments: 0.000,
                            assignments_sum: 0.000,
                            assignments_min: 0.000,
                            assignments_max: 0.000,
                            branches: 0.000,
                            branches_sum: 0.000,
                            branches_min: 0.000,
                            branches_max: 0.000,
                            conditions: 0.000,
                            conditions_sum: 0.000,
                            conditions_min: 0.000,
                            conditions_max: 0.000,
                            space_count: 1,
                            declaration: [],
                        },
                        wmc: Stats {
                            cyclomatic: 0.000,
                            class_wmc: 0.000,
                            interface_wmc: 0.000,
                            class_wmc_sum: 0.000,
                            interface_wmc_sum: 0.000,
                            space_kind: Unknown,
                        },
                        npm: Stats {
                            class_npm: 0,
                            interface_npm: 0,
                            class_nm: 0,
                            interface_nm: 0,
                            class_npm_sum: 0,
                            interface_npm_sum: 0,
                            class_nm_sum: 0,
                            interface_nm_sum: 0,
                            is_class_space: fal,
                        },
                        npa: Stats {
                            class_npa: 0,
                            interface_npa: 0,
                            class_na: 0,
                            interface_na: 0,
                            class_npa_sum: 0,
                            interface_npa_sum: 0,
                            class_na_sum: 0,
                            interface_na_sum: 0,
                            is_class_space: fal,
                        },
                    },
                },
                FuncSpace {
                    name: Some(
                        "FastDtoa",
                    ),
                    start_line: 635,
                    end_line: 663,
                    kind: Function,
                    spaces: [],
                    metrics: CodeMetrics {
                        nargs: Stats {
                            fn_nargs: 6,
                            closure_nargs: 0,
                            fn_nargs_sum: 6,
                            closure_nargs_sum: 0,
                            fn_nargs_min: 6,
                            closure_nargs_min: 0,
                            fn_nargs_max: 6,
                            closure_nargs_max: 0,
                            total_functions: 1,
                            total_closures: 0,
                        },
                        nexits: Stats {
                            exit: 1,
                            exit_sum: 1,
                            total_space_functions: 1,
                            exit_min: 1,
                            exit_max: 1,
                        },
                        cognitive: Stats {
                            structural: 2,
                            structural_sum: 2,
                            structural_min: 2,
                            structural_max: 2,
                            nesting: 0,
                            total_space_functions: 1,
                            boolean_seq: BoolSequence {
                                boolean_op: None,
                            },
                        },
                        cyclomatic: Stats {
                            cyclomatic_sum: 5.000,
                            cyclomatic: 5.000,
                            n: 1,
                            cyclomatic_max: 5.000,
                            cyclomatic_min: 5.000,
                        },
                        halstead: Stats {
                            u_operators: 21,
                            operators: 79,
                            u_operands: 22,
                            operands: 46,
                        },
                        loc: Stats {
                            sloc: Sloc {
                                start: 634,
                                end: 662,
                                unit: fal,
                                sloc_min: 29,
                                sloc_max: 29,
                            },
                            ploc: Ploc {
                                lines: {
                                    640,
                                    637,
                                    634,
                                    660,
                                    657,
                                    654,
                                    651,
                                    648,
                                    645,
                                    639,
                                    636,
                                    662,
                                    659,
                                    656,
                                    653,
                                    650,
                                    647,
                                    644,
                                    641,
                                    638,
                                    635,
                                    661,
                                    658,
                                    655,
                                    652,
                                    649,
                                    646,
                                    643,
                                },
                                ploc_min: 28,
                                ploc_max: 28,
                            },
                            cloc: Cloc {
                                only_comment_lines: 0,
                                code_comment_lines: 0,
                                comment_line_end: None,
                                cloc_min: 0,
                                cloc_max: 0,
                            },
                            lloc: Lloc {
                                logical_lines: 18,
                                lloc_min: 18,
                                lloc_max: 18,
                            },
                            space_count: 1,
                            blank_min: 1,
                            blank_max: 1,
                        },
                        nom: Stats {
                            functions: 1,
                            closures: 0,
                            functions_sum: 1,
                            closures_sum: 0,
                            functions_min: 1,
                            functions_max: 1,
                            closures_min: 0,
                            closures_max: 0,
                            space_count: 1,
                        },
                        mi: Stats {
                            halstead_length: 125.000,
                            halstead_vocabulary: 43.000,
                            halstead_volume: 678.283,
                            cyclomatic: 5.000,
                            sloc: 29.000,
                            comments_percentage: 0.000,
                        },
                        abc: Stats {
                            assignments: 0.000,
                            assignments_sum: 0.000,
                            assignments_min: 0.000,
                            assignments_max: 0.000,
                            branches: 0.000,
                            branches_sum: 0.000,
                            branches_min: 0.000,
                            branches_max: 0.000,
                            conditions: 0.000,
                            conditions_sum: 0.000,
                            conditions_min: 0.000,
                            conditions_max: 0.000,
                            space_count: 1,
                            declaration: [],
                        },
                        wmc: Stats {
                            cyclomatic: 0.000,
                            class_wmc: 0.000,
                            interface_wmc: 0.000,
                            class_wmc_sum: 0.000,
                            interface_wmc_sum: 0.000,
                            space_kind: Unknown,
                        },
                        npm: Stats {
                            class_npm: 0,
                            interface_npm: 0,
                            class_nm: 0,
                            interface_nm: 0,
                            class_npm_sum: 0,
                            interface_npm_sum: 0,
                            class_nm_sum: 0,
                            interface_nm_sum: 0,
                            is_class_space: fal,
                        },
                        npa: Stats {
                            class_npa: 0,
                            interface_npa: 0,
                            class_na: 0,
                            interface_na: 0,
                            class_npa_sum: 0,
                            interface_npa_sum: 0,
                            class_na_sum: 0,
                            interface_na_sum: 0,
                            is_class_space: fal,
                        },
                    },
                },
            ],
            metrics: CodeMetrics {
                nargs: Stats {
                    fn_nargs: 0,
                    closure_nargs: 0,
                    fn_nargs_sum: 44,
                    closure_nargs_sum: 0,
                    fn_nargs_min: 0,
                    closure_nargs_min: 0,
                    fn_nargs_max: 7,
                    closure_nargs_max: 0,
                    total_functions: 8,
                    total_closures: 0,
                },
                nexits: Stats {
                    exit: 0,
                    exit_sum: 15,
                    total_space_functions: 8,
                    exit_min: 0,
                    exit_max: 5,
                },
                cognitive: Stats {
                    structural: 0,
                    structural_sum: 41,
                    structural_min: 0,
                    structural_max: 13,
                    nesting: 0,
                    total_space_functions: 8,
                    boolean_seq: BoolSequence {
                        boolean_op: None,
                    },
                },
                cyclomatic: Stats {
                    cyclomatic_sum: 48.000,
                    cyclomatic: 1.000,
                    n: 9,
                    cyclomatic_max: 10.000,
                    cyclomatic_min: 1.000,
                },
                halstead: Stats {
                    u_operators: 42,
                    operators: 1128,
                    u_operands: 101,
                    operands: 712,
                },
                loc: Stats {
                    sloc: Sloc {
                        start: 33,
                        end: 664,
                        unit: fal,
                        sloc_min: 17,
                        sloc_max: 106,
                    },
                    ploc: Ploc {
                        lines: {
                            378,
                            433,
                            299,
                            488,
                            165,
                            543,
                            220,
                            598,
                            464,
                            141,
                            653,
                            519,
                            385,
                            62,
                            251,
                            629,
                            306,
                            495,
                            550,
                            605,
                            660,
                            337,
                            203,
                            392,
                            581,
                            447,
                            636,
                            502,
                            368,
                            478,
                            155,
                            533,
                            210,
                            643,
                            320,
                            186,
                            241,
                            430,
                            619,
                            351,
                            540,
                            217,
                            595,
                            461,
                            650,
                            193,
                            382,
                            248,
                            437,
                            626,
                            303,
                            547,
                            602,
                            468,
                            145,
                            334,
                            523,
                            200,
                            389,
                            66,
                            255,
                            444,
                            578,
                            657,
                            499,
                            365,
                            42,
                            609,
                            475,
                            152,
                            341,
                            530,
                            207,
                            664,
                            451,
                            640,
                            183,
                            561,
                            427,
                            348,
                            537,
                            592,
                            458,
                            647,
                            324,
                            379,
                            568,
                            245,
                            434,
                            300,
                            489,
                            544,
                            221,
                            599,
                            465,
                            142,
                            654,
                            520,
                            197,
                            386,
                            63,
                            252,
                            630,
                            307,
                            496,
                            606,
                            472,
                            661,
                            338,
                            393,
                            582,
                            448,
                            637,
                            503,
                            180,
                            235,
                            156,
                            534,
                            644,
                            321,
                            376,
                            242,
                            431,
                            486,
                            352,
                            541,
                            218,
                            596,
                            462,
                            651,
                            60,
                            627,
                            304,
                            493,
                            548,
                            603,
                            469,
                            146,
                            658,
                            201,
                            390,
                            579,
                            67,
                            634,
                            500,
                            366,
                            476,
                            153,
                            342,
                            531,
                            208,
                            452,
                            641,
                            184,
                            562,
                            239,
                            428,
                            349,
                            538,
                            215,
                            593,
                            459,
                            648,
                            380,
                            569,
                            301,
                            490,
                            356,
                            33,
                            222,
                            545,
                            600,
                            143,
                            332,
                            521,
                            655,
                            387,
                            64,
                            253,
                            442,
                            631,
                            497,
                            363,
                            607,
                            473,
                            662,
                            339,
                            528,
                            205,
                            394,
                            449,
                            638,
                            504,
                            181,
                            236,
                            157,
                            535,
                            590,
                            645,
                            377,
                            243,
                            432,
                            487,
                            164,
                            353,
                            542,
                            219,
                            597,
                            463,
                            140,
                            652,
                            518,
                            384,
                            61,
                            250,
                            628,
                            305,
                            494,
                            360,
                            549,
                            604,
                            470,
                            147,
                            336,
                            659,
                            391,
                            68,
                            580,
                            446,
                            635,
                            501,
                            367,
                            477,
                            154,
                            532,
                            209,
                            319,
                            185,
                            240,
                            429,
                            350,
                            539,
                            216,
                            594,
                            460,
                            649,
                            381,
                            302,
                            491,
                            357,
                            546,
                            601,
                            144,
                            656,
                            522,
                            199,
                            388,
                            65,
                            254,
                            577,
                            498,
                            364,
                            41,
                            608,
                            474,
                            340,
                            529,
                            206,
                            395,
                            450,
                            639,
                            182,
                            560,
                            237,
                            347,
                            536,
                            591,
                            646,
                        },
                        ploc_min: 13,
                        ploc_max: 57,
                    },
                    cloc: Cloc {
                        only_comment_lines: 323,
                        code_comment_lines: 9,
                        comment_line_end: Some(
                            589,
                        ),
                        cloc_min: 0,
                        cloc_max: 81,
                    },
                    lloc: Lloc {
                        logical_lines: 173,
                        lloc_min: 7,
                        lloc_max: 42,
                    },
                    space_count: 9,
                    blank_min: 0,
                    blank_max: 3,
                },
                nom: Stats {
                    functions: 0,
                    closures: 0,
                    functions_sum: 8,
                    closures_sum: 0,
                    functions_min: 0,
                    functions_max: 1,
                    closures_min: 0,
                    closures_max: 0,
                    space_count: 9,
                },
                mi: Stats {
                    halstead_length: 1840.000,
                    halstead_vocabulary: 143.000,
                    halstead_volume: 13174.163,
                    cyclomatic: 48.000,
                    sloc: 632.000,
                    comments_percentage: 0.525,
                },
                abc: Stats {
                    assignments: 0.000,
                    assignments_sum: 0.000,
                    assignments_min: 0.000,
                    assignments_max: 0.000,
                    branches: 0.000,
                    branches_sum: 0.000,
                    branches_min: 0.000,
                    branches_max: 0.000,
                    conditions: 0.000,
                    conditions_sum: 0.000,
                    conditions_min: 0.000,
                    conditions_max: 0.000,
                    space_count: 9,
                    declaration: [],
                },
                wmc: Stats {
                    cyclomatic: 0.000,
                    class_wmc: 0.000,
                    interface_wmc: 0.000,
                    class_wmc_sum: 0.000,
                    interface_wmc_sum: 0.000,
                    space_kind: Unknown,
                },
                npm: Stats {
                    class_npm: 0,
                    interface_npm: 0,
                    class_nm: 0,
                    interface_nm: 0,
                    class_npm_sum: 0,
                    interface_npm_sum: 0,
                    class_nm_sum: 0,
                    interface_nm_sum: 0,
                    is_class_space: fal,
                },
                npa: Stats {
                    class_npa: 0,
                    interface_npa: 0,
                    class_na: 0,
                    interface_na: 0,
                    class_npa_sum: 0,
                    interface_npa_sum: 0,
                    class_na_sum: 0,
                    interface_na_sum: 0,
                    is_class_space: fal,
                },
            },
        },
    ],
    metrics: CodeMetrics {
        nargs: Stats {
            fn_nargs: 0,
            closure_nargs: 0,
            fn_nargs_sum: 44,
            closure_nargs_sum: 0,
            fn_nargs_min: 0,
            closure_nargs_min: 0,
            fn_nargs_max: 7,
            closure_nargs_max: 0,
            total_functions: 8,
            total_closures: 0,
        },
        nexits: Stats {
            exit: 0,
            exit_sum: 15,
            total_space_functions: 8,
            exit_min: 0,
            exit_max: 5,
        },
        cognitive: Stats {
            structural: 0,
            structural_sum: 41,
            structural_min: 0,
            structural_max: 13,
            nesting: 0,
            total_space_functions: 8,
            boolean_seq: BoolSequence {
                boolean_op: None,
            },
        },
        cyclomatic: Stats {
            cyclomatic_sum: 49.000,
            cyclomatic: 1.000,
            n: 10,
            cyclomatic_max: 10.000,
            cyclomatic_min: 1.000,
        },
        halstead: Stats {
            u_operators: 42,
            operators: 1128,
            u_operands: 105,
            operands: 716,
        },
        loc: Stats {
            sloc: Sloc {
                start: 0,
                end: 665,
                unit: tru,
                sloc_min: 632,
                sloc_max: 632,
            },
            ploc: Ploc {
                lines: {
                    378,
                    433,
                    299,
                    488,
                    165,
                    31,
                    543,
                    220,
                    598,
                    464,
                    141,
                    653,
                    519,
                    385,
                    62,
                    251,
                    629,
                    306,
                    495,
                    550,
                    605,
                    660,
                    337,
                    203,
                    392,
                    581,
                    447,
                    636,
                    502,
                    368,
                    478,
                    155,
                    533,
                    210,
                    643,
                    320,
                    186,
                    241,
                    430,
                    619,
                    351,
                    540,
                    217,
                    595,
                    461,
                    650,
                    193,
                    382,
                    248,
                    437,
                    626,
                    303,
                    547,
                    602,
                    468,
                    145,
                    334,
                    523,
                    200,
                    389,
                    66,
                    255,
                    444,
                    578,
                    657,
                    499,
                    365,
                    42,
                    609,
                    475,
                    152,
                    341,
                    530,
                    207,
                    664,
                    451,
                    640,
                    183,
                    561,
                    427,
                    348,
                    537,
                    592,
                    458,
                    647,
                    324,
                    379,
                    568,
                    245,
                    434,
                    300,
                    489,
                    544,
                    221,
                    599,
                    465,
                    142,
                    654,
                    520,
                    197,
                    386,
                    63,
                    252,
                    630,
                    307,
                    496,
                    606,
                    472,
                    661,
                    338,
                    393,
                    582,
                    448,
                    637,
                    503,
                    180,
                    235,
                    156,
                    534,
                    644,
                    321,
                    376,
                    242,
                    431,
                    486,
                    352,
                    29,
                    541,
                    218,
                    596,
                    462,
                    651,
                    60,
                    627,
                    304,
                    493,
                    548,
                    603,
                    469,
                    146,
                    658,
                    201,
                    390,
                    67,
                    579,
                    634,
                    500,
                    366,
                    476,
                    153,
                    342,
                    531,
                    208,
                    452,
                    641,
                    184,
                    562,
                    239,
                    428,
                    349,
                    538,
                    215,
                    593,
                    459,
                    648,
                    380,
                    569,
                    301,
                    490,
                    356,
                    33,
                    222,
                    545,
                    600,
                    143,
                    332,
                    521,
                    655,
                    387,
                    64,
                    253,
                    442,
                    631,
                    497,
                    363,
                    607,
                    473,
                    662,
                    339,
                    528,
                    205,
                    394,
                    449,
                    638,
                    504,
                    181,
                    236,
                    157,
                    535,
                    590,
                    645,
                    377,
                    243,
                    432,
                    487,
                    164,
                    353,
                    30,
                    542,
                    219,
                    597,
                    463,
                    140,
                    652,
                    518,
                    384,
                    61,
                    250,
                    628,
                    305,
                    494,
                    360,
                    549,
                    604,
                    470,
                    147,
                    336,
                    659,
                    391,
                    68,
                    580,
                    446,
                    635,
                    501,
                    367,
                    477,
                    154,
                    532,
                    209,
                    319,
                    185,
                    240,
                    429,
                    350,
                    27,
                    539,
                    216,
                    594,
                    460,
                    649,
                    381,
                    302,
                    491,
                    357,
                    546,
                    601,
                    144,
                    656,
                    522,
                    199,
                    388,
                    65,
                    254,
                    577,
                    498,
                    364,
                    41,
                    608,
                    474,
                    340,
                    529,
                    206,
                    395,
                    450,
                    639,
                    182,
                    560,
                    237,
                    347,
                    536,
                    591,
                    646,
                },
                ploc_min: 278,
                ploc_max: 278,
            },
            cloc: Cloc {
                only_comment_lines: 349,
                code_comment_lines: 10,
                comment_line_end: Some(
                    25,
                ),
                cloc_min: 332,
                cloc_max: 332,
            },
            lloc: Lloc {
                logical_lines: 173,
                lloc_min: 173,
                lloc_max: 173,
            },
            space_count: 10,
            blank_min: 31,
            blank_max: 31,
        },
        nom: Stats {
            functions: 0,
            closures: 0,
            functions_sum: 8,
            closures_sum: 0,
            functions_min: 0,
            functions_max: 1,
            closures_min: 0,
            closures_max: 0,
            space_count: 10,
        },
        mi: Stats {
            halstead_length: 1844.000,
            halstead_vocabulary: 147.000,
            halstead_volume: 13276.196,
            cyclomatic: 49.000,
            sloc: 665.000,
            comments_percentage: 0.540,
        },
        abc: Stats {
            assignments: 0.000,
            assignments_sum: 0.000,
            assignments_min: 0.000,
            assignments_max: 0.000,
            branches: 0.000,
            branches_sum: 0.000,
            branches_min: 0.000,
            branches_max: 0.000,
            conditions: 0.000,
            conditions_sum: 0.000,
            conditions_min: 0.000,
            conditions_max: 0.000,
            space_count: 10,
            declaration: [],
        },
        wmc: Stats {
            cyclomatic: 0.000,
            class_wmc: 0.000,
            interface_wmc: 0.000,
            class_wmc_sum: 0.000,
            interface_wmc_sum: 0.000,
            space_kind: Unknown,
        },
        npm: Stats {
            class_npm: 0,
            interface_npm: 0,
            class_nm: 0,
            interface_nm: 0,
            class_npm_sum: 0,
            interface_npm_sum: 0,
            class_nm_sum: 0,
            interface_nm_sum: 0,
            is_class_space: fal,
        },
        npa: Stats {
            class_npa: 0,
            interface_npa: 0,
            class_na: 0,
            interface_na: 0,
            class_npa_sum: 0,
            interface_npa_sum: 0,
            class_na_sum: 0,
            interface_na_sum: 0,
            is_class_space: fal,
        },
    },
}
