---
source: tests/common/mod.rs
expression: funcspace_struct
---
name: "[filepath]"
start_line: 1
end_line: 40
kind: unit
spaces:
  - name: lm
    start_line: 4
    end_line: 40
    kind: namespace
    spaces:
      - name: interpolate
        start_line: 5
        end_line: 39
        kind: namespace
        spaces:
          - name: "SplitWorker::SplitWorker"
            start_line: 7
            end_line: 12
            kind: function
            spaces: []
            metrics:
              nargs:
                total_functions: 3
                total_closures: 0
                average_functions: 3
                average_closures: 0
                total: 3
                average: 3
                functions_min: 3
                functions_max: 3
                closures_min: 0
                closures_max: 0
              nexits:
                sum: 0
                average: 0
                min: 0
                max: 0
              cognitive:
                sum: 0
                average: 0
                min: 0
                max: 0
              cyclomatic:
                sum: 1
                average: 1
                min: 1
                max: 1
              halstead:
                n1: 8
                N1: 18
                n2: 9
                N2: 13
                length: 31
                estimated_program_length: 52.529
                purity_ratio: 1.694
                vocabulary: 17
                volume: 126.711
                difficulty: 5.778
                level: 0.173
                effort: 732.11
                time: 40.673
                bugs: 0.027
              loc:
                sloc: 6
                ploc: 6
                lloc: 2
                cloc: 0
                blank: 0
                sloc_average: 6
                ploc_average: 6
                lloc_average: 2
                cloc_average: 0
                blank_average: 0
                sloc_min: 6
                sloc_max: 6
                cloc_min: 0
                cloc_max: 0
                ploc_min: 6
                ploc_max: 6
                lloc_min: 2
                lloc_max: 2
                blank_min: 0
                blank_max: 0
              nom:
                functions: 1
                closures: 0
                functions_average: 1
                closures_average: 0
                total: 1
                average: 1
                functions_min: 1
                functions_max: 1
                closures_min: 0
                closures_max: 0
              mi:
                mi_original: 116.566
                mi_sei: 92.57
                mi_visual_studio: 68.167
              abc:
                assignments: 0
                branches: 0
                conditions: 0
                magnitude: 0
                assignments_average: 0
                branches_average: 0
                conditions_average: 0
                assignments_min: 0
                assignments_max: 0
                branches_min: 0
                branches_max: 0
                conditions_min: 0
                conditions_max: 0
          - name: "SplitWorker::Run"
            start_line: 14
            end_line: 37
            kind: function
            spaces: []
            metrics:
              nargs:
                total_functions: 1
                total_closures: 0
                average_functions: 1
                average_closures: 0
                total: 1
                average: 1
                functions_min: 1
                functions_max: 1
                closures_min: 0
                closures_max: 0
              nexits:
                sum: 0
                average: 0
                min: 0
                max: 0
              cognitive:
                sum: 3
                average: 3
                min: 3
                max: 3
              cyclomatic:
                sum: 3
                average: 3
                min: 3
                max: 3
              halstead:
                n1: 15
                N1: 93
                n2: 23
                N2: 51
                length: 144
                estimated_program_length: 162.645
                purity_ratio: 1.129
                vocabulary: 38
                volume: 755.702
                difficulty: 16.63
                level: 0.06
                effort: 12567.646
                time: 698.203
                bugs: 0.18
              loc:
                sloc: 24
                ploc: 17
                lloc: 13
                cloc: 5
                blank: 2
                sloc_average: 24
                ploc_average: 17
                lloc_average: 13
                cloc_average: 5
                blank_average: 2
                sloc_min: 24
                sloc_max: 24
                cloc_min: 5
                cloc_max: 5
                ploc_min: 17
                ploc_max: 17
                lloc_min: 13
                lloc_max: 13
                blank_min: 2
                blank_max: 2
              nom:
                functions: 1
                closures: 0
                functions_average: 1
                closures_average: 0
                total: 1
                average: 1
                functions_min: 1
                functions_max: 1
                closures_min: 0
                closures_max: 0
              mi:
                mi_original: 84.362
                mi_sei: 78.795
                mi_visual_studio: 49.334
              abc:
                assignments: 0
                branches: 0
                conditions: 0
                magnitude: 0
                assignments_average: 0
                branches_average: 0
                conditions_average: 0
                assignments_min: 0
                assignments_max: 0
                branches_min: 0
                branches_max: 0
                conditions_min: 0
                conditions_max: 0
        metrics:
          nargs:
            total_functions: 4
            total_closures: 0
            average_functions: 2
            average_closures: 0
            total: 4
            average: 2
            functions_min: 0
            functions_max: 3
            closures_min: 0
            closures_max: 0
          nexits:
            sum: 0
            average: 0
            min: 0
            max: 0
          cognitive:
            sum: 3
            average: 1.5
            min: 0
            max: 3
          cyclomatic:
            sum: 5
            average: 1.667
            min: 1
            max: 3
          halstead:
            n1: 17
            N1: 112
            n2: 30
            N2: 65
            length: 177
            estimated_program_length: 216.694
            purity_ratio: 1.224
            vocabulary: 47
            volume: 983.162
            difficulty: 18.417
            level: 0.054
            effort: 18106.571
            time: 1005.921
            bugs: 0.23
          loc:
            sloc: 35
            ploc: 25
            lloc: 15
            cloc: 5
            blank: 5
            sloc_average: 11.667
            ploc_average: 8.333
            lloc_average: 5
            cloc_average: 1.667
            blank_average: 1.667
            sloc_min: 6
            sloc_max: 24
            cloc_min: 0
            cloc_max: 5
            ploc_min: 6
            ploc_max: 17
            lloc_min: 2
            lloc_max: 13
            blank_min: 0
            blank_max: 2
          nom:
            functions: 2
            closures: 0
            functions_average: 0.667
            closures_average: 0
            total: 2
            average: 0.667
            functions_min: 0
            functions_max: 1
            closures_min: 0
            closures_max: 0
          mi:
            mi_original: 76.421
            mi_sei: 62.693
            mi_visual_studio: 44.691
          abc:
            assignments: 0
            branches: 0
            conditions: 0
            magnitude: 0
            assignments_average: 0
            branches_average: 0
            conditions_average: 0
            assignments_min: 0
            assignments_max: 0
            branches_min: 0
            branches_max: 0
            conditions_min: 0
            conditions_max: 0
    metrics:
      nargs:
        total_functions: 4
        total_closures: 0
        average_functions: 2
        average_closures: 0
        total: 4
        average: 2
        functions_min: 0
        functions_max: 3
        closures_min: 0
        closures_max: 0
      nexits:
        sum: 0
        average: 0
        min: 0
        max: 0
      cognitive:
        sum: 3
        average: 1.5
        min: 0
        max: 3
      cyclomatic:
        sum: 6
        average: 1.5
        min: 1
        max: 3
      halstead:
        n1: 17
        N1: 113
        n2: 31
        N2: 66
        length: 179
        estimated_program_length: 223.067
        purity_ratio: 1.246
        vocabulary: 48
        volume: 999.708
        difficulty: 18.097
        level: 0.055
        effort: 18091.495
        time: 1005.083
        bugs: 0.23
      loc:
        sloc: 37
        ploc: 27
        lloc: 15
        cloc: 5
        blank: 5
        sloc_average: 9.25
        ploc_average: 6.75
        lloc_average: 3.75
        cloc_average: 1.25
        blank_average: 1.25
        sloc_min: 35
        sloc_max: 35
        cloc_min: 5
        cloc_max: 5
        ploc_min: 25
        ploc_max: 25
        lloc_min: 15
        lloc_max: 15
        blank_min: 5
        blank_max: 5
      nom:
        functions: 2
        closures: 0
        functions_average: 0.5
        closures_average: 0
        total: 2
        average: 0.5
        functions_min: 0
        functions_max: 1
        closures_min: 0
        closures_max: 0
      mi:
        mi_original: 75.204
        mi_sei: 60.367
        mi_visual_studio: 43.979
      abc:
        assignments: 0
        branches: 0
        conditions: 0
        magnitude: 0
        assignments_average: 0
        branches_average: 0
        conditions_average: 0
        assignments_min: 0
        assignments_max: 0
        branches_min: 0
        branches_max: 0
        conditions_min: 0
        conditions_max: 0
metrics:
  nargs:
    total_functions: 4
    total_closures: 0
    average_functions: 2
    average_closures: 0
    total: 4
    average: 2
    functions_min: 0
    functions_max: 3
    closures_min: 0
    closures_max: 0
  nexits:
    sum: 0
    average: 0
    min: 0
    max: 0
  cognitive:
    sum: 3
    average: 1.5
    min: 0
    max: 3
  cyclomatic:
    sum: 7
    average: 1.4
    min: 1
    max: 3
  halstead:
    n1: 17
    N1: 113
    n2: 33
    N2: 68
    length: 181
    estimated_program_length: 235.952
    purity_ratio: 1.304
    vocabulary: 50
    volume: 1021.538
    difficulty: 17.515
    level: 0.057
    effort: 17892.392
    time: 994.022
    bugs: 0.228
  loc:
    sloc: 40
    ploc: 29
    lloc: 15
    cloc: 5
    blank: 6
    sloc_average: 8
    ploc_average: 5.8
    lloc_average: 3
    cloc_average: 1
    blank_average: 1.2
    sloc_min: 37
    sloc_max: 37
    cloc_min: 5
    cloc_max: 5
    ploc_min: 27
    ploc_max: 27
    lloc_min: 15
    lloc_max: 15
    blank_min: 5
    blank_max: 5
  nom:
    functions: 2
    closures: 0
    functions_average: 0.4
    closures_average: 0
    total: 2
    average: 0.4
    functions_min: 0
    functions_max: 1
    closures_min: 0
    closures_max: 0
  mi:
    mi_original: 73.599
    mi_sei: 57.23
    mi_visual_studio: 43.04
  abc:
    assignments: 0
    branches: 0
    conditions: 0
    magnitude: 0
    assignments_average: 0
    branches_average: 0
    conditions_average: 0
    assignments_min: 0
    assignments_max: 0
    branches_min: 0
    branches_max: 0
    conditions_min: 0
    conditions_max: 0

