---
source: tests/common/mod.rs
expression: funcspace_struct
---
{
  "name": null,
  "start_line": 1,
  "end_line": 245,
  "kind": "unit",
  "spaces": [
    {
      "name": "OptionalContentGroup",
      "start_line": 21,
      "end_line": 45,
      "kind": "class",
      "spaces": [
        {
          "name": "constructor",
          "start_line": 24,
          "end_line": 27,
          "kind": "function",
          "spaces": [],
          "metrics": {
            "nargs": {
              "total_functions": 2.0,
              "total_closures": 0.0,
              "average_functions": 2.0,
              "average_closures": 0.0,
              "total": 2.0,
              "average": 2.0,
              "functions_min": 2.0,
              "functions_max": 2.0,
              "closures_min": 0.0,
              "closures_max": 0.0
            },
            "nexits": {
              "sum": 0.0,
              "average": 0.0,
              "min": 0.0,
              "max": 0.0
            },
            "cognitive": {
              "sum": 0.0,
              "average": 0.0,
              "min": 0.0,
              "max": 0.0
            },
            "cyclomatic": {
              "sum": 1.0,
              "average": 1.0,
              "min": 1.0,
              "max": 1.0
            },
            "halstead": {
              "n1": 6.0,
              "N1": 9.0,
              "n2": 6.0,
              "N2": 11.0,
              "length": 20.0,
              "estimated_program_length": 31.019550008653873,
              "purity_ratio": 1.5509775004326936,
              "vocabulary": 12.0,
              "volume": 71.69925001442311,
              "difficulty": 5.5,
              "level": 0.18181818181818182,
              "effort": 394.34587507932713,
              "time": 21.90810417107373,
              "bugs": 0.0179251836366948
            },
            "loc": {
              "sloc": 4.0,
              "ploc": 4.0,
              "lloc": 3.0,
              "cloc": 0.0,
              "blank": 0.0,
              "sloc_average": 4.0,
              "ploc_average": 4.0,
              "lloc_average": 3.0,
              "cloc_average": 0.0,
              "blank_average": 0.0,
              "sloc_min": 4.0,
              "sloc_max": 4.0,
              "cloc_min": 0.0,
              "cloc_max": 0.0,
              "ploc_min": 4.0,
              "ploc_max": 4.0,
              "lloc_min": 3.0,
              "lloc_max": 3.0,
              "blank_min": 0.0,
              "blank_max": 0.0
            },
            "nom": {
              "functions": 1.0,
              "closures": 0.0,
              "functions_average": 1.0,
              "closures_average": 0.0,
              "total": 1.0,
              "average": 1.0,
              "functions_min": 1.0,
              "functions_max": 1.0,
              "closures_min": 0.0,
              "closures_max": 0.0
            },
            "mi": {
              "mi_original": 126.09513385485269,
              "mi_sei": 106.31779216001772,
              "mi_visual_studio": 73.73984435956298
            },
            "abc": {
              "assignments": 0.0,
              "branches": 0.0,
              "conditions": 0.0,
              "magnitude": 0.0,
              "assignments_average": 0.0,
              "branches_average": 0.0,
              "conditions_average": 0.0,
              "assignments_min": 0.0,
              "assignments_max": 0.0,
              "branches_min": 0.0,
              "branches_max": 0.0,
              "conditions_min": 0.0,
              "conditions_max": 0.0
            }
          }
        },
        {
          "name": "visible",
          "start_line": 32,
          "end_line": 34,
          "kind": "function",
          "spaces": [],
          "metrics": {
            "nargs": {
              "total_functions": 0.0,
              "total_closures": 0.0,
              "average_functions": 0.0,
              "average_closures": 0.0,
              "total": 0.0,
              "average": 0.0,
              "functions_min": 0.0,
              "functions_max": 0.0,
              "closures_min": 0.0,
              "closures_max": 0.0
            },
            "nexits": {
              "sum": 1.0,
              "average": 1.0,
              "min": 1.0,
              "max": 1.0
            },
            "cognitive": {
              "sum": 0.0,
              "average": 0.0,
              "min": 0.0,
              "max": 0.0
            },
            "cyclomatic": {
              "sum": 1.0,
              "average": 1.0,
              "min": 1.0,
              "max": 1.0
            },
            "halstead": {
              "n1": 5.0,
              "N1": 5.0,
              "n2": 4.0,
              "N2": 4.0,
              "length": 9.0,
              "estimated_program_length": 19.60964047443681,
              "purity_ratio": 2.1788489416040897,
              "vocabulary": 9.0,
              "volume": 28.52932501298081,
              "difficulty": 2.5,
              "level": 0.4,
              "effort": 71.32331253245202,
              "time": 3.96240625180289,
              "bugs": 0.005732795045386515
            },
            "loc": {
              "sloc": 3.0,
              "ploc": 3.0,
              "lloc": 2.0,
              "cloc": 0.0,
              "blank": 0.0,
              "sloc_average": 3.0,
              "ploc_average": 3.0,
              "lloc_average": 2.0,
              "cloc_average": 0.0,
              "blank_average": 0.0,
              "sloc_min": 3.0,
              "sloc_max": 3.0,
              "cloc_min": 0.0,
              "cloc_max": 0.0,
              "ploc_min": 3.0,
              "ploc_max": 3.0,
              "lloc_min": 2.0,
              "lloc_max": 2.0,
              "blank_min": 0.0,
              "blank_max": 0.0
            },
            "nom": {
              "functions": 1.0,
              "closures": 0.0,
              "functions_average": 1.0,
              "closures_average": 0.0,
              "total": 1.0,
              "average": 1.0,
              "functions_min": 1.0,
              "functions_max": 1.0,
              "closures_min": 0.0,
              "closures_max": 0.0
            },
            "mi": {
              "mi_original": 135.5476318918851,
              "mi_sei": 119.95486420205702,
              "mi_visual_studio": 79.26762098940648
            },
            "abc": {
              "assignments": 0.0,
              "branches": 0.0,
              "conditions": 0.0,
              "magnitude": 0.0,
              "assignments_average": 0.0,
              "branches_average": 0.0,
              "conditions_average": 0.0,
              "assignments_min": 0.0,
              "assignments_max": 0.0,
              "branches_min": 0.0,
              "branches_max": 0.0,
              "conditions_min": 0.0,
              "conditions_max": 0.0
            }
          }
        },
        {
          "name": "_setVisible",
          "start_line": 39,
          "end_line": 44,
          "kind": "function",
          "spaces": [],
          "metrics": {
            "nargs": {
              "total_functions": 2.0,
              "total_closures": 0.0,
              "average_functions": 2.0,
              "average_closures": 0.0,
              "total": 2.0,
              "average": 2.0,
              "functions_min": 2.0,
              "functions_max": 2.0,
              "closures_min": 0.0,
              "closures_max": 0.0
            },
            "nexits": {
              "sum": 0.0,
              "average": 0.0,
              "min": 0.0,
              "max": 0.0
            },
            "cognitive": {
              "sum": 1.0,
              "average": 1.0,
              "min": 1.0,
              "max": 1.0
            },
            "cyclomatic": {
              "sum": 2.0,
              "average": 2.0,
              "min": 2.0,
              "max": 2.0
            },
            "halstead": {
              "n1": 8.0,
              "N1": 12.0,
              "n2": 8.0,
              "N2": 10.0,
              "length": 22.0,
              "estimated_program_length": 48.0,
              "purity_ratio": 2.1818181818181817,
              "vocabulary": 16.0,
              "volume": 88.0,
              "difficulty": 5.0,
              "level": 0.2,
              "effort": 440.0,
              "time": 24.444444444444443,
              "bugs": 0.019283263225081494
            },
            "loc": {
              "sloc": 6.0,
              "ploc": 6.0,
              "lloc": 5.0,
              "cloc": 0.0,
              "blank": 0.0,
              "sloc_average": 6.0,
              "ploc_average": 6.0,
              "lloc_average": 5.0,
              "cloc_average": 0.0,
              "blank_average": 0.0,
              "sloc_min": 6.0,
              "sloc_max": 6.0,
              "cloc_min": 0.0,
              "cloc_max": 0.0,
              "ploc_min": 6.0,
              "ploc_max": 6.0,
              "lloc_min": 5.0,
              "lloc_max": 5.0,
              "blank_min": 0.0,
              "blank_max": 0.0
            },
            "nom": {
              "functions": 1.0,
              "closures": 0.0,
              "functions_average": 1.0,
              "closures_average": 0.0,
              "total": 1.0,
              "average": 1.0,
              "functions_min": 1.0,
              "functions_max": 1.0,
              "closures_min": 0.0,
              "closures_max": 0.0
            },
            "mi": {
              "mi_original": 118.23134516321883,
              "mi_sei": 95.0745630714033,
              "mi_visual_studio": 69.14113752235019
            },
            "abc": {
              "assignments": 0.0,
              "branches": 0.0,
              "conditions": 0.0,
              "magnitude": 0.0,
              "assignments_average": 0.0,
              "branches_average": 0.0,
              "conditions_average": 0.0,
              "assignments_min": 0.0,
              "assignments_max": 0.0,
              "branches_min": 0.0,
              "branches_max": 0.0,
              "conditions_min": 0.0,
              "conditions_max": 0.0
            }
          }
        }
      ],
      "metrics": {
        "nargs": {
          "total_functions": 4.0,
          "total_closures": 0.0,
          "average_functions": 1.3333333333333333,
          "average_closures": 0.0,
          "total": 4.0,
          "average": 1.3333333333333333,
          "functions_min": 0.0,
          "functions_max": 2.0,
          "closures_min": 0.0,
          "closures_max": 0.0
        },
        "nexits": {
          "sum": 1.0,
          "average": 0.3333333333333333,
          "min": 0.0,
          "max": 1.0
        },
        "cognitive": {
          "sum": 1.0,
          "average": 0.3333333333333333,
          "min": 0.0,
          "max": 1.0
        },
        "cyclomatic": {
          "sum": 5.0,
          "average": 1.25,
          "min": 1.0,
          "max": 2.0
        },
        "halstead": {
          "n1": 9.0,
          "N1": 29.0,
          "n2": 16.0,
          "N2": 27.0,
          "length": 56.0,
          "estimated_program_length": 92.5293250129808,
          "purity_ratio": 1.6523093752318,
          "vocabulary": 25.0,
          "volume": 260.05594662738457,
          "difficulty": 7.59375,
          "level": 0.13168724279835392,
          "effort": 1974.7998447017017,
          "time": 109.71110248342787,
          "bugs": 0.05246795469611142
        },
        "loc": {
          "sloc": 25.0,
          "ploc": 16.0,
          "lloc": 10.0,
          "cloc": 6.0,
          "blank": 3.0,
          "sloc_average": 6.25,
          "ploc_average": 4.0,
          "lloc_average": 2.5,
          "cloc_average": 1.5,
          "blank_average": 0.75,
          "sloc_min": 3.0,
          "sloc_max": 6.0,
          "cloc_min": 0.0,
          "cloc_max": 0.0,
          "ploc_min": 3.0,
          "ploc_max": 6.0,
          "lloc_min": 2.0,
          "lloc_max": 5.0,
          "blank_min": 0.0,
          "blank_max": 0.0
        },
        "nom": {
          "functions": 3.0,
          "closures": 0.0,
          "functions_average": 0.75,
          "closures_average": 0.0,
          "total": 3.0,
          "average": 0.75,
          "functions_min": 0.0,
          "functions_max": 1.0,
          "closures_min": 0.0,
          "closures_max": 0.0
        },
        "mi": {
          "mi_original": 88.78754834367503,
          "mi_sei": 87.30948042599762,
          "mi_visual_studio": 51.92254289103803
        },
        "abc": {
          "assignments": 0.0,
          "branches": 0.0,
          "conditions": 0.0,
          "magnitude": 0.0,
          "assignments_average": 0.0,
          "branches_average": 0.0,
          "conditions_average": 0.0,
          "assignments_min": 0.0,
          "assignments_max": 0.0,
          "branches_min": 0.0,
          "branches_max": 0.0,
          "conditions_min": 0.0,
          "conditions_max": 0.0
        }
      }
    },
    {
      "name": "OptionalContentConfig",
      "start_line": 47,
      "end_line": 243,
      "kind": "class",
      "spaces": [
        {
          "name": "constructor",
          "start_line": 56,
          "end_line": 89,
          "kind": "function",
          "spaces": [],
          "metrics": {
            "nargs": {
              "total_functions": 1.0,
              "total_closures": 0.0,
              "average_functions": 1.0,
              "average_closures": 0.0,
              "total": 1.0,
              "average": 1.0,
              "functions_min": 1.0,
              "functions_max": 1.0,
              "closures_min": 0.0,
              "closures_max": 0.0
            },
            "nexits": {
              "sum": 1.0,
              "average": 1.0,
              "min": 1.0,
              "max": 1.0
            },
            "cognitive": {
              "sum": 7.0,
              "average": 7.0,
              "min": 7.0,
              "max": 7.0
            },
            "cyclomatic": {
              "sum": 7.0,
              "average": 7.0,
              "min": 7.0,
              "max": 7.0
            },
            "halstead": {
              "n1": 13.0,
              "N1": 91.0,
              "n2": 46.0,
              "N2": 92.0,
              "length": 183.0,
              "estimated_program_length": 302.1895663144568,
              "purity_ratio": 1.6513091055434796,
              "vocabulary": 59.0,
              "volume": 1076.523678033217,
              "difficulty": 13.0,
              "level": 0.07692307692307693,
              "effort": 13994.80781443182,
              "time": 777.48932302399,
              "bugs": 0.19357831467748562
            },
            "loc": {
              "sloc": 34.0,
              "ploc": 28.0,
              "lloc": 24.0,
              "cloc": 1.0,
              "blank": 5.0,
              "sloc_average": 34.0,
              "ploc_average": 28.0,
              "lloc_average": 24.0,
              "cloc_average": 1.0,
              "blank_average": 5.0,
              "sloc_min": 34.0,
              "sloc_max": 34.0,
              "cloc_min": 1.0,
              "cloc_max": 1.0,
              "ploc_min": 28.0,
              "ploc_max": 28.0,
              "lloc_min": 24.0,
              "lloc_max": 24.0,
              "blank_min": 5.0,
              "blank_max": 5.0
            },
            "nom": {
              "functions": 1.0,
              "closures": 0.0,
              "functions_average": 1.0,
              "closures_average": 0.0,
              "total": 1.0,
              "average": 1.0,
              "functions_min": 1.0,
              "functions_max": 1.0,
              "closures_min": 0.0,
              "closures_max": 0.0
            },
            "mi": {
              "mi_original": 75.95919947908496,
              "mi_sei": 47.72633639339597,
              "mi_visual_studio": 44.42058449069295
            },
            "abc": {
              "assignments": 0.0,
              "branches": 0.0,
              "conditions": 0.0,
              "magnitude": 0.0,
              "assignments_average": 0.0,
              "branches_average": 0.0,
              "conditions_average": 0.0,
              "assignments_min": 0.0,
              "assignments_max": 0.0,
              "branches_min": 0.0,
              "branches_max": 0.0,
              "conditions_min": 0.0,
              "conditions_max": 0.0
            }
          }
        },
        {
          "name": "#evaluateVisibilityExpression",
          "start_line": 91,
          "end_line": 126,
          "kind": "function",
          "spaces": [],
          "metrics": {
            "nargs": {
              "total_functions": 1.0,
              "total_closures": 0.0,
              "average_functions": 1.0,
              "average_closures": 0.0,
              "total": 1.0,
              "average": 1.0,
              "functions_min": 1.0,
              "functions_max": 1.0,
              "closures_min": 0.0,
              "closures_max": 0.0
            },
            "nexits": {
              "sum": 7.0,
              "average": 7.0,
              "min": 7.0,
              "max": 7.0
            },
            "cognitive": {
              "sum": 14.0,
              "average": 14.0,
              "min": 14.0,
              "max": 14.0
            },
            "cyclomatic": {
              "sum": 10.0,
              "average": 10.0,
              "min": 10.0,
              "max": 10.0
            },
            "halstead": {
              "n1": 21.0,
              "N1": 93.0,
              "n2": 28.0,
              "N2": 56.0,
              "length": 149.0,
              "estimated_program_length": 226.84460369596687,
              "purity_ratio": 1.5224470046709186,
              "vocabulary": 49.0,
              "volume": 836.591766773166,
              "difficulty": 21.0,
              "level": 0.047619047619047616,
              "effort": 17568.427102236485,
              "time": 976.023727902027,
              "bugs": 0.22526860306252283
            },
            "loc": {
              "sloc": 36.0,
              "ploc": 36.0,
              "lloc": 28.0,
              "cloc": 0.0,
              "blank": 0.0,
              "sloc_average": 36.0,
              "ploc_average": 36.0,
              "lloc_average": 28.0,
              "cloc_average": 0.0,
              "blank_average": 0.0,
              "sloc_min": 36.0,
              "sloc_max": 36.0,
              "cloc_min": 0.0,
              "cloc_max": 0.0,
              "ploc_min": 36.0,
              "ploc_max": 36.0,
              "lloc_min": 28.0,
              "lloc_max": 28.0,
              "blank_min": 0.0,
              "blank_max": 0.0
            },
            "nom": {
              "functions": 1.0,
              "closures": 0.0,
              "functions_average": 1.0,
              "closures_average": 0.0,
              "total": 1.0,
              "average": 1.0,
              "functions_min": 1.0,
              "functions_max": 1.0,
              "closures_min": 0.0,
              "closures_max": 0.0
            },
            "mi": {
              "mi_original": 75.65444486515123,
              "mi_sei": 34.463639030193065,
              "mi_visual_studio": 44.2423654182171
            },
            "abc": {
              "assignments": 0.0,
              "branches": 0.0,
              "conditions": 0.0,
              "magnitude": 0.0,
              "assignments_average": 0.0,
              "branches_average": 0.0,
              "conditions_average": 0.0,
              "assignments_min": 0.0,
              "assignments_max": 0.0,
              "branches_min": 0.0,
              "branches_max": 0.0,
              "conditions_min": 0.0,
              "conditions_max": 0.0
            }
          }
        },
        {
          "name": "isVisible",
          "start_line": 128,
          "end_line": 198,
          "kind": "function",
          "spaces": [],
          "metrics": {
            "nargs": {
              "total_functions": 1.0,
              "total_closures": 0.0,
              "average_functions": 1.0,
              "average_closures": 0.0,
              "total": 1.0,
              "average": 1.0,
              "functions_min": 1.0,
              "functions_max": 1.0,
              "closures_min": 0.0,
              "closures_max": 0.0
            },
            "nexits": {
              "sum": 19.0,
              "average": 19.0,
              "min": 19.0,
              "max": 19.0
            },
            "cognitive": {
              "sum": 58.0,
              "average": 58.0,
              "min": 58.0,
              "max": 58.0
            },
            "cyclomatic": {
              "sum": 24.0,
              "average": 24.0,
              "min": 24.0,
              "max": 24.0
            },
            "halstead": {
              "n1": 13.0,
              "N1": 208.0,
              "n2": 35.0,
              "N2": 162.0,
              "length": 370.0,
              "estimated_program_length": 227.630621928908,
              "purity_ratio": 0.6152178971051567,
              "vocabulary": 48.0,
              "volume": 2066.4361252668277,
              "difficulty": 30.085714285714285,
              "level": 0.03323836657169991,
              "effort": 62170.20685445627,
              "time": 3453.900380803126,
              "bugs": 0.5231187503080145
            },
            "loc": {
              "sloc": 71.0,
              "ploc": 69.0,
              "lloc": 72.0,
              "cloc": 2.0,
              "blank": 0.0,
              "sloc_average": 71.0,
              "ploc_average": 69.0,
              "lloc_average": 72.0,
              "cloc_average": 2.0,
              "blank_average": 0.0,
              "sloc_min": 71.0,
              "sloc_max": 71.0,
              "cloc_min": 2.0,
              "cloc_max": 2.0,
              "ploc_min": 69.0,
              "ploc_max": 69.0,
              "lloc_min": 72.0,
              "lloc_max": 72.0,
              "blank_min": 0.0,
              "blank_max": 0.0
            },
            "nom": {
              "functions": 1.0,
              "closures": 0.0,
              "functions_average": 1.0,
              "closures_average": 0.0,
              "total": 1.0,
              "average": 1.0,
              "functions_min": 1.0,
              "functions_max": 1.0,
              "closures_min": 0.0,
              "closures_max": 0.0
            },
            "mi": {
              "mi_original": 56.729966227898174,
              "mi_sei": 21.441416668291524,
              "mi_visual_studio": 33.17541884672408
            },
            "abc": {
              "assignments": 0.0,
              "branches": 0.0,
              "conditions": 0.0,
              "magnitude": 0.0,
              "assignments_average": 0.0,
              "branches_average": 0.0,
              "conditions_average": 0.0,
              "assignments_min": 0.0,
              "assignments_max": 0.0,
              "branches_min": 0.0,
              "branches_max": 0.0,
              "conditions_min": 0.0,
              "conditions_max": 0.0
            }
          }
        },
        {
          "name": "setVisibility",
          "start_line": 200,
          "end_line": 208,
          "kind": "function",
          "spaces": [],
          "metrics": {
            "nargs": {
              "total_functions": 2.0,
              "total_closures": 0.0,
              "average_functions": 2.0,
              "average_closures": 0.0,
              "total": 2.0,
              "average": 2.0,
              "functions_min": 2.0,
              "functions_max": 2.0,
              "closures_min": 0.0,
              "closures_max": 0.0
            },
            "nexits": {
              "sum": 1.0,
              "average": 1.0,
              "min": 1.0,
              "max": 1.0
            },
            "cognitive": {
              "sum": 1.0,
              "average": 1.0,
              "min": 1.0,
              "max": 1.0
            },
            "cyclomatic": {
              "sum": 2.0,
              "average": 2.0,
              "min": 2.0,
              "max": 2.0
            },
            "halstead": {
              "n1": 9.0,
              "N1": 27.0,
              "n2": 16.0,
              "N2": 23.0,
              "length": 50.0,
              "estimated_program_length": 92.5293250129808,
              "purity_ratio": 1.850586500259616,
              "vocabulary": 25.0,
              "volume": 232.19280948873623,
              "difficulty": 6.46875,
              "level": 0.15458937198067632,
              "effort": 1501.9972363802624,
              "time": 83.44429091001457,
              "bugs": 0.04371778678633667
            },
            "loc": {
              "sloc": 9.0,
              "ploc": 8.0,
              "lloc": 7.0,
              "cloc": 0.0,
              "blank": 1.0,
              "sloc_average": 9.0,
              "ploc_average": 8.0,
              "lloc_average": 7.0,
              "cloc_average": 0.0,
              "blank_average": 1.0,
              "sloc_min": 9.0,
              "sloc_max": 9.0,
              "cloc_min": 0.0,
              "cloc_max": 0.0,
              "ploc_min": 8.0,
              "ploc_max": 8.0,
              "lloc_min": 7.0,
              "lloc_max": 7.0,
              "blank_min": 1.0,
              "blank_max": 1.0
            },
            "nom": {
              "functions": 1.0,
              "closures": 0.0,
              "functions_average": 1.0,
              "closures_average": 0.0,
              "total": 1.0,
              "average": 1.0,
              "functions_min": 1.0,
              "functions_max": 1.0,
              "closures_min": 0.0,
              "closures_max": 0.0
            },
            "mi": {
              "mi_original": 106.61760771728954,
              "mi_sei": 78.31948165197467,
              "mi_visual_studio": 62.34947819724535
            },
            "abc": {
              "assignments": 0.0,
              "branches": 0.0,
              "conditions": 0.0,
              "magnitude": 0.0,
              "assignments_average": 0.0,
              "branches_average": 0.0,
              "conditions_average": 0.0,
              "assignments_min": 0.0,
              "assignments_max": 0.0,
              "branches_min": 0.0,
              "branches_max": 0.0,
              "conditions_min": 0.0,
              "conditions_max": 0.0
            }
          }
        },
        {
          "name": "hasInitialVisibility",
          "start_line": 210,
          "end_line": 212,
          "kind": "function",
          "spaces": [],
          "metrics": {
            "nargs": {
              "total_functions": 0.0,
              "total_closures": 0.0,
              "average_functions": 0.0,
              "average_closures": 0.0,
              "total": 0.0,
              "average": 0.0,
              "functions_min": 0.0,
              "functions_max": 0.0,
              "closures_min": 0.0,
              "closures_max": 0.0
            },
            "nexits": {
              "sum": 1.0,
              "average": 1.0,
              "min": 1.0,
              "max": 1.0
            },
            "cognitive": {
              "sum": 0.0,
              "average": 0.0,
              "min": 0.0,
              "max": 0.0
            },
            "cyclomatic": {
              "sum": 1.0,
              "average": 1.0,
              "min": 1.0,
              "max": 1.0
            },
            "halstead": {
              "n1": 6.0,
              "N1": 8.0,
              "n2": 6.0,
              "N2": 7.0,
              "length": 15.0,
              "estimated_program_length": 31.019550008653873,
              "purity_ratio": 2.067970000576925,
              "vocabulary": 12.0,
              "volume": 53.77443751081734,
              "difficulty": 3.5,
              "level": 0.2857142857142857,
              "effort": 188.2105312878607,
              "time": 10.456140627103373,
              "bugs": 0.010947325359591293
            },
            "loc": {
              "sloc": 3.0,
              "ploc": 3.0,
              "lloc": 2.0,
              "cloc": 0.0,
              "blank": 0.0,
              "sloc_average": 3.0,
              "ploc_average": 3.0,
              "lloc_average": 2.0,
              "cloc_average": 0.0,
              "blank_average": 0.0,
              "sloc_min": 3.0,
              "sloc_max": 3.0,
              "cloc_min": 0.0,
              "cloc_max": 0.0,
              "ploc_min": 3.0,
              "ploc_max": 3.0,
              "lloc_min": 2.0,
              "lloc_max": 2.0,
              "blank_min": 0.0,
              "blank_max": 0.0
            },
            "nom": {
              "functions": 1.0,
              "closures": 0.0,
              "functions_average": 1.0,
              "closures_average": 0.0,
              "total": 1.0,
              "average": 1.0,
              "functions_min": 1.0,
              "functions_max": 1.0,
              "closures_min": 0.0,
              "closures_max": 0.0
            },
            "mi": {
              "mi_original": 132.2515302053208,
              "mi_sei": 115.19959464458498,
              "mi_visual_studio": 77.34007614346245
            },
            "abc": {
              "assignments": 0.0,
              "branches": 0.0,
              "conditions": 0.0,
              "magnitude": 0.0,
              "assignments_average": 0.0,
              "branches_average": 0.0,
              "conditions_average": 0.0,
              "assignments_min": 0.0,
              "assignments_max": 0.0,
              "branches_min": 0.0,
              "branches_max": 0.0,
              "conditions_min": 0.0,
              "conditions_max": 0.0
            }
          }
        },
        {
          "name": "getOrder",
          "start_line": 214,
          "end_line": 222,
          "kind": "function",
          "spaces": [],
          "metrics": {
            "nargs": {
              "total_functions": 0.0,
              "total_closures": 0.0,
              "average_functions": 0.0,
              "average_closures": 0.0,
              "total": 0.0,
              "average": 0.0,
              "functions_min": 0.0,
              "functions_max": 0.0,
              "closures_min": 0.0,
              "closures_max": 0.0
            },
            "nexits": {
              "sum": 3.0,
              "average": 3.0,
              "min": 3.0,
              "max": 3.0
            },
            "cognitive": {
              "sum": 2.0,
              "average": 2.0,
              "min": 2.0,
              "max": 2.0
            },
            "cyclomatic": {
              "sum": 3.0,
              "average": 3.0,
              "min": 3.0,
              "max": 3.0
            },
            "halstead": {
              "n1": 8.0,
              "N1": 25.0,
              "n2": 11.0,
              "N2": 16.0,
              "length": 41.0,
              "estimated_program_length": 62.05374780501027,
              "purity_ratio": 1.5135060440246406,
              "vocabulary": 19.0,
              "volume": 174.165028051187,
              "difficulty": 5.818181818181818,
              "level": 0.171875,
              "effort": 1013.3237995705425,
              "time": 56.29576664280792,
              "bugs": 0.033628764136775485
            },
            "loc": {
              "sloc": 9.0,
              "ploc": 9.0,
              "lloc": 8.0,
              "cloc": 0.0,
              "blank": 0.0,
              "sloc_average": 9.0,
              "ploc_average": 9.0,
              "lloc_average": 8.0,
              "cloc_average": 0.0,
              "blank_average": 0.0,
              "sloc_min": 9.0,
              "sloc_max": 9.0,
              "cloc_min": 0.0,
              "cloc_max": 0.0,
              "ploc_min": 9.0,
              "ploc_max": 9.0,
              "lloc_min": 8.0,
              "lloc_max": 8.0,
              "blank_min": 0.0,
              "blank_max": 0.0
            },
            "nom": {
              "functions": 1.0,
              "closures": 0.0,
              "functions_average": 1.0,
              "closures_average": 0.0,
              "total": 1.0,
              "average": 1.0,
              "functions_min": 1.0,
              "functions_max": 1.0,
              "closures_min": 0.0,
              "closures_max": 0.0
            },
            "mi": {
              "mi_original": 107.88294475575135,
              "mi_sei": 80.24679698182113,
              "mi_visual_studio": 63.089441377632376
            },
            "abc": {
              "assignments": 0.0,
              "branches": 0.0,
              "conditions": 0.0,
              "magnitude": 0.0,
              "assignments_average": 0.0,
              "branches_average": 0.0,
              "conditions_average": 0.0,
              "assignments_min": 0.0,
              "assignments_max": 0.0,
              "branches_min": 0.0,
              "branches_max": 0.0,
              "conditions_min": 0.0,
              "conditions_max": 0.0
            }
          }
        },
        {
          "name": "getGroups",
          "start_line": 224,
          "end_line": 226,
          "kind": "function",
          "spaces": [],
          "metrics": {
            "nargs": {
              "total_functions": 0.0,
              "total_closures": 0.0,
              "average_functions": 0.0,
              "average_closures": 0.0,
              "total": 0.0,
              "average": 0.0,
              "functions_min": 0.0,
              "functions_max": 0.0,
              "closures_min": 0.0,
              "closures_max": 0.0
            },
            "nexits": {
              "sum": 1.0,
              "average": 1.0,
              "min": 1.0,
              "max": 1.0
            },
            "cognitive": {
              "sum": 1.0,
              "average": 1.0,
              "min": 1.0,
              "max": 1.0
            },
            "cyclomatic": {
              "sum": 2.0,
              "average": 2.0,
              "min": 2.0,
              "max": 2.0
            },
            "halstead": {
              "n1": 8.0,
              "N1": 11.0,
              "n2": 8.0,
              "N2": 10.0,
              "length": 21.0,
              "estimated_program_length": 48.0,
              "purity_ratio": 2.2857142857142856,
              "vocabulary": 16.0,
              "volume": 84.0,
              "difficulty": 5.0,
              "level": 0.2,
              "effort": 420.0,
              "time": 23.333333333333332,
              "bugs": 0.01869440321068127
            },
            "loc": {
              "sloc": 3.0,
              "ploc": 3.0,
              "lloc": 2.0,
              "cloc": 0.0,
              "blank": 0.0,
              "sloc_average": 3.0,
              "ploc_average": 3.0,
              "lloc_average": 2.0,
              "cloc_average": 0.0,
              "blank_average": 0.0,
              "sloc_min": 3.0,
              "sloc_max": 3.0,
              "cloc_min": 0.0,
              "cloc_max": 0.0,
              "ploc_min": 3.0,
              "ploc_max": 3.0,
              "lloc_min": 2.0,
              "lloc_max": 2.0,
              "blank_min": 0.0,
              "blank_max": 0.0
            },
            "nom": {
              "functions": 1.0,
              "closures": 0.0,
              "functions_average": 1.0,
              "closures_average": 0.0,
              "total": 1.0,
              "average": 1.0,
              "functions_min": 1.0,
              "functions_max": 1.0,
              "closures_min": 0.0,
              "closures_max": 0.0
            },
            "mi": {
              "mi_original": 129.70223356959139,
              "mi_sei": 111.6235568898677,
              "mi_visual_studio": 75.84925939742186
            },
            "abc": {
              "assignments": 0.0,
              "branches": 0.0,
              "conditions": 0.0,
              "magnitude": 0.0,
              "assignments_average": 0.0,
              "branches_average": 0.0,
              "conditions_average": 0.0,
              "assignments_min": 0.0,
              "assignments_max": 0.0,
              "branches_min": 0.0,
              "branches_max": 0.0,
              "conditions_min": 0.0,
              "conditions_max": 0.0
            }
          }
        },
        {
          "name": "getGroup",
          "start_line": 228,
          "end_line": 230,
          "kind": "function",
          "spaces": [],
          "metrics": {
            "nargs": {
              "total_functions": 1.0,
              "total_closures": 0.0,
              "average_functions": 1.0,
              "average_closures": 0.0,
              "total": 1.0,
              "average": 1.0,
              "functions_min": 1.0,
              "functions_max": 1.0,
              "closures_min": 0.0,
              "closures_max": 0.0
            },
            "nexits": {
              "sum": 1.0,
              "average": 1.0,
              "min": 1.0,
              "max": 1.0
            },
            "cognitive": {
              "sum": 1.0,
              "average": 1.0,
              "min": 1.0,
              "max": 1.0
            },
            "cyclomatic": {
              "sum": 2.0,
              "average": 2.0,
              "min": 2.0,
              "max": 2.0
            },
            "halstead": {
              "n1": 6.0,
              "N1": 8.0,
              "n2": 7.0,
              "N2": 8.0,
              "length": 16.0,
              "estimated_program_length": 35.161259458730164,
              "purity_ratio": 2.1975787161706353,
              "vocabulary": 13.0,
              "volume": 59.207035490257475,
              "difficulty": 3.4285714285714284,
              "level": 0.2916666666666667,
              "effort": 202.99555025231132,
              "time": 11.277530569572852,
              "bugs": 0.01151338667691309
            },
            "loc": {
              "sloc": 3.0,
              "ploc": 3.0,
              "lloc": 2.0,
              "cloc": 0.0,
              "blank": 0.0,
              "sloc_average": 3.0,
              "ploc_average": 3.0,
              "lloc_average": 2.0,
              "cloc_average": 0.0,
              "blank_average": 0.0,
              "sloc_min": 3.0,
              "sloc_max": 3.0,
              "cloc_min": 0.0,
              "cloc_max": 0.0,
              "ploc_min": 3.0,
              "ploc_max": 3.0,
              "lloc_min": 2.0,
              "lloc_max": 2.0,
              "blank_min": 0.0,
              "blank_max": 0.0
            },
            "nom": {
              "functions": 1.0,
              "closures": 0.0,
              "functions_average": 1.0,
              "closures_average": 0.0,
              "total": 1.0,
              "average": 1.0,
              "functions_min": 1.0,
              "functions_max": 1.0,
              "closures_min": 0.0,
              "closures_max": 0.0
            },
            "mi": {
              "mi_original": 131.5210709602149,
              "mi_sei": 114.2475845735037,
              "mi_visual_studio": 76.91290699427772
            },
            "abc": {
              "assignments": 0.0,
              "branches": 0.0,
              "conditions": 0.0,
              "magnitude": 0.0,
              "assignments_average": 0.0,
              "branches_average": 0.0,
              "conditions_average": 0.0,
              "assignments_min": 0.0,
              "assignments_max": 0.0,
              "branches_min": 0.0,
              "branches_max": 0.0,
              "conditions_min": 0.0,
              "conditions_max": 0.0
            }
          }
        },
        {
          "name": "getHash",
          "start_line": 232,
          "end_line": 242,
          "kind": "function",
          "spaces": [],
          "metrics": {
            "nargs": {
              "total_functions": 0.0,
              "total_closures": 0.0,
              "average_functions": 0.0,
              "average_closures": 0.0,
              "total": 0.0,
              "average": 0.0,
              "functions_min": 0.0,
              "functions_max": 0.0,
              "closures_min": 0.0,
              "closures_max": 0.0
            },
            "nexits": {
              "sum": 2.0,
              "average": 2.0,
              "min": 2.0,
              "max": 2.0
            },
            "cognitive": {
              "sum": 2.0,
              "average": 2.0,
              "min": 2.0,
              "max": 2.0
            },
            "cyclomatic": {
              "sum": 3.0,
              "average": 3.0,
              "min": 3.0,
              "max": 3.0
            },
            "halstead": {
              "n1": 14.0,
              "N1": 34.0,
              "n2": 15.0,
              "N2": 24.0,
              "length": 58.0,
              "estimated_program_length": 111.90632784293425,
              "purity_ratio": 1.9294194455678317,
              "vocabulary": 29.0,
              "volume": 281.76289771739914,
              "difficulty": 11.2,
              "level": 0.08928571428571429,
              "effort": 3155.74445443487,
              "time": 175.31913635749277,
              "bugs": 0.07171554399480354
            },
            "loc": {
              "sloc": 11.0,
              "ploc": 10.0,
              "lloc": 8.0,
              "cloc": 0.0,
              "blank": 1.0,
              "sloc_average": 11.0,
              "ploc_average": 10.0,
              "lloc_average": 8.0,
              "cloc_average": 0.0,
              "blank_average": 1.0,
              "sloc_min": 11.0,
              "sloc_max": 11.0,
              "cloc_min": 0.0,
              "cloc_max": 0.0,
              "ploc_min": 10.0,
              "ploc_max": 10.0,
              "lloc_min": 8.0,
              "lloc_max": 8.0,
              "blank_min": 1.0,
              "blank_max": 1.0
            },
            "nom": {
              "functions": 1.0,
              "closures": 0.0,
              "functions_average": 1.0,
              "closures_average": 0.0,
              "total": 1.0,
              "average": 1.0,
              "functions_min": 1.0,
              "functions_max": 1.0,
              "closures_min": 0.0,
              "closures_max": 0.0
            },
            "mi": {
              "mi_original": 102.13055374965182,
              "mi_sei": 71.94785100406706,
              "mi_visual_studio": 59.72547002903615
            },
            "abc": {
              "assignments": 0.0,
              "branches": 0.0,
              "conditions": 0.0,
              "magnitude": 0.0,
              "assignments_average": 0.0,
              "branches_average": 0.0,
              "conditions_average": 0.0,
              "assignments_min": 0.0,
              "assignments_max": 0.0,
              "branches_min": 0.0,
              "branches_max": 0.0,
              "conditions_min": 0.0,
              "conditions_max": 0.0
            }
          }
        }
      ],
      "metrics": {
        "nargs": {
          "total_functions": 6.0,
          "total_closures": 0.0,
          "average_functions": 0.6666666666666666,
          "average_closures": 0.0,
          "total": 6.0,
          "average": 0.6666666666666666,
          "functions_min": 0.0,
          "functions_max": 2.0,
          "closures_min": 0.0,
          "closures_max": 0.0
        },
        "nexits": {
          "sum": 36.0,
          "average": 4.0,
          "min": 0.0,
          "max": 19.0
        },
        "cognitive": {
          "sum": 86.0,
          "average": 9.555555555555555,
          "min": 0.0,
          "max": 58.0
        },
        "cyclomatic": {
          "sum": 55.0,
          "average": 5.5,
          "min": 1.0,
          "max": 24.0
        },
        "halstead": {
          "n1": 28.0,
          "N1": 516.0,
          "n2": 109.0,
          "N2": 403.0,
          "length": 919.0,
          "estimated_program_length": 872.3380292182978,
          "purity_ratio": 0.9492252766249161,
          "vocabulary": 137.0,
          "volume": 6523.091484240724,
          "difficulty": 51.76146788990825,
          "level": 0.019319390287132223,
          "effort": 337644.7904044602,
          "time": 18758.043911358902,
          "bugs": 1.6162881199981967
        },
        "loc": {
          "sloc": 197.0,
          "ploc": 175.0,
          "lloc": 153.0,
          "cloc": 3.0,
          "blank": 19.0,
          "sloc_average": 19.7,
          "ploc_average": 17.5,
          "lloc_average": 15.3,
          "cloc_average": 0.3,
          "blank_average": 1.9,
          "sloc_min": 3.0,
          "sloc_max": 71.0,
          "cloc_min": 0.0,
          "cloc_max": 2.0,
          "ploc_min": 3.0,
          "ploc_max": 69.0,
          "lloc_min": 2.0,
          "lloc_max": 72.0,
          "blank_min": 0.0,
          "blank_max": 5.0
        },
        "nom": {
          "functions": 9.0,
          "closures": 0.0,
          "functions_average": 0.9,
          "closures_average": 0.0,
          "total": 9.0,
          "average": 0.9,
          "functions_min": 0.0,
          "functions_max": 1.0,
          "closures_min": 0.0,
          "closures_max": 0.0
        },
        "mi": {
          "mi_original": 27.089960372281354,
          "mi_sei": -21.517533270377015,
          "mi_visual_studio": 15.842082089053422
        },
        "abc": {
          "assignments": 0.0,
          "branches": 0.0,
          "conditions": 0.0,
          "magnitude": 0.0,
          "assignments_average": 0.0,
          "branches_average": 0.0,
          "conditions_average": 0.0,
          "assignments_min": 0.0,
          "assignments_max": 0.0,
          "branches_min": 0.0,
          "branches_max": 0.0,
          "conditions_min": 0.0,
          "conditions_max": 0.0
        }
      }
    }
  ],
  "metrics": {
    "nargs": {
      "total_functions": 10.0,
      "total_closures": 0.0,
      "average_functions": 0.8333333333333334,
      "average_closures": 0.0,
      "total": 10.0,
      "average": 0.8333333333333334,
      "functions_min": 0.0,
      "functions_max": 2.0,
      "closures_min": 0.0,
      "closures_max": 0.0
    },
    "nexits": {
      "sum": 37.0,
      "average": 3.0833333333333335,
      "min": 0.0,
      "max": 19.0
    },
    "cognitive": {
      "sum": 87.0,
      "average": 7.25,
      "min": 0.0,
      "max": 58.0
    },
    "cyclomatic": {
      "sum": 61.0,
      "average": 4.066666666666666,
      "min": 1.0,
      "max": 24.0
    },
    "halstead": {
      "n1": 31.0,
      "N1": 562.0,
      "n2": 118.0,
      "N2": 440.0,
      "length": 1002.0,
      "estimated_program_length": 965.7319654466904,
      "purity_ratio": 0.963804356733224,
      "vocabulary": 149.0,
      "volume": 7233.606857503086,
      "difficulty": 57.79661016949152,
      "level": 0.017302052785923755,
      "effort": 418077.95566246647,
      "time": 23226.55309235925,
      "bugs": 1.8637325538882923
    },
    "loc": {
      "sloc": 245.0,
      "ploc": 195.0,
      "lloc": 166.0,
      "cloc": 23.0,
      "blank": 27.0,
      "sloc_average": 16.333333333333332,
      "ploc_average": 13.0,
      "lloc_average": 11.066666666666666,
      "cloc_average": 1.5333333333333334,
      "blank_average": 1.8,
      "sloc_min": 25.0,
      "sloc_max": 197.0,
      "cloc_min": 3.0,
      "cloc_max": 6.0,
      "ploc_min": 16.0,
      "ploc_max": 175.0,
      "lloc_min": 10.0,
      "lloc_max": 153.0,
      "blank_min": 3.0,
      "blank_max": 19.0
    },
    "nom": {
      "functions": 12.0,
      "closures": 0.0,
      "functions_average": 0.8,
      "closures_average": 0.0,
      "total": 12.0,
      "average": 0.8,
      "functions_min": 0.0,
      "functions_max": 1.0,
      "closures_min": 0.0,
      "closures_max": 0.0
    },
    "mi": {
      "mi_original": 21.639853053531837,
      "mi_sei": -15.418141114993169,
      "mi_visual_studio": 12.654884826626805
    },
    "abc": {
      "assignments": 0.0,
      "branches": 0.0,
      "conditions": 0.0,
      "magnitude": 0.0,
      "assignments_average": 0.0,
      "branches_average": 0.0,
      "conditions_average": 0.0,
      "assignments_min": 0.0,
      "assignments_max": 0.0,
      "branches_min": 0.0,
      "branches_max": 0.0,
      "conditions_min": 0.0,
      "conditions_max": 0.0
    }
  }
}
