---
source: tests/common/mod.rs
expression: funcspace_struct
---
{
  "name": null,
  "start_line": 1,
  "end_line": 96,
  "kind": "unit",
  "spaces": [
    {
      "name": "<anonymous>",
      "start_line": 73,
      "end_line": 81,
      "kind": "function",
      "spaces": [],
      "metrics": {
        "nargs": {
          "total_functions": 0.0,
          "total_closures": 0.0,
          "average_functions": 0.0,
          "average_closures": 0.0,
          "total": 0.0,
          "average": 0.0,
          "functions_min": 0.0,
          "functions_max": 0.0,
          "closures_min": 0.0,
          "closures_max": 0.0
        },
        "nexits": {
          "sum": 0.0,
          "average": 0.0,
          "min": 0.0,
          "max": 0.0
        },
        "cognitive": {
          "sum": 1.0,
          "average": 1.0,
          "min": 1.0,
          "max": 1.0
        },
        "cyclomatic": {
          "sum": 2.0,
          "average": 2.0,
          "min": 2.0,
          "max": 2.0
        },
        "halstead": {
          "n1": 10.0,
          "N1": 18.0,
          "n2": 12.0,
          "N2": 13.0,
          "length": 31.0,
          "estimated_program_length": 76.2388309575275,
          "purity_ratio": 2.4593171276621772,
          "vocabulary": 22.0,
          "volume": 138.24238017775622,
          "difficulty": 5.416666666666667,
          "level": 0.1846153846153846,
          "effort": 748.8128926295129,
          "time": 41.60071625719516,
          "bugs": 0.027487017615333245
        },
        "loc": {
          "sloc": 9.0,
          "ploc": 6.0,
          "lloc": 5.0,
          "cloc": 2.0,
          "blank": 1.0,
          "sloc_average": 9.0,
          "ploc_average": 6.0,
          "lloc_average": 5.0,
          "cloc_average": 2.0,
          "blank_average": 1.0,
          "sloc_min": 9.0,
          "sloc_max": 9.0,
          "cloc_min": 2.0,
          "cloc_max": 2.0,
          "ploc_min": 6.0,
          "ploc_max": 6.0,
          "lloc_min": 5.0,
          "lloc_max": 5.0,
          "blank_min": 1.0,
          "blank_max": 1.0
        },
        "nom": {
          "functions": 0.0,
          "closures": 1.0,
          "functions_average": 0.0,
          "closures_average": 1.0,
          "total": 1.0,
          "average": 1.0,
          "functions_min": 0.0,
          "functions_max": 0.0,
          "closures_min": 1.0,
          "closures_max": 1.0
        },
        "mi": {
          "mi_original": 109.31411752948473,
          "mi_sei": 115.56425954476273,
          "mi_visual_studio": 63.926384520166515
        },
        "abc": {
          "assignments": 0.0,
          "branches": 0.0,
          "conditions": 0.0,
          "magnitude": 0.0,
          "assignments_average": 0.0,
          "branches_average": 0.0,
          "conditions_average": 0.0,
          "assignments_min": 0.0,
          "assignments_max": 0.0,
          "branches_min": 0.0,
          "branches_max": 0.0,
          "conditions_min": 0.0,
          "conditions_max": 0.0
        }
      }
    },
    {
      "name": "<anonymous>",
      "start_line": 90,
      "end_line": 96,
      "kind": "function",
      "spaces": [],
      "metrics": {
        "nargs": {
          "total_functions": 0.0,
          "total_closures": 1.0,
          "average_functions": 0.0,
          "average_closures": 1.0,
          "total": 1.0,
          "average": 1.0,
          "functions_min": 0.0,
          "functions_max": 0.0,
          "closures_min": 1.0,
          "closures_max": 1.0
        },
        "nexits": {
          "sum": 0.0,
          "average": 0.0,
          "min": 0.0,
          "max": 0.0
        },
        "cognitive": {
          "sum": 0.0,
          "average": 0.0,
          "min": 0.0,
          "max": 0.0
        },
        "cyclomatic": {
          "sum": 1.0,
          "average": 1.0,
          "min": 1.0,
          "max": 1.0
        },
        "halstead": {
          "n1": 7.0,
          "N1": 11.0,
          "n2": 7.0,
          "N2": 10.0,
          "length": 21.0,
          "estimated_program_length": 39.302968908806456,
          "purity_ratio": 1.8715699480384027,
          "vocabulary": 14.0,
          "volume": 79.9544533632097,
          "difficulty": 5.0,
          "level": 0.2,
          "effort": 399.7722668160485,
          "time": 22.209570378669362,
          "bugs": 0.01808924831465485
        },
        "loc": {
          "sloc": 7.0,
          "ploc": 4.0,
          "lloc": 3.0,
          "cloc": 2.0,
          "blank": 1.0,
          "sloc_average": 7.0,
          "ploc_average": 4.0,
          "lloc_average": 3.0,
          "cloc_average": 2.0,
          "blank_average": 1.0,
          "sloc_min": 7.0,
          "sloc_max": 7.0,
          "cloc_min": 2.0,
          "cloc_max": 2.0,
          "ploc_min": 4.0,
          "ploc_max": 4.0,
          "lloc_min": 3.0,
          "lloc_max": 3.0,
          "blank_min": 1.0,
          "blank_max": 1.0
        },
        "nom": {
          "functions": 0.0,
          "closures": 1.0,
          "functions_average": 0.0,
          "closures_average": 1.0,
          "total": 1.0,
          "average": 1.0,
          "functions_min": 0.0,
          "functions_max": 0.0,
          "closures_min": 1.0,
          "closures_max": 1.0
        },
        "mi": {
          "mi_original": 116.4626784594752,
          "mi_sei": 129.25276411166192,
          "mi_visual_studio": 68.10682950846503
        },
        "abc": {
          "assignments": 0.0,
          "branches": 0.0,
          "conditions": 0.0,
          "magnitude": 0.0,
          "assignments_average": 0.0,
          "branches_average": 0.0,
          "conditions_average": 0.0,
          "assignments_min": 0.0,
          "assignments_max": 0.0,
          "branches_min": 0.0,
          "branches_max": 0.0,
          "conditions_min": 0.0,
          "conditions_max": 0.0
        }
      }
    }
  ],
  "metrics": {
    "nargs": {
      "total_functions": 0.0,
      "total_closures": 1.0,
      "average_functions": 0.0,
      "average_closures": 0.5,
      "total": 1.0,
      "average": 0.5,
      "functions_min": 0.0,
      "functions_max": 0.0,
      "closures_min": 0.0,
      "closures_max": 1.0
    },
    "nexits": {
      "sum": 0.0,
      "average": 0.0,
      "min": 0.0,
      "max": 0.0
    },
    "cognitive": {
      "sum": 3.0,
      "average": 1.5,
      "min": 0.0,
      "max": 2.0
    },
    "cyclomatic": {
      "sum": 6.0,
      "average": 2.0,
      "min": 1.0,
      "max": 3.0
    },
    "halstead": {
      "n1": 14.0,
      "N1": 144.0,
      "n2": 75.0,
      "N2": 114.0,
      "length": 258.0,
      "estimated_program_length": 520.4643706959974,
      "purity_ratio": 2.017303762387587,
      "vocabulary": 89.0,
      "volume": 1670.7392251893307,
      "difficulty": 10.64,
      "level": 0.09398496240601503,
      "effort": 17776.66535601448,
      "time": 987.5925197785823,
      "bugs": 0.2270451747664543
    },
    "loc": {
      "sloc": 96.0,
      "ploc": 50.0,
      "lloc": 17.0,
      "cloc": 30.0,
      "blank": 17.0,
      "sloc_average": 32.0,
      "ploc_average": 16.666666666666668,
      "lloc_average": 5.666666666666667,
      "cloc_average": 10.0,
      "blank_average": 5.666666666666667,
      "sloc_min": 7.0,
      "sloc_max": 9.0,
      "cloc_min": 2.0,
      "cloc_max": 2.0,
      "ploc_min": 4.0,
      "ploc_max": 6.0,
      "lloc_min": 3.0,
      "lloc_max": 5.0,
      "blank_min": 1.0,
      "blank_max": 1.0
    },
    "nom": {
      "functions": 0.0,
      "closures": 2.0,
      "functions_average": 0.0,
      "closures_average": 0.6666666666666666,
      "total": 2.0,
      "average": 0.6666666666666666,
      "functions_min": 0.0,
      "functions_max": 0.0,
      "closures_min": 0.0,
      "closures_max": 1.0
    },
    "mi": {
      "mi_original": 57.08824772034299,
      "mi_sei": 45.358998114407996,
      "mi_visual_studio": 33.38494018733508
    },
    "abc": {
      "assignments": 0.0,
      "branches": 0.0,
      "conditions": 0.0,
      "magnitude": 0.0,
      "assignments_average": 0.0,
      "branches_average": 0.0,
      "conditions_average": 0.0,
      "assignments_min": 0.0,
      "assignments_max": 0.0,
      "branches_min": 0.0,
      "branches_max": 0.0,
      "conditions_min": 0.0,
      "conditions_max": 0.0
    }
  }
}
